<?xml version="1.0" encoding="ISO-8859-1" ?>
<link_info>
   <banner>TI ARM Linker PC v20.2.7.LTS</banner>
   <copyright>Copyright (c) 1996-2018 Texas Instruments Incorporated</copyright>
   <link_time>0x65d778b4</link_time>
   <link_errors>0x0</link_errors>
   <output_file>FreeRTOS_Serial.out</output_file>
   <entry_point>
      <name>_c_int00_noargs</name>
      <address>0x2c7d</address>
   </entry_point>
   <input_file_list>
      <input_file id="fl-2">
         <path>.\</path>
         <kind>object</kind>
         <file>hello_task.obj</file>
         <name>hello_task.obj</name>
      </input_file>
      <input_file id="fl-3">
         <path>.\</path>
         <kind>object</kind>
         <file>main.obj</file>
         <name>main.obj</name>
      </input_file>
      <input_file id="fl-4">
         <path>.\</path>
         <kind>object</kind>
         <file>tm4c123gh6pm_startup_ccs.obj</file>
         <name>tm4c123gh6pm_startup_ccs.obj</name>
      </input_file>
      <input_file id="fl-5">
         <path>.\Source\</path>
         <kind>object</kind>
         <file>croutine.obj</file>
         <name>croutine.obj</name>
      </input_file>
      <input_file id="fl-6">
         <path>.\Source\</path>
         <kind>object</kind>
         <file>list.obj</file>
         <name>list.obj</name>
      </input_file>
      <input_file id="fl-7">
         <path>.\Source\</path>
         <kind>object</kind>
         <file>queue.obj</file>
         <name>queue.obj</name>
      </input_file>
      <input_file id="fl-8">
         <path>.\Source\</path>
         <kind>object</kind>
         <file>tasks.obj</file>
         <name>tasks.obj</name>
      </input_file>
      <input_file id="fl-9">
         <path>.\Source\</path>
         <kind>object</kind>
         <file>timers.obj</file>
         <name>timers.obj</name>
      </input_file>
      <input_file id="fl-a">
         <path>.\Source\portable\CCS\ARM_CM4F\</path>
         <kind>object</kind>
         <file>port.obj</file>
         <name>port.obj</name>
      </input_file>
      <input_file id="fl-b">
         <path>.\Source\portable\CCS\ARM_CM4F\</path>
         <kind>object</kind>
         <file>portasm.obj</file>
         <name>portasm.obj</name>
      </input_file>
      <input_file id="fl-c">
         <path>.\Source\portable\MemMang\</path>
         <kind>object</kind>
         <file>heap_2.obj</file>
         <name>heap_2.obj</name>
      </input_file>
      <input_file id="fl-d">
         <path>.\drivers\</path>
         <kind>object</kind>
         <file>rtos_hw_drivers.obj</file>
         <name>rtos_hw_drivers.obj</name>
      </input_file>
      <input_file id="fl-e">
         <path>.\utils\</path>
         <kind>object</kind>
         <file>uartstdio.obj</file>
         <name>uartstdio.obj</name>
      </input_file>
      <input_file id="fl-f">
         <path>.\utils\</path>
         <kind>object</kind>
         <file>ustdlib.obj</file>
         <name>ustdlib.obj</name>
      </input_file>
      <input_file id="fl-14">
         <kind>object</kind>
         <file>&lt;internal&gt;</file>
         <name>&lt;internal&gt;</name>
      </input_file>
      <input_file id="fl-ca">
         <path>C:\ti\ccs1260\ccs\tools\compiler\ti-cgt-arm_20.2.7.LTS\lib\</path>
         <kind>archive</kind>
         <file>rtsv7M4_T_le_v4SPD16_eabi.lib</file>
         <name>memcpy_t2.asm.obj</name>
      </input_file>
      <input_file id="fl-cb">
         <path>C:\ti\ccs1260\ccs\tools\compiler\ti-cgt-arm_20.2.7.LTS\lib\</path>
         <kind>archive</kind>
         <file>rtsv7M4_T_le_v4SPD16_eabi.lib</file>
         <name>memset_t2.asm.obj</name>
      </input_file>
      <input_file id="fl-cc">
         <path>C:\ti\ccs1260\ccs\tools\compiler\ti-cgt-arm_20.2.7.LTS\lib\</path>
         <kind>archive</kind>
         <file>rtsv7M4_T_le_v4SPD16_eabi.lib</file>
         <name>u_divt2.asm.obj</name>
      </input_file>
      <input_file id="fl-cd">
         <path>C:\ti\ccs1260\ccs\tools\compiler\ti-cgt-arm_20.2.7.LTS\lib\</path>
         <kind>archive</kind>
         <file>rtsv7M4_T_le_v4SPD16_eabi.lib</file>
         <name>copy_zero_init.c.obj</name>
      </input_file>
      <input_file id="fl-ce">
         <path>C:\ti\ccs1260\ccs\tools\compiler\ti-cgt-arm_20.2.7.LTS\lib\</path>
         <kind>archive</kind>
         <file>rtsv7M4_T_le_v4SPD16_eabi.lib</file>
         <name>copy_decompress_none.c.obj</name>
      </input_file>
      <input_file id="fl-cf">
         <path>C:\ti\ccs1260\ccs\tools\compiler\ti-cgt-arm_20.2.7.LTS\lib\</path>
         <kind>archive</kind>
         <file>rtsv7M4_T_le_v4SPD16_eabi.lib</file>
         <name>copy_decompress_lzss.c.obj</name>
      </input_file>
      <input_file id="fl-d0">
         <path>C:\ti\ccs1260\ccs\tools\compiler\ti-cgt-arm_20.2.7.LTS\lib\</path>
         <kind>archive</kind>
         <file>rtsv7M4_T_le_v4SPD16_eabi.lib</file>
         <name>boot_cortex_m.c.obj</name>
      </input_file>
      <input_file id="fl-d1">
         <path>C:\ti\ccs1260\ccs\tools\compiler\ti-cgt-arm_20.2.7.LTS\lib\</path>
         <kind>archive</kind>
         <file>rtsv7M4_T_le_v4SPD16_eabi.lib</file>
         <name>div0.asm.obj</name>
      </input_file>
      <input_file id="fl-d2">
         <path>C:\ti\ccs1260\ccs\tools\compiler\ti-cgt-arm_20.2.7.LTS\lib\</path>
         <kind>archive</kind>
         <file>rtsv7M4_T_le_v4SPD16_eabi.lib</file>
         <name>autoinit.c.obj</name>
      </input_file>
      <input_file id="fl-d3">
         <path>C:\ti\ccs1260\ccs\tools\compiler\ti-cgt-arm_20.2.7.LTS\lib\</path>
         <kind>archive</kind>
         <file>rtsv7M4_T_le_v4SPD16_eabi.lib</file>
         <name>pre_init.c.obj</name>
      </input_file>
      <input_file id="fl-d4">
         <path>C:\ti\ccs1260\ccs\tools\compiler\ti-cgt-arm_20.2.7.LTS\lib\</path>
         <kind>archive</kind>
         <file>rtsv7M4_T_le_v4SPD16_eabi.lib</file>
         <name>cpy_tbl.c.obj</name>
      </input_file>
      <input_file id="fl-d5">
         <path>C:\ti\ccs1260\ccs\tools\compiler\ti-cgt-arm_20.2.7.LTS\lib\</path>
         <kind>archive</kind>
         <file>rtsv7M4_T_le_v4SPD16_eabi.lib</file>
         <name>exit.c.obj</name>
      </input_file>
      <input_file id="fl-d6">
         <path>C:\ti\ccs1260\ccs\tools\compiler\ti-cgt-arm_20.2.7.LTS\lib\</path>
         <kind>archive</kind>
         <file>rtsv7M4_T_le_v4SPD16_eabi.lib</file>
         <name>_lock.c.obj</name>
      </input_file>
      <input_file id="fl-d7">
         <path>C:\ti\ccs1260\ccs\tools\compiler\ti-cgt-arm_20.2.7.LTS\lib\</path>
         <kind>archive</kind>
         <file>rtsv7M4_T_le_v4SPD16_eabi.lib</file>
         <name>args_main.c.obj</name>
      </input_file>
      <input_file id="fl-d8">
         <path>C:\ti\TivaWare_C_Series-2.2.0.295\driverlib\ccs\Debug\</path>
         <kind>archive</kind>
         <file>driverlib.lib</file>
         <name>gpio.obj</name>
      </input_file>
      <input_file id="fl-d9">
         <path>C:\ti\TivaWare_C_Series-2.2.0.295\driverlib\ccs\Debug\</path>
         <kind>archive</kind>
         <file>driverlib.lib</file>
         <name>interrupt.obj</name>
      </input_file>
      <input_file id="fl-da">
         <path>C:\ti\TivaWare_C_Series-2.2.0.295\driverlib\ccs\Debug\</path>
         <kind>archive</kind>
         <file>driverlib.lib</file>
         <name>sysctl.obj</name>
      </input_file>
      <input_file id="fl-db">
         <path>C:\ti\TivaWare_C_Series-2.2.0.295\driverlib\ccs\Debug\</path>
         <kind>archive</kind>
         <file>driverlib.lib</file>
         <name>uart.obj</name>
      </input_file>
      <input_file id="fl-dc">
         <path>C:\ti\TivaWare_C_Series-2.2.0.295\driverlib\ccs\Debug\</path>
         <kind>archive</kind>
         <file>driverlib.lib</file>
         <name>cpu.obj</name>
      </input_file>
   </input_file_list>
   <object_component_list>
      <object_component id="oc-12">
         <name>.intvecs</name>
         <load_address>0x0</load_address>
         <run_address>0x0</run_address>
         <size>0x26c</size>
         <input_file_ref idref="fl-4"/>
      </object_component>
      <object_component id="oc-7f">
         <name>.text</name>
         <load_address>0x26c</load_address>
         <run_address>0x26c</run_address>
         <size>0x176c</size>
         <input_file_ref idref="fl-8"/>
      </object_component>
      <object_component id="oc-142">
         <name>.text</name>
         <load_address>0x19d8</load_address>
         <run_address>0x19d8</run_address>
         <size>0x4e8</size>
         <input_file_ref idref="fl-e"/>
      </object_component>
      <object_component id="oc-14e">
         <name>.text</name>
         <load_address>0x1ec0</load_address>
         <run_address>0x1ec0</run_address>
         <size>0x2b8</size>
         <input_file_ref idref="fl-d"/>
      </object_component>
      <object_component id="oc-ee">
         <name>.text</name>
         <load_address>0x2178</load_address>
         <run_address>0x2178</run_address>
         <size>0x1b8</size>
         <input_file_ref idref="fl-c"/>
      </object_component>
      <object_component id="oc-1ea">
         <name>.text:GPIOPadConfigSet</name>
         <load_address>0x2330</load_address>
         <run_address>0x2330</run_address>
         <size>0x16c</size>
         <input_file_ref idref="fl-d8"/>
      </object_component>
      <object_component id="oc-d9">
         <name>.text</name>
         <load_address>0x249c</load_address>
         <run_address>0x249c</run_address>
         <size>0x12a</size>
         <input_file_ref idref="fl-6"/>
      </object_component>
      <object_component id="oc-275">
         <name>.text</name>
         <load_address>0x25c6</load_address>
         <run_address>0x25c6</run_address>
         <size>0x2</size>
         <input_file_ref idref="fl-d1"/>
      </object_component>
      <object_component id="oc-32">
         <name>.text</name>
         <load_address>0x25c8</load_address>
         <run_address>0x25c8</run_address>
         <size>0x128</size>
         <input_file_ref idref="fl-a"/>
      </object_component>
      <object_component id="oc-148">
         <name>.text:SysCtlClockSet</name>
         <load_address>0x26f0</load_address>
         <run_address>0x26f0</run_address>
         <size>0xf4</size>
         <input_file_ref idref="fl-da"/>
      </object_component>
      <object_component id="oc-2d">
         <name>.text</name>
         <load_address>0x27e4</load_address>
         <run_address>0x27e4</run_address>
         <size>0xd2</size>
         <input_file_ref idref="fl-b"/>
      </object_component>
      <object_component id="oc-124">
         <name>.text</name>
         <load_address>0x28b8</load_address>
         <run_address>0x28b8</run_address>
         <size>0xac</size>
         <input_file_ref idref="fl-2"/>
      </object_component>
      <object_component id="oc-46">
         <name>.text</name>
         <load_address>0x2964</load_address>
         <run_address>0x2964</run_address>
         <size>0x9c</size>
         <input_file_ref idref="fl-ca"/>
      </object_component>
      <object_component id="oc-c2">
         <name>.text</name>
         <load_address>0x2a00</load_address>
         <run_address>0x2a00</run_address>
         <size>0x94</size>
         <input_file_ref idref="fl-3"/>
      </object_component>
      <object_component id="oc-b6">
         <name>.text</name>
         <load_address>0x2a94</load_address>
         <run_address>0x2a94</run_address>
         <size>0x7a</size>
         <input_file_ref idref="fl-cb"/>
      </object_component>
      <object_component id="oc-15">
         <name>.text:decompress:lzss:__TI_decompress_lzss</name>
         <load_address>0x2b0e</load_address>
         <run_address>0x2b0e</run_address>
         <size>0x68</size>
         <input_file_ref idref="fl-cf"/>
      </object_component>
      <object_component id="oc-130">
         <name>.text:GPIOPinConfigure</name>
         <load_address>0x2b78</load_address>
         <run_address>0x2b78</run_address>
         <size>0x4c</size>
         <input_file_ref idref="fl-d8"/>
      </object_component>
      <object_component id="oc-172">
         <name>.text:__TI_auto_init_nobinit_nopinit:__TI_auto_init_nobinit_nopinit</name>
         <load_address>0x2bc4</load_address>
         <run_address>0x2bc4</run_address>
         <size>0x44</size>
         <input_file_ref idref="fl-d2"/>
      </object_component>
      <object_component id="oc-1fa">
         <name>.text</name>
         <load_address>0x2c08</load_address>
         <run_address>0x2c08</run_address>
         <size>0x40</size>
         <input_file_ref idref="fl-cc"/>
      </object_component>
      <object_component id="oc-12a">
         <name>.text:SysCtlPeripheralEnable</name>
         <load_address>0x2c48</load_address>
         <run_address>0x2c48</run_address>
         <size>0x34</size>
         <input_file_ref idref="fl-da"/>
      </object_component>
      <object_component id="oc-64">
         <name>.text:_c_int00_noargs:_c_int00_noargs</name>
         <load_address>0x2c7c</load_address>
         <run_address>0x2c7c</run_address>
         <size>0x34</size>
         <input_file_ref idref="fl-d0"/>
      </object_component>
      <object_component id="oc-1e4">
         <name>.text:GPIODirModeSet</name>
         <load_address>0x2cb0</load_address>
         <run_address>0x2cb0</run_address>
         <size>0x2c</size>
         <input_file_ref idref="fl-d8"/>
      </object_component>
      <object_component id="oc-20b">
         <name>.text:GPIOUnlockPin</name>
         <load_address>0x2cdc</load_address>
         <run_address>0x2cdc</run_address>
         <size>0x18</size>
         <input_file_ref idref="fl-d8"/>
      </object_component>
      <object_component id="oc-13c">
         <name>.text:GPIOPinTypeUART</name>
         <load_address>0x2cf4</load_address>
         <run_address>0x2cf4</run_address>
         <size>0x16</size>
         <input_file_ref idref="fl-d8"/>
      </object_component>
      <object_component id="oc-154">
         <name>.text:IntMasterDisable</name>
         <load_address>0x2d0a</load_address>
         <run_address>0x2d0a</run_address>
         <size>0x10</size>
         <input_file_ref idref="fl-d9"/>
      </object_component>
      <object_component id="oc-1b">
         <name>.text:decompress:none:__TI_decompress_none</name>
         <load_address>0x2d1a</load_address>
         <run_address>0x2d1a</run_address>
         <size>0xe</size>
         <input_file_ref idref="fl-ce"/>
      </object_component>
      <object_component id="oc-216">
         <name>.text:CPUcpsid</name>
         <load_address>0x2d28</load_address>
         <run_address>0x2d28</run_address>
         <size>0xc</size>
         <input_file_ref idref="fl-dc"/>
      </object_component>
      <object_component id="oc-58">
         <name>.text:decompress:ZI:__TI_zero_init</name>
         <load_address>0x2d34</load_address>
         <run_address>0x2d34</run_address>
         <size>0xc</size>
         <input_file_ref idref="fl-cd"/>
      </object_component>
      <object_component id="oc-27">
         <name>.text</name>
         <load_address>0x2d40</load_address>
         <run_address>0x2d40</run_address>
         <size>0xc</size>
         <input_file_ref idref="fl-4"/>
      </object_component>
      <object_component id="oc-209">
         <name>.text:SysCtlDelay</name>
         <load_address>0x2d4c</load_address>
         <run_address>0x2d4c</run_address>
         <size>0x6</size>
         <input_file_ref idref="fl-da"/>
      </object_component>
      <object_component id="oc-136">
         <name>.text:UARTClockSourceSet</name>
         <load_address>0x2d52</load_address>
         <run_address>0x2d52</run_address>
         <size>0x6</size>
         <input_file_ref idref="fl-db"/>
      </object_component>
      <object_component id="oc-bc">
         <name>.text:_system_pre_init</name>
         <load_address>0x2d58</load_address>
         <run_address>0x2d58</run_address>
         <size>0x4</size>
         <input_file_ref idref="fl-d3"/>
      </object_component>
      <object_component id="oc-166">
         <name>.text:abort:abort</name>
         <load_address>0x2d5c</load_address>
         <run_address>0x2d5c</run_address>
         <size>0x4</size>
         <input_file_ref idref="fl-d5"/>
      </object_component>
      <object_component id="oc-1dd">
         <name>.const:g_pui32GPIOBaseAddrs</name>
         <load_address>0x2d60</load_address>
         <run_address>0x2d60</run_address>
         <size>0x90</size>
         <input_file_ref idref="fl-d8"/>
      </object_component>
      <object_component id="oc-27b">
         <name>.const:.string</name>
         <load_address>0x2df0</load_address>
         <run_address>0x2df0</run_address>
         <size>0x12</size>
         <input_file_ref idref="fl-e"/>
      </object_component>
      <object_component id="oc-1f7">
         <name>.const:g_ui32UARTBase</name>
         <load_address>0x2e04</load_address>
         <run_address>0x2e04</run_address>
         <size>0xc</size>
         <input_file_ref idref="fl-e"/>
      </object_component>
      <object_component id="oc-1f1">
         <name>.const:g_ui32UARTPeriph</name>
         <load_address>0x2e10</load_address>
         <run_address>0x2e10</run_address>
         <size>0xc</size>
         <input_file_ref idref="fl-e"/>
      </object_component>
      <object_component id="oc-7c">
         <name>.const</name>
         <load_address>0x2e1c</load_address>
         <run_address>0x2e1c</run_address>
         <size>0x4</size>
         <input_file_ref idref="fl-a"/>
      </object_component>
      <object_component id="oc-1ff">
         <name>.const</name>
         <load_address>0x2e20</load_address>
         <run_address>0x2e20</run_address>
         <size>0x4</size>
         <input_file_ref idref="fl-e"/>
      </object_component>
      <object_component id="oc-2ee">
         <name>.cinit..data.load</name>
         <load_address>0x2e28</load_address>
         <run_address>0x2e28</run_address>
         <size>0x13</size>
      </object_component>
      <object_component id="oc-2ec">
         <name>__TI_handler_table</name>
         <load_address>0x2e3c</load_address>
         <run_address>0x2e3c</run_address>
         <size>0xc</size>
      </object_component>
      <object_component id="oc-2ef">
         <name>.cinit..bss.load</name>
         <load_address>0x2e48</load_address>
         <run_address>0x2e48</run_address>
         <size>0x8</size>
      </object_component>
      <object_component id="oc-2ed">
         <name>__TI_cinit_table</name>
         <load_address>0x2e50</load_address>
         <run_address>0x2e50</run_address>
         <size>0x10</size>
      </object_component>
      <object_component id="oc-79">
         <name>.data</name>
         <load_address>0x200052d0</load_address>
         <run_address>0x200052d0</run_address>
         <size>0x30</size>
         <input_file_ref idref="fl-8"/>
      </object_component>
      <object_component id="oc-86">
         <name>.data</name>
         <load_address>0x20005310</load_address>
         <run_address>0x20005310</run_address>
         <size>0x4</size>
         <input_file_ref idref="fl-a"/>
      </object_component>
      <object_component id="oc-1c1">
         <name>.data</name>
         <load_address>0x20005300</load_address>
         <run_address>0x20005300</run_address>
         <size>0x8</size>
         <input_file_ref idref="fl-c"/>
      </object_component>
      <object_component id="oc-211">
         <name>.data</name>
         <load_address>0x2000530d</load_address>
         <run_address>0x2000530d</run_address>
         <size>0x3</size>
         <input_file_ref idref="fl-d"/>
      </object_component>
      <object_component id="oc-1f4">
         <name>.data</name>
         <load_address>0x20005308</load_address>
         <run_address>0x20005308</run_address>
         <size>0x5</size>
         <input_file_ref idref="fl-e"/>
      </object_component>
      <object_component id="oc-df">
         <name>.bss:pxReadyTasksLists</name>
         <uninitialized>true</uninitialized>
         <run_address>0x20004f10</run_address>
         <size>0x140</size>
         <input_file_ref idref="fl-8"/>
      </object_component>
      <object_component id="oc-f4">
         <name>.bss:xDelayedTaskList1</name>
         <uninitialized>true</uninitialized>
         <run_address>0x20005050</run_address>
         <size>0x14</size>
         <input_file_ref idref="fl-8"/>
      </object_component>
      <object_component id="oc-f7">
         <name>.bss:xDelayedTaskList2</name>
         <uninitialized>true</uninitialized>
         <run_address>0x20005064</run_address>
         <size>0x14</size>
         <input_file_ref idref="fl-8"/>
      </object_component>
      <object_component id="oc-eb">
         <name>.bss</name>
         <uninitialized>true</uninitialized>
         <run_address>0x200050b4</run_address>
         <size>0x8</size>
         <input_file_ref idref="fl-8"/>
      </object_component>
      <object_component id="oc-e8">
         <name>.bss:xPendingReadyList</name>
         <uninitialized>true</uninitialized>
         <run_address>0x20005078</run_address>
         <size>0x14</size>
         <input_file_ref idref="fl-8"/>
      </object_component>
      <object_component id="oc-e2">
         <name>.bss:xTasksWaitingTermination</name>
         <uninitialized>true</uninitialized>
         <run_address>0x200050a0</run_address>
         <size>0x14</size>
         <input_file_ref idref="fl-8"/>
      </object_component>
      <object_component id="oc-e5">
         <name>.bss:xSuspendedTaskList</name>
         <uninitialized>true</uninitialized>
         <run_address>0x2000508c</run_address>
         <size>0x14</size>
         <input_file_ref idref="fl-8"/>
      </object_component>
      <object_component id="oc-1ca">
         <name>.bss:ucHeap</name>
         <uninitialized>true</uninitialized>
         <run_address>0x20000000</run_address>
         <size>0x4f10</size>
         <input_file_ref idref="fl-c"/>
      </object_component>
      <object_component id="oc-1c4">
         <name>.bss:xStart</name>
         <uninitialized>true</uninitialized>
         <run_address>0x200050c4</run_address>
         <size>0x8</size>
         <input_file_ref idref="fl-c"/>
      </object_component>
      <object_component id="oc-1c7">
         <name>.bss:xEnd</name>
         <uninitialized>true</uninitialized>
         <run_address>0x200050bc</run_address>
         <size>0x8</size>
         <input_file_ref idref="fl-c"/>
      </object_component>
      <object_component id="oc-24">
         <name>.stack</name>
         <uninitialized>true</uninitialized>
         <run_address>0x200050d0</run_address>
         <size>0x4</size>
         <input_file_ref idref="fl-d0"/>
      </object_component>
      <object_component id="oc-2f1">
         <name>.stack</name>
         <uninitialized>true</uninitialized>
         <run_address>0x200050d0</run_address>
         <size>0x0</size>
      </object_component>
      <object_component id="oc-10e">
         <name>.debug_info</name>
         <load_address>0x0</load_address>
         <run_address>0x0</run_address>
         <size>0x3cd</size>
         <input_file_ref idref="fl-2"/>
      </object_component>
      <object_component id="oc-126">
         <name>.debug_info</name>
         <load_address>0x3cd</load_address>
         <run_address>0x3cd</run_address>
         <size>0x288</size>
         <input_file_ref idref="fl-2"/>
      </object_component>
      <object_component id="oc-fb">
         <name>.debug_info</name>
         <load_address>0x655</load_address>
         <run_address>0x655</run_address>
         <size>0x2ef</size>
         <input_file_ref idref="fl-2"/>
      </object_component>
      <object_component id="oc-97">
         <name>.debug_info</name>
         <load_address>0x944</load_address>
         <run_address>0x944</run_address>
         <size>0x26b</size>
         <input_file_ref idref="fl-2"/>
      </object_component>
      <object_component id="oc-41">
         <name>.debug_info</name>
         <load_address>0xbaf</load_address>
         <run_address>0xbaf</run_address>
         <size>0x84</size>
         <input_file_ref idref="fl-2"/>
      </object_component>
      <object_component id="oc-8b">
         <name>.debug_info</name>
         <load_address>0xc33</load_address>
         <run_address>0xc33</run_address>
         <size>0x2c</size>
         <input_file_ref idref="fl-2"/>
      </object_component>
      <object_component id="oc-10f">
         <name>.debug_info</name>
         <load_address>0xc5f</load_address>
         <run_address>0xc5f</run_address>
         <size>0x2a4</size>
         <input_file_ref idref="fl-2"/>
      </object_component>
      <object_component id="oc-9c">
         <name>.debug_info</name>
         <load_address>0xf03</load_address>
         <run_address>0xf03</run_address>
         <size>0xbb</size>
         <input_file_ref idref="fl-2"/>
      </object_component>
      <object_component id="oc-90">
         <name>.debug_info</name>
         <load_address>0xfbe</load_address>
         <run_address>0xfbe</run_address>
         <size>0x53</size>
         <input_file_ref idref="fl-2"/>
      </object_component>
      <object_component id="oc-161">
         <name>.debug_info</name>
         <load_address>0x1011</load_address>
         <run_address>0x1011</run_address>
         <size>0xcc</size>
         <input_file_ref idref="fl-2"/>
      </object_component>
      <object_component id="oc-204">
         <name>.debug_info</name>
         <load_address>0x10dd</load_address>
         <run_address>0x10dd</run_address>
         <size>0x2c</size>
         <input_file_ref idref="fl-2"/>
      </object_component>
      <object_component id="oc-109">
         <name>.debug_info</name>
         <load_address>0x1109</load_address>
         <run_address>0x1109</run_address>
         <size>0x14c</size>
         <input_file_ref idref="fl-2"/>
      </object_component>
      <object_component id="oc-160">
         <name>.debug_info</name>
         <load_address>0x1255</load_address>
         <run_address>0x1255</run_address>
         <size>0x4ae</size>
         <input_file_ref idref="fl-3"/>
      </object_component>
      <object_component id="oc-c3">
         <name>.debug_info</name>
         <load_address>0x1703</load_address>
         <run_address>0x1703</run_address>
         <size>0x4f9</size>
         <input_file_ref idref="fl-3"/>
      </object_component>
      <object_component id="oc-15b">
         <name>.debug_info</name>
         <load_address>0x1bfc</load_address>
         <run_address>0x1bfc</run_address>
         <size>0x8b</size>
         <input_file_ref idref="fl-3"/>
      </object_component>
      <object_component id="oc-3a">
         <name>.debug_info</name>
         <load_address>0x1c87</load_address>
         <run_address>0x1c87</run_address>
         <size>0x331</size>
         <input_file_ref idref="fl-4"/>
      </object_component>
      <object_component id="oc-13">
         <name>.debug_info</name>
         <load_address>0x1fb8</load_address>
         <run_address>0x1fb8</run_address>
         <size>0xf0</size>
         <input_file_ref idref="fl-4"/>
      </object_component>
      <object_component id="oc-2b">
         <name>.debug_info</name>
         <load_address>0x20a8</load_address>
         <run_address>0x20a8</run_address>
         <size>0x26d</size>
         <input_file_ref idref="fl-4"/>
      </object_component>
      <object_component id="oc-1b6">
         <name>.debug_info</name>
         <load_address>0x2315</load_address>
         <run_address>0x2315</run_address>
         <size>0x2cd</size>
         <input_file_ref idref="fl-6"/>
      </object_component>
      <object_component id="oc-da">
         <name>.debug_info</name>
         <load_address>0x25e2</load_address>
         <run_address>0x25e2</run_address>
         <size>0x496</size>
         <input_file_ref idref="fl-6"/>
      </object_component>
      <object_component id="oc-1b0">
         <name>.debug_info</name>
         <load_address>0x2a78</load_address>
         <run_address>0x2a78</run_address>
         <size>0x110</size>
         <input_file_ref idref="fl-6"/>
      </object_component>
      <object_component id="oc-23f">
         <name>.debug_info</name>
         <load_address>0x2b88</load_address>
         <run_address>0x2b88</run_address>
         <size>0x71e</size>
         <input_file_ref idref="fl-7"/>
      </object_component>
      <object_component id="oc-2a9">
         <name>.debug_info</name>
         <load_address>0x32a6</load_address>
         <run_address>0x32a6</run_address>
         <size>0x1cd</size>
         <input_file_ref idref="fl-7"/>
      </object_component>
      <object_component id="oc-2ae">
         <name>.debug_info</name>
         <load_address>0x3473</load_address>
         <run_address>0x3473</run_address>
         <size>0x46</size>
         <input_file_ref idref="fl-7"/>
      </object_component>
      <object_component id="oc-1ab">
         <name>.debug_info</name>
         <load_address>0x34b9</load_address>
         <run_address>0x34b9</run_address>
         <size>0x35</size>
         <input_file_ref idref="fl-7"/>
      </object_component>
      <object_component id="oc-d6">
         <name>.debug_info</name>
         <load_address>0x34ee</load_address>
         <run_address>0x34ee</run_address>
         <size>0x737</size>
         <input_file_ref idref="fl-8"/>
      </object_component>
      <object_component id="oc-7a">
         <name>.debug_info</name>
         <load_address>0x3c25</load_address>
         <run_address>0x3c25</run_address>
         <size>0x2f1</size>
         <input_file_ref idref="fl-8"/>
      </object_component>
      <object_component id="oc-e0">
         <name>.debug_info</name>
         <load_address>0x3f16</load_address>
         <run_address>0x3f16</run_address>
         <size>0xed</size>
         <input_file_ref idref="fl-8"/>
      </object_component>
      <object_component id="oc-f5">
         <name>.debug_info</name>
         <load_address>0x4003</load_address>
         <run_address>0x4003</run_address>
         <size>0xed</size>
         <input_file_ref idref="fl-8"/>
      </object_component>
      <object_component id="oc-f8">
         <name>.debug_info</name>
         <load_address>0x40f0</load_address>
         <run_address>0x40f0</run_address>
         <size>0xed</size>
         <input_file_ref idref="fl-8"/>
      </object_component>
      <object_component id="oc-ec">
         <name>.debug_info</name>
         <load_address>0x41dd</load_address>
         <run_address>0x41dd</run_address>
         <size>0x12f</size>
         <input_file_ref idref="fl-8"/>
      </object_component>
      <object_component id="oc-e9">
         <name>.debug_info</name>
         <load_address>0x430c</load_address>
         <run_address>0x430c</run_address>
         <size>0xed</size>
         <input_file_ref idref="fl-8"/>
      </object_component>
      <object_component id="oc-e3">
         <name>.debug_info</name>
         <load_address>0x43f9</load_address>
         <run_address>0x43f9</run_address>
         <size>0xfb</size>
         <input_file_ref idref="fl-8"/>
      </object_component>
      <object_component id="oc-e6">
         <name>.debug_info</name>
         <load_address>0x44f4</load_address>
         <run_address>0x44f4</run_address>
         <size>0xef</size>
         <input_file_ref idref="fl-8"/>
      </object_component>
      <object_component id="oc-80">
         <name>.debug_info</name>
         <load_address>0x45e3</load_address>
         <run_address>0x45e3</run_address>
         <size>0x4205</size>
         <input_file_ref idref="fl-8"/>
      </object_component>
      <object_component id="oc-100">
         <name>.debug_info</name>
         <load_address>0x87e8</load_address>
         <run_address>0x87e8</run_address>
         <size>0x169</size>
         <input_file_ref idref="fl-8"/>
      </object_component>
      <object_component id="oc-1a6">
         <name>.debug_info</name>
         <load_address>0x8951</load_address>
         <run_address>0x8951</run_address>
         <size>0x46</size>
         <input_file_ref idref="fl-8"/>
      </object_component>
      <object_component id="oc-8a">
         <name>.debug_info</name>
         <load_address>0x8997</load_address>
         <run_address>0x8997</run_address>
         <size>0x362</size>
         <input_file_ref idref="fl-a"/>
      </object_component>
      <object_component id="oc-7d">
         <name>.debug_info</name>
         <load_address>0x8cf9</load_address>
         <run_address>0x8cf9</run_address>
         <size>0x11b</size>
         <input_file_ref idref="fl-a"/>
      </object_component>
      <object_component id="oc-87">
         <name>.debug_info</name>
         <load_address>0x8e14</load_address>
         <run_address>0x8e14</run_address>
         <size>0x102</size>
         <input_file_ref idref="fl-a"/>
      </object_component>
      <object_component id="oc-35">
         <name>.debug_info</name>
         <load_address>0x8f16</load_address>
         <run_address>0x8f16</run_address>
         <size>0x695</size>
         <input_file_ref idref="fl-a"/>
      </object_component>
      <object_component id="oc-2f">
         <name>.debug_info</name>
         <load_address>0x95ab</load_address>
         <run_address>0x95ab</run_address>
         <size>0x250</size>
         <input_file_ref idref="fl-b"/>
      </object_component>
      <object_component id="oc-1ce">
         <name>.debug_info</name>
         <load_address>0x97fb</load_address>
         <run_address>0x97fb</run_address>
         <size>0x371</size>
         <input_file_ref idref="fl-c"/>
      </object_component>
      <object_component id="oc-1cb">
         <name>.debug_info</name>
         <load_address>0x9b6c</load_address>
         <run_address>0x9b6c</run_address>
         <size>0xe9</size>
         <input_file_ref idref="fl-c"/>
      </object_component>
      <object_component id="oc-1c5">
         <name>.debug_info</name>
         <load_address>0x9c55</load_address>
         <run_address>0x9c55</run_address>
         <size>0xe9</size>
         <input_file_ref idref="fl-c"/>
      </object_component>
      <object_component id="oc-1c8">
         <name>.debug_info</name>
         <load_address>0x9d3e</load_address>
         <run_address>0x9d3e</run_address>
         <size>0xe5</size>
         <input_file_ref idref="fl-c"/>
      </object_component>
      <object_component id="oc-1c2">
         <name>.debug_info</name>
         <load_address>0x9e23</load_address>
         <run_address>0x9e23</run_address>
         <size>0x103</size>
         <input_file_ref idref="fl-c"/>
      </object_component>
      <object_component id="oc-ef">
         <name>.debug_info</name>
         <load_address>0x9f26</load_address>
         <run_address>0x9f26</run_address>
         <size>0x658</size>
         <input_file_ref idref="fl-c"/>
      </object_component>
      <object_component id="oc-247">
         <name>.debug_info</name>
         <load_address>0xa57e</load_address>
         <run_address>0xa57e</run_address>
         <size>0x62</size>
         <input_file_ref idref="fl-c"/>
      </object_component>
      <object_component id="oc-215">
         <name>.debug_info</name>
         <load_address>0xa5e0</load_address>
         <run_address>0xa5e0</run_address>
         <size>0x2f0</size>
         <input_file_ref idref="fl-d"/>
      </object_component>
      <object_component id="oc-212">
         <name>.debug_info</name>
         <load_address>0xa8d0</load_address>
         <run_address>0xa8d0</run_address>
         <size>0xf8</size>
         <input_file_ref idref="fl-d"/>
      </object_component>
      <object_component id="oc-152">
         <name>.debug_info</name>
         <load_address>0xa9c8</load_address>
         <run_address>0xa9c8</run_address>
         <size>0x60c</size>
         <input_file_ref idref="fl-d"/>
      </object_component>
      <object_component id="oc-203">
         <name>.debug_info</name>
         <load_address>0xafd4</load_address>
         <run_address>0xafd4</run_address>
         <size>0x2a1</size>
         <input_file_ref idref="fl-e"/>
      </object_component>
      <object_component id="oc-1f5">
         <name>.debug_info</name>
         <load_address>0xb275</load_address>
         <run_address>0xb275</run_address>
         <size>0xe2</size>
         <input_file_ref idref="fl-e"/>
      </object_component>
      <object_component id="oc-200">
         <name>.debug_info</name>
         <load_address>0xb357</load_address>
         <run_address>0xb357</run_address>
         <size>0xdc</size>
         <input_file_ref idref="fl-e"/>
      </object_component>
      <object_component id="oc-1f8">
         <name>.debug_info</name>
         <load_address>0xb433</load_address>
         <run_address>0xb433</run_address>
         <size>0xea</size>
         <input_file_ref idref="fl-e"/>
      </object_component>
      <object_component id="oc-1f2">
         <name>.debug_info</name>
         <load_address>0xb51d</load_address>
         <run_address>0xb51d</run_address>
         <size>0xee</size>
         <input_file_ref idref="fl-e"/>
      </object_component>
      <object_component id="oc-143">
         <name>.debug_info</name>
         <load_address>0xb60b</load_address>
         <run_address>0xb60b</run_address>
         <size>0x752</size>
         <input_file_ref idref="fl-e"/>
      </object_component>
      <object_component id="oc-49">
         <name>.debug_info</name>
         <load_address>0xbd5d</load_address>
         <run_address>0xbd5d</run_address>
         <size>0x119</size>
         <input_file_ref idref="fl-ca"/>
      </object_component>
      <object_component id="oc-b7">
         <name>.debug_info</name>
         <load_address>0xbe76</load_address>
         <run_address>0xbe76</run_address>
         <size>0x147</size>
         <input_file_ref idref="fl-cb"/>
      </object_component>
      <object_component id="oc-1fc">
         <name>.debug_info</name>
         <load_address>0xbfbd</load_address>
         <run_address>0xbfbd</run_address>
         <size>0x142</size>
         <input_file_ref idref="fl-cc"/>
      </object_component>
      <object_component id="oc-b5">
         <name>.debug_info</name>
         <load_address>0xc0ff</load_address>
         <run_address>0xc0ff</run_address>
         <size>0x2d4</size>
         <input_file_ref idref="fl-cd"/>
      </object_component>
      <object_component id="oc-5b">
         <name>.debug_info</name>
         <load_address>0xc3d3</load_address>
         <run_address>0xc3d3</run_address>
         <size>0x1b5</size>
         <input_file_ref idref="fl-cd"/>
      </object_component>
      <object_component id="oc-b0">
         <name>.debug_info</name>
         <load_address>0xc588</load_address>
         <run_address>0xc588</run_address>
         <size>0x46</size>
         <input_file_ref idref="fl-cd"/>
      </object_component>
      <object_component id="oc-11b">
         <name>.debug_info</name>
         <load_address>0xc5ce</load_address>
         <run_address>0xc5ce</run_address>
         <size>0x2c</size>
         <input_file_ref idref="fl-cd"/>
      </object_component>
      <object_component id="oc-51">
         <name>.debug_info</name>
         <load_address>0xc5fa</load_address>
         <run_address>0xc5fa</run_address>
         <size>0x2a8</size>
         <input_file_ref idref="fl-ce"/>
      </object_component>
      <object_component id="oc-1c">
         <name>.debug_info</name>
         <load_address>0xc8a2</load_address>
         <run_address>0xc8a2</run_address>
         <size>0x1ea</size>
         <input_file_ref idref="fl-ce"/>
      </object_component>
      <object_component id="oc-4c">
         <name>.debug_info</name>
         <load_address>0xca8c</load_address>
         <run_address>0xca8c</run_address>
         <size>0x46</size>
         <input_file_ref idref="fl-ce"/>
      </object_component>
      <object_component id="oc-a8">
         <name>.debug_info</name>
         <load_address>0xcad2</load_address>
         <run_address>0xcad2</run_address>
         <size>0x2c</size>
         <input_file_ref idref="fl-ce"/>
      </object_component>
      <object_component id="oc-a6">
         <name>.debug_info</name>
         <load_address>0xcafe</load_address>
         <run_address>0xcafe</run_address>
         <size>0x29e</size>
         <input_file_ref idref="fl-cf"/>
      </object_component>
      <object_component id="oc-17">
         <name>.debug_info</name>
         <load_address>0xcd9c</load_address>
         <run_address>0xcd9c</run_address>
         <size>0x250</size>
         <input_file_ref idref="fl-cf"/>
      </object_component>
      <object_component id="oc-3c">
         <name>.debug_info</name>
         <load_address>0xcfec</load_address>
         <run_address>0xcfec</run_address>
         <size>0x60</size>
         <input_file_ref idref="fl-cf"/>
      </object_component>
      <object_component id="oc-114">
         <name>.debug_info</name>
         <load_address>0xd04c</load_address>
         <run_address>0xd04c</run_address>
         <size>0x46</size>
         <input_file_ref idref="fl-cf"/>
      </object_component>
      <object_component id="oc-a1">
         <name>.debug_info</name>
         <load_address>0xd092</load_address>
         <run_address>0xd092</run_address>
         <size>0x39</size>
         <input_file_ref idref="fl-cf"/>
      </object_component>
      <object_component id="oc-25">
         <name>.debug_info</name>
         <load_address>0xd0cb</load_address>
         <run_address>0xd0cb</run_address>
         <size>0x10b</size>
         <input_file_ref idref="fl-d0"/>
      </object_component>
      <object_component id="oc-68">
         <name>.debug_info</name>
         <load_address>0xd1d6</load_address>
         <run_address>0xd1d6</run_address>
         <size>0x1a9</size>
         <input_file_ref idref="fl-d0"/>
      </object_component>
      <object_component id="oc-276">
         <name>.debug_info</name>
         <load_address>0xd37f</load_address>
         <run_address>0xd37f</run_address>
         <size>0x115</size>
         <input_file_ref idref="fl-d1"/>
      </object_component>
      <object_component id="oc-22a">
         <name>.debug_info</name>
         <load_address>0xd494</load_address>
         <run_address>0xd494</run_address>
         <size>0x4b3</size>
         <input_file_ref idref="fl-d2"/>
      </object_component>
      <object_component id="oc-173">
         <name>.debug_info</name>
         <load_address>0xd947</load_address>
         <run_address>0xd947</run_address>
         <size>0x1a6</size>
         <input_file_ref idref="fl-d2"/>
      </object_component>
      <object_component id="oc-296">
         <name>.debug_info</name>
         <load_address>0xdaed</load_address>
         <run_address>0xdaed</run_address>
         <size>0x39</size>
         <input_file_ref idref="fl-d2"/>
      </object_component>
      <object_component id="oc-2b7">
         <name>.debug_info</name>
         <load_address>0xdb26</load_address>
         <run_address>0xdb26</run_address>
         <size>0x39</size>
         <input_file_ref idref="fl-d2"/>
      </object_component>
      <object_component id="oc-29b">
         <name>.debug_info</name>
         <load_address>0xdb5f</load_address>
         <run_address>0xdb5f</run_address>
         <size>0x39</size>
         <input_file_ref idref="fl-d2"/>
      </object_component>
      <object_component id="oc-2a0">
         <name>.debug_info</name>
         <load_address>0xdb98</load_address>
         <run_address>0xdb98</run_address>
         <size>0xcd</size>
         <input_file_ref idref="fl-d2"/>
      </object_component>
      <object_component id="oc-bf">
         <name>.debug_info</name>
         <load_address>0xdc65</load_address>
         <run_address>0xdc65</run_address>
         <size>0x153</size>
         <input_file_ref idref="fl-d3"/>
      </object_component>
      <object_component id="oc-16a">
         <name>.debug_info</name>
         <load_address>0xddb8</load_address>
         <run_address>0xddb8</run_address>
         <size>0x122</size>
         <input_file_ref idref="fl-d5"/>
      </object_component>
      <object_component id="oc-1e1">
         <name>.debug_info</name>
         <load_address>0xdeda</load_address>
         <run_address>0xdeda</run_address>
         <size>0x3e4</size>
         <input_file_ref idref="fl-d8"/>
      </object_component>
      <object_component id="oc-1de">
         <name>.debug_info</name>
         <load_address>0xe2be</load_address>
         <run_address>0xe2be</run_address>
         <size>0x164</size>
         <input_file_ref idref="fl-d8"/>
      </object_component>
      <object_component id="oc-20d">
         <name>.debug_info</name>
         <load_address>0xe422</load_address>
         <run_address>0xe422</run_address>
         <size>0x284</size>
         <input_file_ref idref="fl-d8"/>
      </object_component>
      <object_component id="oc-1e6">
         <name>.debug_info</name>
         <load_address>0xe6a6</load_address>
         <run_address>0xe6a6</run_address>
         <size>0x2bc</size>
         <input_file_ref idref="fl-d8"/>
      </object_component>
      <object_component id="oc-1ec">
         <name>.debug_info</name>
         <load_address>0xe962</load_address>
         <run_address>0xe962</run_address>
         <size>0x31f</size>
         <input_file_ref idref="fl-d8"/>
      </object_component>
      <object_component id="oc-13e">
         <name>.debug_info</name>
         <load_address>0xec81</load_address>
         <run_address>0xec81</run_address>
         <size>0x29b</size>
         <input_file_ref idref="fl-d8"/>
      </object_component>
      <object_component id="oc-132">
         <name>.debug_info</name>
         <load_address>0xef1c</load_address>
         <run_address>0xef1c</run_address>
         <size>0x289</size>
         <input_file_ref idref="fl-d8"/>
      </object_component>
      <object_component id="oc-262">
         <name>.debug_info</name>
         <load_address>0xf1a5</load_address>
         <run_address>0xf1a5</run_address>
         <size>0x26b</size>
         <input_file_ref idref="fl-d8"/>
      </object_component>
      <object_component id="oc-252">
         <name>.debug_info</name>
         <load_address>0xf410</load_address>
         <run_address>0xf410</run_address>
         <size>0x297</size>
         <input_file_ref idref="fl-d8"/>
      </object_component>
      <object_component id="oc-25d">
         <name>.debug_info</name>
         <load_address>0xf6a7</load_address>
         <run_address>0xf6a7</run_address>
         <size>0xef</size>
         <input_file_ref idref="fl-d8"/>
      </object_component>
      <object_component id="oc-1d7">
         <name>.debug_info</name>
         <load_address>0xf796</load_address>
         <run_address>0xf796</run_address>
         <size>0xbb</size>
         <input_file_ref idref="fl-d8"/>
      </object_component>
      <object_component id="oc-156">
         <name>.debug_info</name>
         <load_address>0xf851</load_address>
         <run_address>0xf851</run_address>
         <size>0x249</size>
         <input_file_ref idref="fl-d9"/>
      </object_component>
      <object_component id="oc-1dc">
         <name>.debug_info</name>
         <load_address>0xfa9a</load_address>
         <run_address>0xfa9a</run_address>
         <size>0x441</size>
         <input_file_ref idref="fl-da"/>
      </object_component>
      <object_component id="oc-12c">
         <name>.debug_info</name>
         <load_address>0xfedb</load_address>
         <run_address>0xfedb</run_address>
         <size>0x286</size>
         <input_file_ref idref="fl-da"/>
      </object_component>
      <object_component id="oc-149">
         <name>.debug_info</name>
         <load_address>0x10161</load_address>
         <run_address>0x10161</run_address>
         <size>0x2e4</size>
         <input_file_ref idref="fl-da"/>
      </object_component>
      <object_component id="oc-259">
         <name>.debug_info</name>
         <load_address>0x10445</load_address>
         <run_address>0x10445</run_address>
         <size>0x51</size>
         <input_file_ref idref="fl-da"/>
      </object_component>
      <object_component id="oc-1e3">
         <name>.debug_info</name>
         <load_address>0x10496</load_address>
         <run_address>0x10496</run_address>
         <size>0x3cb</size>
         <input_file_ref idref="fl-db"/>
      </object_component>
      <object_component id="oc-137">
         <name>.debug_info</name>
         <load_address>0x10861</load_address>
         <run_address>0x10861</run_address>
         <size>0x29a</size>
         <input_file_ref idref="fl-db"/>
      </object_component>
      <object_component id="oc-217">
         <name>.debug_info</name>
         <load_address>0x10afb</load_address>
         <run_address>0x10afb</run_address>
         <size>0x218</size>
         <input_file_ref idref="fl-dc"/>
      </object_component>
      <object_component id="oc-2f2">
         <name>.debug_info</name>
         <load_address>0x10d13</load_address>
         <run_address>0x10d13</run_address>
         <size>0xa3</size>
      </object_component>
      <object_component id="oc-1d4">
         <name>.debug_line</name>
         <load_address>0x0</load_address>
         <run_address>0x0</run_address>
         <size>0xa7</size>
         <input_file_ref idref="fl-2"/>
      </object_component>
      <object_component id="oc-125">
         <name>.debug_line</name>
         <load_address>0xa7</load_address>
         <run_address>0xa7</run_address>
         <size>0x88</size>
         <input_file_ref idref="fl-2"/>
      </object_component>
      <object_component id="oc-fe">
         <name>.debug_line</name>
         <load_address>0x12f</load_address>
         <run_address>0x12f</run_address>
         <size>0x70</size>
         <input_file_ref idref="fl-2"/>
      </object_component>
      <object_component id="oc-9a">
         <name>.debug_line</name>
         <load_address>0x19f</load_address>
         <run_address>0x19f</run_address>
         <size>0x6f</size>
         <input_file_ref idref="fl-2"/>
      </object_component>
      <object_component id="oc-44">
         <name>.debug_line</name>
         <load_address>0x20e</load_address>
         <run_address>0x20e</run_address>
         <size>0x20</size>
         <input_file_ref idref="fl-2"/>
      </object_component>
      <object_component id="oc-8e">
         <name>.debug_line</name>
         <load_address>0x22e</load_address>
         <run_address>0x22e</run_address>
         <size>0x74</size>
         <input_file_ref idref="fl-2"/>
      </object_component>
      <object_component id="oc-112">
         <name>.debug_line</name>
         <load_address>0x2a2</load_address>
         <run_address>0x2a2</run_address>
         <size>0x73</size>
         <input_file_ref idref="fl-2"/>
      </object_component>
      <object_component id="oc-9f">
         <name>.debug_line</name>
         <load_address>0x315</load_address>
         <run_address>0x315</run_address>
         <size>0x70</size>
         <input_file_ref idref="fl-2"/>
      </object_component>
      <object_component id="oc-93">
         <name>.debug_line</name>
         <load_address>0x385</load_address>
         <run_address>0x385</run_address>
         <size>0x83</size>
         <input_file_ref idref="fl-2"/>
      </object_component>
      <object_component id="oc-164">
         <name>.debug_line</name>
         <load_address>0x408</load_address>
         <run_address>0x408</run_address>
         <size>0x6a</size>
         <input_file_ref idref="fl-2"/>
      </object_component>
      <object_component id="oc-207">
         <name>.debug_line</name>
         <load_address>0x472</load_address>
         <run_address>0x472</run_address>
         <size>0x6b</size>
         <input_file_ref idref="fl-2"/>
      </object_component>
      <object_component id="oc-10c">
         <name>.debug_line</name>
         <load_address>0x4dd</load_address>
         <run_address>0x4dd</run_address>
         <size>0x70</size>
         <input_file_ref idref="fl-2"/>
      </object_component>
      <object_component id="oc-21e">
         <name>.debug_line</name>
         <load_address>0x54d</load_address>
         <run_address>0x54d</run_address>
         <size>0x1f0</size>
         <input_file_ref idref="fl-3"/>
      </object_component>
      <object_component id="oc-c6">
         <name>.debug_line</name>
         <load_address>0x73d</load_address>
         <run_address>0x73d</run_address>
         <size>0xe6</size>
         <input_file_ref idref="fl-3"/>
      </object_component>
      <object_component id="oc-15e">
         <name>.debug_line</name>
         <load_address>0x823</load_address>
         <run_address>0x823</run_address>
         <size>0x20</size>
         <input_file_ref idref="fl-3"/>
      </object_component>
      <object_component id="oc-96">
         <name>.debug_line</name>
         <load_address>0x843</load_address>
         <run_address>0x843</run_address>
         <size>0x41</size>
         <input_file_ref idref="fl-4"/>
      </object_component>
      <object_component id="oc-39">
         <name>.debug_line</name>
         <load_address>0x884</load_address>
         <run_address>0x884</run_address>
         <size>0x41</size>
         <input_file_ref idref="fl-4"/>
      </object_component>
      <object_component id="oc-28">
         <name>.debug_line</name>
         <load_address>0x8c5</load_address>
         <run_address>0x8c5</run_address>
         <size>0xa1</size>
         <input_file_ref idref="fl-4"/>
      </object_component>
      <object_component id="oc-242">
         <name>.debug_line</name>
         <load_address>0x966</load_address>
         <run_address>0x966</run_address>
         <size>0x20</size>
         <input_file_ref idref="fl-6"/>
      </object_component>
      <object_component id="oc-dd">
         <name>.debug_line</name>
         <load_address>0x986</load_address>
         <run_address>0x986</run_address>
         <size>0xe8</size>
         <input_file_ref idref="fl-6"/>
      </object_component>
      <object_component id="oc-1b3">
         <name>.debug_line</name>
         <load_address>0xa6e</load_address>
         <run_address>0xa6e</run_address>
         <size>0x6b</size>
         <input_file_ref idref="fl-6"/>
      </object_component>
      <object_component id="oc-2a8">
         <name>.debug_line</name>
         <load_address>0xad9</load_address>
         <run_address>0xad9</run_address>
         <size>0x18c</size>
         <input_file_ref idref="fl-7"/>
      </object_component>
      <object_component id="oc-2ac">
         <name>.debug_line</name>
         <load_address>0xc65</load_address>
         <run_address>0xc65</run_address>
         <size>0x35</size>
         <input_file_ref idref="fl-7"/>
      </object_component>
      <object_component id="oc-2b1">
         <name>.debug_line</name>
         <load_address>0xc9a</load_address>
         <run_address>0xc9a</run_address>
         <size>0x71</size>
         <input_file_ref idref="fl-7"/>
      </object_component>
      <object_component id="oc-1ae">
         <name>.debug_line</name>
         <load_address>0xd0b</load_address>
         <run_address>0xd0b</run_address>
         <size>0x74</size>
         <input_file_ref idref="fl-7"/>
      </object_component>
      <object_component id="oc-1a5">
         <name>.debug_line</name>
         <load_address>0xd7f</load_address>
         <run_address>0xd7f</run_address>
         <size>0x187</size>
         <input_file_ref idref="fl-8"/>
      </object_component>
      <object_component id="oc-d5">
         <name>.debug_line</name>
         <load_address>0xf06</load_address>
         <run_address>0xf06</run_address>
         <size>0x35</size>
         <input_file_ref idref="fl-8"/>
      </object_component>
      <object_component id="oc-1b8">
         <name>.debug_line</name>
         <load_address>0xf3b</load_address>
         <run_address>0xf3b</run_address>
         <size>0x35</size>
         <input_file_ref idref="fl-8"/>
      </object_component>
      <object_component id="oc-1d0">
         <name>.debug_line</name>
         <load_address>0xf70</load_address>
         <run_address>0xf70</run_address>
         <size>0x35</size>
         <input_file_ref idref="fl-8"/>
      </object_component>
      <object_component id="oc-1d2">
         <name>.debug_line</name>
         <load_address>0xfa5</load_address>
         <run_address>0xfa5</run_address>
         <size>0x35</size>
         <input_file_ref idref="fl-8"/>
      </object_component>
      <object_component id="oc-1c0">
         <name>.debug_line</name>
         <load_address>0xfda</load_address>
         <run_address>0xfda</run_address>
         <size>0x35</size>
         <input_file_ref idref="fl-8"/>
      </object_component>
      <object_component id="oc-1be">
         <name>.debug_line</name>
         <load_address>0x100f</load_address>
         <run_address>0x100f</run_address>
         <size>0x35</size>
         <input_file_ref idref="fl-8"/>
      </object_component>
      <object_component id="oc-1ba">
         <name>.debug_line</name>
         <load_address>0x1044</load_address>
         <run_address>0x1044</run_address>
         <size>0x35</size>
         <input_file_ref idref="fl-8"/>
      </object_component>
      <object_component id="oc-1bc">
         <name>.debug_line</name>
         <load_address>0x1079</load_address>
         <run_address>0x1079</run_address>
         <size>0x35</size>
         <input_file_ref idref="fl-8"/>
      </object_component>
      <object_component id="oc-84">
         <name>.debug_line</name>
         <load_address>0x10ae</load_address>
         <run_address>0x10ae</run_address>
         <size>0xb3c</size>
         <input_file_ref idref="fl-8"/>
      </object_component>
      <object_component id="oc-103">
         <name>.debug_line</name>
         <load_address>0x1bea</load_address>
         <run_address>0x1bea</run_address>
         <size>0x35</size>
         <input_file_ref idref="fl-8"/>
      </object_component>
      <object_component id="oc-1a9">
         <name>.debug_line</name>
         <load_address>0x1c1f</load_address>
         <run_address>0x1c1f</run_address>
         <size>0x72</size>
         <input_file_ref idref="fl-8"/>
      </object_component>
      <object_component id="oc-108">
         <name>.debug_line</name>
         <load_address>0x1c91</load_address>
         <run_address>0x1c91</run_address>
         <size>0x9a</size>
         <input_file_ref idref="fl-a"/>
      </object_component>
      <object_component id="oc-d8">
         <name>.debug_line</name>
         <load_address>0x1d2b</load_address>
         <run_address>0x1d2b</run_address>
         <size>0x4a</size>
         <input_file_ref idref="fl-a"/>
      </object_component>
      <object_component id="oc-106">
         <name>.debug_line</name>
         <load_address>0x1d75</load_address>
         <run_address>0x1d75</run_address>
         <size>0x4a</size>
         <input_file_ref idref="fl-a"/>
      </object_component>
      <object_component id="oc-34">
         <name>.debug_line</name>
         <load_address>0x1dbf</load_address>
         <run_address>0x1dbf</run_address>
         <size>0x143</size>
         <input_file_ref idref="fl-a"/>
      </object_component>
      <object_component id="oc-31">
         <name>.debug_line</name>
         <load_address>0x1f02</load_address>
         <run_address>0x1f02</run_address>
         <size>0xe6</size>
         <input_file_ref idref="fl-b"/>
      </object_component>
      <object_component id="oc-251">
         <name>.debug_line</name>
         <load_address>0x1fe8</load_address>
         <run_address>0x1fe8</run_address>
         <size>0x70</size>
         <input_file_ref idref="fl-c"/>
      </object_component>
      <object_component id="oc-24f">
         <name>.debug_line</name>
         <load_address>0x2058</load_address>
         <run_address>0x2058</run_address>
         <size>0x47</size>
         <input_file_ref idref="fl-c"/>
      </object_component>
      <object_component id="oc-246">
         <name>.debug_line</name>
         <load_address>0x209f</load_address>
         <run_address>0x209f</run_address>
         <size>0x47</size>
         <input_file_ref idref="fl-c"/>
      </object_component>
      <object_component id="oc-24d">
         <name>.debug_line</name>
         <load_address>0x20e6</load_address>
         <run_address>0x20e6</run_address>
         <size>0x47</size>
         <input_file_ref idref="fl-c"/>
      </object_component>
      <object_component id="oc-244">
         <name>.debug_line</name>
         <load_address>0x212d</load_address>
         <run_address>0x212d</run_address>
         <size>0x47</size>
         <input_file_ref idref="fl-c"/>
      </object_component>
      <object_component id="oc-f2">
         <name>.debug_line</name>
         <load_address>0x2174</load_address>
         <run_address>0x2174</run_address>
         <size>0x11a</size>
         <input_file_ref idref="fl-c"/>
      </object_component>
      <object_component id="oc-24a">
         <name>.debug_line</name>
         <load_address>0x228e</load_address>
         <run_address>0x228e</run_address>
         <size>0x47</size>
         <input_file_ref idref="fl-c"/>
      </object_component>
      <object_component id="oc-284">
         <name>.debug_line</name>
         <load_address>0x22d5</load_address>
         <run_address>0x22d5</run_address>
         <size>0x56</size>
         <input_file_ref idref="fl-d"/>
      </object_component>
      <object_component id="oc-282">
         <name>.debug_line</name>
         <load_address>0x232b</load_address>
         <run_address>0x232b</run_address>
         <size>0x40</size>
         <input_file_ref idref="fl-d"/>
      </object_component>
      <object_component id="oc-14f">
         <name>.debug_line</name>
         <load_address>0x236b</load_address>
         <run_address>0x236b</run_address>
         <size>0x114</size>
         <input_file_ref idref="fl-d"/>
      </object_component>
      <object_component id="oc-27f">
         <name>.debug_line</name>
         <load_address>0x247f</load_address>
         <run_address>0x247f</run_address>
         <size>0x20</size>
         <input_file_ref idref="fl-e"/>
      </object_component>
      <object_component id="oc-272">
         <name>.debug_line</name>
         <load_address>0x249f</load_address>
         <run_address>0x249f</run_address>
         <size>0x38</size>
         <input_file_ref idref="fl-e"/>
      </object_component>
      <object_component id="oc-27d">
         <name>.debug_line</name>
         <load_address>0x24d7</load_address>
         <run_address>0x24d7</run_address>
         <size>0x38</size>
         <input_file_ref idref="fl-e"/>
      </object_component>
      <object_component id="oc-274">
         <name>.debug_line</name>
         <load_address>0x250f</load_address>
         <run_address>0x250f</run_address>
         <size>0x38</size>
         <input_file_ref idref="fl-e"/>
      </object_component>
      <object_component id="oc-270">
         <name>.debug_line</name>
         <load_address>0x2547</load_address>
         <run_address>0x2547</run_address>
         <size>0x38</size>
         <input_file_ref idref="fl-e"/>
      </object_component>
      <object_component id="oc-147">
         <name>.debug_line</name>
         <load_address>0x257f</load_address>
         <run_address>0x257f</run_address>
         <size>0x27d</size>
         <input_file_ref idref="fl-e"/>
      </object_component>
      <object_component id="oc-47">
         <name>.debug_line</name>
         <load_address>0x27fc</load_address>
         <run_address>0x27fc</run_address>
         <size>0x88</size>
         <input_file_ref idref="fl-ca"/>
      </object_component>
      <object_component id="oc-ba">
         <name>.debug_line</name>
         <load_address>0x2884</load_address>
         <run_address>0x2884</run_address>
         <size>0x79</size>
         <input_file_ref idref="fl-cb"/>
      </object_component>
      <object_component id="oc-1fb">
         <name>.debug_line</name>
         <load_address>0x28fd</load_address>
         <run_address>0x28fd</run_address>
         <size>0x5b</size>
         <input_file_ref idref="fl-cc"/>
      </object_component>
      <object_component id="oc-121">
         <name>.debug_line</name>
         <load_address>0x2958</load_address>
         <run_address>0x2958</run_address>
         <size>0x92</size>
         <input_file_ref idref="fl-cd"/>
      </object_component>
      <object_component id="oc-5d">
         <name>.debug_line</name>
         <load_address>0x29ea</load_address>
         <run_address>0x29ea</run_address>
         <size>0x53</size>
         <input_file_ref idref="fl-cd"/>
      </object_component>
      <object_component id="oc-b3">
         <name>.debug_line</name>
         <load_address>0x2a3d</load_address>
         <run_address>0x2a3d</run_address>
         <size>0x34</size>
         <input_file_ref idref="fl-cd"/>
      </object_component>
      <object_component id="oc-11e">
         <name>.debug_line</name>
         <load_address>0x2a71</load_address>
         <run_address>0x2a71</run_address>
         <size>0x92</size>
         <input_file_ref idref="fl-cd"/>
      </object_component>
      <object_component id="oc-ae">
         <name>.debug_line</name>
         <load_address>0x2b03</load_address>
         <run_address>0x2b03</run_address>
         <size>0x20</size>
         <input_file_ref idref="fl-ce"/>
      </object_component>
      <object_component id="oc-1f">
         <name>.debug_line</name>
         <load_address>0x2b23</load_address>
         <run_address>0x2b23</run_address>
         <size>0x55</size>
         <input_file_ref idref="fl-ce"/>
      </object_component>
      <object_component id="oc-4f">
         <name>.debug_line</name>
         <load_address>0x2b78</load_address>
         <run_address>0x2b78</run_address>
         <size>0x3a</size>
         <input_file_ref idref="fl-ce"/>
      </object_component>
      <object_component id="oc-ab">
         <name>.debug_line</name>
         <load_address>0x2bb2</load_address>
         <run_address>0x2bb2</run_address>
         <size>0x92</size>
         <input_file_ref idref="fl-ce"/>
      </object_component>
      <object_component id="oc-11a">
         <name>.debug_line</name>
         <load_address>0x2c44</load_address>
         <run_address>0x2c44</run_address>
         <size>0x20</size>
         <input_file_ref idref="fl-cf"/>
      </object_component>
      <object_component id="oc-1a">
         <name>.debug_line</name>
         <load_address>0x2c64</load_address>
         <run_address>0x2c64</run_address>
         <size>0xa9</size>
         <input_file_ref idref="fl-cf"/>
      </object_component>
      <object_component id="oc-3f">
         <name>.debug_line</name>
         <load_address>0x2d0d</load_address>
         <run_address>0x2d0d</run_address>
         <size>0x3a</size>
         <input_file_ref idref="fl-cf"/>
      </object_component>
      <object_component id="oc-117">
         <name>.debug_line</name>
         <load_address>0x2d47</load_address>
         <run_address>0x2d47</run_address>
         <size>0x9a</size>
         <input_file_ref idref="fl-cf"/>
      </object_component>
      <object_component id="oc-a4">
         <name>.debug_line</name>
         <load_address>0x2de1</load_address>
         <run_address>0x2de1</run_address>
         <size>0x96</size>
         <input_file_ref idref="fl-cf"/>
      </object_component>
      <object_component id="oc-77">
         <name>.debug_line</name>
         <load_address>0x2e77</load_address>
         <run_address>0x2e77</run_address>
         <size>0x33</size>
         <input_file_ref idref="fl-d0"/>
      </object_component>
      <object_component id="oc-67">
         <name>.debug_line</name>
         <load_address>0x2eaa</load_address>
         <run_address>0x2eaa</run_address>
         <size>0x45</size>
         <input_file_ref idref="fl-d0"/>
      </object_component>
      <object_component id="oc-279">
         <name>.debug_line</name>
         <load_address>0x2eef</load_address>
         <run_address>0x2eef</run_address>
         <size>0x37</size>
         <input_file_ref idref="fl-d1"/>
      </object_component>
      <object_component id="oc-295">
         <name>.debug_line</name>
         <load_address>0x2f26</load_address>
         <run_address>0x2f26</run_address>
         <size>0xbf</size>
         <input_file_ref idref="fl-d2"/>
      </object_component>
      <object_component id="oc-176">
         <name>.debug_line</name>
         <load_address>0x2fe5</load_address>
         <run_address>0x2fe5</run_address>
         <size>0x6f</size>
         <input_file_ref idref="fl-d2"/>
      </object_component>
      <object_component id="oc-299">
         <name>.debug_line</name>
         <load_address>0x3054</load_address>
         <run_address>0x3054</run_address>
         <size>0x2e</size>
         <input_file_ref idref="fl-d2"/>
      </object_component>
      <object_component id="oc-2ba">
         <name>.debug_line</name>
         <load_address>0x3082</load_address>
         <run_address>0x3082</run_address>
         <size>0x9a</size>
         <input_file_ref idref="fl-d2"/>
      </object_component>
      <object_component id="oc-29e">
         <name>.debug_line</name>
         <load_address>0x311c</load_address>
         <run_address>0x311c</run_address>
         <size>0x97</size>
         <input_file_ref idref="fl-d2"/>
      </object_component>
      <object_component id="oc-2a3">
         <name>.debug_line</name>
         <load_address>0x31b3</load_address>
         <run_address>0x31b3</run_address>
         <size>0x93</size>
         <input_file_ref idref="fl-d2"/>
      </object_component>
      <object_component id="oc-be">
         <name>.debug_line</name>
         <load_address>0x3246</load_address>
         <run_address>0x3246</run_address>
         <size>0x40</size>
         <input_file_ref idref="fl-d3"/>
      </object_component>
      <object_component id="oc-167">
         <name>.debug_line</name>
         <load_address>0x3286</load_address>
         <run_address>0x3286</run_address>
         <size>0x3c</size>
         <input_file_ref idref="fl-d5"/>
      </object_component>
      <object_component id="oc-26a">
         <name>.debug_line</name>
         <load_address>0x32c2</load_address>
         <run_address>0x32c2</run_address>
         <size>0x82</size>
         <input_file_ref idref="fl-d8"/>
      </object_component>
      <object_component id="oc-268">
         <name>.debug_line</name>
         <load_address>0x3344</load_address>
         <run_address>0x3344</run_address>
         <size>0x7d</size>
         <input_file_ref idref="fl-d8"/>
      </object_component>
      <object_component id="oc-20c">
         <name>.debug_line</name>
         <load_address>0x33c1</load_address>
         <run_address>0x33c1</run_address>
         <size>0x93</size>
         <input_file_ref idref="fl-d8"/>
      </object_component>
      <object_component id="oc-1e5">
         <name>.debug_line</name>
         <load_address>0x3454</load_address>
         <run_address>0x3454</run_address>
         <size>0x95</size>
         <input_file_ref idref="fl-d8"/>
      </object_component>
      <object_component id="oc-1eb">
         <name>.debug_line</name>
         <load_address>0x34e9</load_address>
         <run_address>0x34e9</run_address>
         <size>0xc4</size>
         <input_file_ref idref="fl-d8"/>
      </object_component>
      <object_component id="oc-13d">
         <name>.debug_line</name>
         <load_address>0x35ad</load_address>
         <run_address>0x35ad</run_address>
         <size>0x99</size>
         <input_file_ref idref="fl-d8"/>
      </object_component>
      <object_component id="oc-131">
         <name>.debug_line</name>
         <load_address>0x3646</load_address>
         <run_address>0x3646</run_address>
         <size>0xa7</size>
         <input_file_ref idref="fl-d8"/>
      </object_component>
      <object_component id="oc-265">
         <name>.debug_line</name>
         <load_address>0x36ed</load_address>
         <run_address>0x36ed</run_address>
         <size>0x71</size>
         <input_file_ref idref="fl-d8"/>
      </object_component>
      <object_component id="oc-255">
         <name>.debug_line</name>
         <load_address>0x375e</load_address>
         <run_address>0x375e</run_address>
         <size>0x75</size>
         <input_file_ref idref="fl-d8"/>
      </object_component>
      <object_component id="oc-260">
         <name>.debug_line</name>
         <load_address>0x37d3</load_address>
         <run_address>0x37d3</run_address>
         <size>0x71</size>
         <input_file_ref idref="fl-d8"/>
      </object_component>
      <object_component id="oc-1da">
         <name>.debug_line</name>
         <load_address>0x3844</load_address>
         <run_address>0x3844</run_address>
         <size>0x72</size>
         <input_file_ref idref="fl-d8"/>
      </object_component>
      <object_component id="oc-155">
         <name>.debug_line</name>
         <load_address>0x38b6</load_address>
         <run_address>0x38b6</run_address>
         <size>0x97</size>
         <input_file_ref idref="fl-d9"/>
      </object_component>
      <object_component id="oc-258">
         <name>.debug_line</name>
         <load_address>0x394d</load_address>
         <run_address>0x394d</run_address>
         <size>0x13d</size>
         <input_file_ref idref="fl-da"/>
      </object_component>
      <object_component id="oc-12f">
         <name>.debug_line</name>
         <load_address>0x3a8a</load_address>
         <run_address>0x3a8a</run_address>
         <size>0x94</size>
         <input_file_ref idref="fl-da"/>
      </object_component>
      <object_component id="oc-14c">
         <name>.debug_line</name>
         <load_address>0x3b1e</load_address>
         <run_address>0x3b1e</run_address>
         <size>0xee</size>
         <input_file_ref idref="fl-da"/>
      </object_component>
      <object_component id="oc-25b">
         <name>.debug_line</name>
         <load_address>0x3c0c</load_address>
         <run_address>0x3c0c</run_address>
         <size>0x7f</size>
         <input_file_ref idref="fl-da"/>
      </object_component>
      <object_component id="oc-26c">
         <name>.debug_line</name>
         <load_address>0x3c8b</load_address>
         <run_address>0x3c8b</run_address>
         <size>0x82</size>
         <input_file_ref idref="fl-db"/>
      </object_component>
      <object_component id="oc-13a">
         <name>.debug_line</name>
         <load_address>0x3d0d</load_address>
         <run_address>0x3d0d</run_address>
         <size>0x92</size>
         <input_file_ref idref="fl-db"/>
      </object_component>
      <object_component id="oc-21a">
         <name>.debug_line</name>
         <load_address>0x3d9f</load_address>
         <run_address>0x3d9f</run_address>
         <size>0x91</size>
         <input_file_ref idref="fl-dc"/>
      </object_component>
      <object_component id="oc-129">
         <name>.debug_frame</name>
         <load_address>0x0</load_address>
         <run_address>0x0</run_address>
         <size>0x8c</size>
         <input_file_ref idref="fl-2"/>
      </object_component>
      <object_component id="oc-c7">
         <name>.debug_frame</name>
         <load_address>0x8c</load_address>
         <run_address>0x8c</run_address>
         <size>0xe8</size>
         <input_file_ref idref="fl-3"/>
      </object_component>
      <object_component id="oc-29">
         <name>.debug_frame</name>
         <load_address>0x174</load_address>
         <run_address>0x174</run_address>
         <size>0x90</size>
         <input_file_ref idref="fl-4"/>
      </object_component>
      <object_component id="oc-de">
         <name>.debug_frame</name>
         <load_address>0x204</load_address>
         <run_address>0x204</run_address>
         <size>0xb8</size>
         <input_file_ref idref="fl-6"/>
      </object_component>
      <object_component id="oc-83">
         <name>.debug_frame</name>
         <load_address>0x2bc</load_address>
         <run_address>0x2bc</run_address>
         <size>0x5f0</size>
         <input_file_ref idref="fl-8"/>
      </object_component>
      <object_component id="oc-33">
         <name>.debug_frame</name>
         <load_address>0x8ac</load_address>
         <run_address>0x8ac</run_address>
         <size>0xec</size>
         <input_file_ref idref="fl-a"/>
      </object_component>
      <object_component id="oc-f3">
         <name>.debug_frame</name>
         <load_address>0x998</load_address>
         <run_address>0x998</run_address>
         <size>0xbc</size>
         <input_file_ref idref="fl-c"/>
      </object_component>
      <object_component id="oc-150">
         <name>.debug_frame</name>
         <load_address>0xa54</load_address>
         <run_address>0xa54</run_address>
         <size>0xd4</size>
         <input_file_ref idref="fl-d"/>
      </object_component>
      <object_component id="oc-146">
[...]
         <object_component_ref idref="oc-124"/>
      </symbol>
      <symbol id="sm-71">
         <name>vApplicationTickHook</name>
         <value>0x2911</value>
         <object_component_ref idref="oc-124"/>
      </symbol>
      <symbol id="sm-95">
         <name>vApplicationStackOverflowHook</name>
         <value>0x2a6b</value>
         <object_component_ref idref="oc-c2"/>
      </symbol>
      <symbol id="sm-96">
         <name>vApplicationIdleHook</name>
         <value>0x2a69</value>
         <object_component_ref idref="oc-c2"/>
      </symbol>
      <symbol id="sm-97">
         <name>main</name>
         <value>0x2a01</value>
         <object_component_ref idref="oc-c2"/>
      </symbol>
      <symbol id="sm-98">
         <name>malloc</name>
         <value>0x2a77</value>
         <object_component_ref idref="oc-c2"/>
      </symbol>
      <symbol id="sm-99">
         <name>vApplicationMallocFailedHook</name>
         <value>0x2a61</value>
         <object_component_ref idref="oc-c2"/>
      </symbol>
      <symbol id="sm-b5">
         <name>ResetISR</name>
         <value>0x2d41</value>
         <object_component_ref idref="oc-27"/>
      </symbol>
      <symbol id="sm-b6">
         <name>g_pfnVectors</name>
         <value>0x0</value>
         <object_component_ref idref="oc-12"/>
      </symbol>
      <symbol id="sm-d2">
         <name>uxListRemove</name>
         <value>0x257f</value>
         <object_component_ref idref="oc-d9"/>
      </symbol>
      <symbol id="sm-d3">
         <name>vListInsert</name>
         <value>0x2519</value>
         <object_component_ref idref="oc-d9"/>
      </symbol>
      <symbol id="sm-d4">
         <name>vListInitialiseItem</name>
         <value>0x24cd</value>
         <object_component_ref idref="oc-d9"/>
      </symbol>
      <symbol id="sm-d5">
         <name>vListInsertEnd</name>
         <value>0x24dd</value>
         <object_component_ref idref="oc-d9"/>
      </symbol>
      <symbol id="sm-d6">
         <name>vListInitialise</name>
         <value>0x249d</value>
         <object_component_ref idref="oc-d9"/>
      </symbol>
      <symbol id="sm-2b0">
         <name>vTaskDelay</name>
         <value>0x4c7</value>
         <object_component_ref idref="oc-7f"/>
      </symbol>
      <symbol id="sm-2b1">
         <name>vTaskSuspendAll</name>
         <value>0x935</value>
         <object_component_ref idref="oc-7f"/>
      </symbol>
      <symbol id="sm-2b2">
         <name>vTaskPriorityInherit</name>
         <value>0x13ad</value>
         <object_component_ref idref="oc-7f"/>
      </symbol>
      <symbol id="sm-2b3">
         <name>vTaskPlaceOnEventList</name>
         <value>0xcf9</value>
         <object_component_ref idref="oc-7f"/>
      </symbol>
      <symbol id="sm-2b4">
         <name>vTaskSetTaskNumber</name>
         <value>0xf8d</value>
         <object_component_ref idref="oc-7f"/>
      </symbol>
      <symbol id="sm-2b5">
         <name>uxTaskPriorityGetFromISR</name>
         <value>0x551</value>
         <object_component_ref idref="oc-7f"/>
      </symbol>
      <symbol id="sm-2b6">
         <name>ulTaskNotifyTake</name>
         <value>0x153d</value>
         <object_component_ref idref="oc-7f"/>
      </symbol>
      <symbol id="sm-2b7">
         <name>xTaskCheckForTimeOut</name>
         <value>0xee1</value>
         <object_component_ref idref="oc-7f"/>
      </symbol>
      <symbol id="sm-2b8">
         <name>xTaskRemoveFromUnorderedEventList</name>
         <value>0xe51</value>
         <object_component_ref idref="oc-7f"/>
      </symbol>
      <symbol id="sm-2b9">
         <name>vTaskPrioritySet</name>
         <value>0x5a9</value>
         <object_component_ref idref="oc-7f"/>
      </symbol>
      <symbol id="sm-2ba">
         <name>xTaskPriorityDisinherit</name>
         <value>0x1467</value>
         <object_component_ref idref="oc-7f"/>
      </symbol>
      <symbol id="sm-2bb">
         <name>vTaskStartScheduler</name>
         <value>0x8c1</value>
         <object_component_ref idref="oc-7f"/>
      </symbol>
      <symbol id="sm-2bc">
         <name>xTaskNotifyStateClear</name>
         <value>0x1987</value>
         <object_component_ref idref="oc-7f"/>
      </symbol>
      <symbol id="sm-2bd">
         <name>pvTaskIncrementMutexHeldCount</name>
         <value>0x1525</value>
         <object_component_ref idref="oc-7f"/>
      </symbol>
      <symbol id="sm-2be">
         <name>uxTaskGetStackHighWaterMark</name>
         <value>0x1301</value>
         <object_component_ref idref="oc-7f"/>
      </symbol>
      <symbol id="sm-2bf">
         <name>xTaskGenericNotify</name>
         <value>0x16e7</value>
         <object_component_ref idref="oc-7f"/>
      </symbol>
      <symbol id="sm-2c0">
         <name>vTaskDelayUntil</name>
         <value>0x41f</value>
         <object_component_ref idref="oc-7f"/>
      </symbol>
      <symbol id="sm-2c1">
         <name>uxTaskGetTaskNumber</name>
         <value>0xf6d</value>
         <object_component_ref idref="oc-7f"/>
      </symbol>
      <symbol id="sm-2c2">
         <name>vTaskEndScheduler</name>
         <value>0x919</value>
         <object_component_ref idref="oc-7f"/>
      </symbol>
      <symbol id="sm-2c3">
         <name>xTaskNotifyWait</name>
         <value>0x1601</value>
         <object_component_ref idref="oc-7f"/>
      </symbol>
      <symbol id="sm-2c4">
         <name>vTaskMissedYield</name>
         <value>0xf5b</value>
         <object_component_ref idref="oc-7f"/>
      </symbol>
      <symbol id="sm-2c5">
         <name>uxTaskGetNumberOfTasks</name>
         <value>0xa49</value>
         <object_component_ref idref="oc-7f"/>
      </symbol>
      <symbol id="sm-2c6">
         <name>xTaskGenericNotifyFromISR</name>
         <value>0x17d9</value>
         <object_component_ref idref="oc-7f"/>
      </symbol>
      <symbol id="sm-2c7">
         <name>uxTaskPriorityGet</name>
         <value>0x523</value>
         <object_component_ref idref="oc-7f"/>
      </symbol>
      <symbol id="sm-2c8">
         <name>xTaskResumeAll</name>
         <value>0x94d</value>
         <object_component_ref idref="oc-7f"/>
      </symbol>
      <symbol id="sm-2c9">
         <name>xTaskGetTickCount</name>
         <value>0xa21</value>
         <object_component_ref idref="oc-7f"/>
      </symbol>
      <symbol id="sm-2ca">
         <name>xTaskGenericCreate</name>
         <value>0x26d</value>
         <object_component_ref idref="oc-7f"/>
      </symbol>
      <symbol id="sm-2cb">
         <name>uxTaskGetSystemState</name>
         <value>0xa55</value>
         <object_component_ref idref="oc-7f"/>
      </symbol>
      <symbol id="sm-2cc">
         <name>vTaskDelete</name>
         <value>0x383</value>
         <object_component_ref idref="oc-7f"/>
      </symbol>
      <symbol id="sm-2cd">
         <name>pxCurrentTCB</name>
         <value>0x200052d0</value>
         <object_component_ref idref="oc-79"/>
      </symbol>
      <symbol id="sm-2ce">
         <name>vTaskNotifyGiveFromISR</name>
         <value>0x18e1</value>
         <object_component_ref idref="oc-7f"/>
      </symbol>
      <symbol id="sm-2cf">
         <name>vTaskSuspend</name>
         <value>0x6bd</value>
         <object_component_ref idref="oc-7f"/>
      </symbol>
      <symbol id="sm-2d0">
         <name>xTaskGetTickCountFromISR</name>
         <value>0xa31</value>
         <object_component_ref idref="oc-7f"/>
      </symbol>
      <symbol id="sm-2d1">
         <name>vTaskResume</name>
         <value>0x7af</value>
         <object_component_ref idref="oc-7f"/>
      </symbol>
      <symbol id="sm-2d2">
         <name>vTaskSetTimeOutState</name>
         <value>0xec3</value>
         <object_component_ref idref="oc-7f"/>
      </symbol>
      <symbol id="sm-2d3">
         <name>xTaskIncrementTick</name>
         <value>0xb29</value>
         <object_component_ref idref="oc-7f"/>
      </symbol>
      <symbol id="sm-2d4">
         <name>vTaskSwitchContext</name>
         <value>0xc4d</value>
         <object_component_ref idref="oc-7f"/>
      </symbol>
      <symbol id="sm-2d5">
         <name>uxTaskResetEventItemValue</name>
         <value>0x1503</value>
         <object_component_ref idref="oc-7f"/>
      </symbol>
      <symbol id="sm-2d6">
         <name>xTaskResumeFromISR</name>
         <value>0x831</value>
         <object_component_ref idref="oc-7f"/>
      </symbol>
      <symbol id="sm-2d7">
         <name>xTaskGetCurrentTaskHandle</name>
         <value>0x138f</value>
         <object_component_ref idref="oc-7f"/>
      </symbol>
      <symbol id="sm-2d8">
         <name>vTaskPlaceOnUnorderedEventList</name>
         <value>0xd61</value>
         <object_component_ref idref="oc-7f"/>
      </symbol>
      <symbol id="sm-2d9">
         <name>xTaskRemoveFromEventList</name>
         <value>0xdd5</value>
         <object_component_ref idref="oc-7f"/>
      </symbol>
      <symbol id="sm-309">
         <name>ulMaxSyscallInterruptPriority</name>
         <value>0x2e1c</value>
         <object_component_ref idref="oc-7c"/>
      </symbol>
      <symbol id="sm-30a">
         <name>vPortSetupTimerInterrupt</name>
         <value>0x26c3</value>
         <object_component_ref idref="oc-32"/>
      </symbol>
      <symbol id="sm-30b">
         <name>vPortEndScheduler</name>
         <value>0x2665</value>
         <object_component_ref idref="oc-32"/>
      </symbol>
      <symbol id="sm-30c">
         <name>xPortSysTickHandler</name>
         <value>0x269d</value>
         <object_component_ref idref="oc-32"/>
      </symbol>
      <symbol id="sm-30d">
         <name>pxPortInitialiseStack</name>
         <value>0x25c9</value>
         <object_component_ref idref="oc-32"/>
      </symbol>
      <symbol id="sm-30e">
         <name>vPortExitCritical</name>
         <value>0x2687</value>
         <object_component_ref idref="oc-32"/>
      </symbol>
      <symbol id="sm-30f">
         <name>xPortStartScheduler</name>
         <value>0x262f</value>
         <object_component_ref idref="oc-32"/>
      </symbol>
      <symbol id="sm-310">
         <name>vPortEnterCritical</name>
         <value>0x2667</value>
         <object_component_ref idref="oc-32"/>
      </symbol>
      <symbol id="sm-31f">
         <name>vPortStartFirstTask</name>
         <value>0x288d</value>
         <object_component_ref idref="oc-2d"/>
      </symbol>
      <symbol id="sm-320">
         <name>ulPortGetIPSR</name>
         <value>0x27f5</value>
         <object_component_ref idref="oc-2d"/>
      </symbol>
      <symbol id="sm-321">
         <name>vPortEnableVFP</name>
         <value>0x28a9</value>
         <object_component_ref idref="oc-2d"/>
      </symbol>
      <symbol id="sm-322">
         <name>xPortPendSVHandler</name>
         <value>0x280d</value>
         <object_component_ref idref="oc-2d"/>
      </symbol>
      <symbol id="sm-323">
         <name>vPortSVCHandler</name>
         <value>0x286d</value>
         <object_component_ref idref="oc-2d"/>
      </symbol>
      <symbol id="sm-36a">
         <name>vPortInitialiseBlocks</name>
         <value>0x22d5</value>
         <object_component_ref idref="oc-ee"/>
      </symbol>
      <symbol id="sm-36b">
         <name>xPortGetFreeHeapSize</name>
         <value>0x22cf</value>
         <object_component_ref idref="oc-ee"/>
      </symbol>
      <symbol id="sm-36c">
         <name>pvPortMalloc</name>
         <value>0x2179</value>
         <object_component_ref idref="oc-ee"/>
      </symbol>
      <symbol id="sm-36d">
         <name>vPortFree</name>
         <value>0x2271</value>
         <object_component_ref idref="oc-ee"/>
      </symbol>
      <symbol id="sm-3a0">
         <name>LEDWrite</name>
         <value>0x1f9f</value>
         <object_component_ref idref="oc-14e"/>
      </symbol>
      <symbol id="sm-3a1">
         <name>LEDRead</name>
         <value>0x2031</value>
         <object_component_ref idref="oc-14e"/>
      </symbol>
      <symbol id="sm-3a2">
         <name>PinoutSet</name>
         <value>0x1ec1</value>
         <object_component_ref idref="oc-14e"/>
      </symbol>
      <symbol id="sm-3a3">
         <name>ButtonsInit</name>
         <value>0x20ff</value>
         <object_component_ref idref="oc-14e"/>
      </symbol>
      <symbol id="sm-3a4">
         <name>ButtonsPoll</name>
         <value>0x2059</value>
         <object_component_ref idref="oc-14e"/>
      </symbol>
      <symbol id="sm-416">
         <name>UARTgetc</name>
         <value>0x1b5b</value>
         <object_component_ref idref="oc-142"/>
      </symbol>
      <symbol id="sm-417">
         <name>UARTgets</name>
         <value>0x1a95</value>
         <object_component_ref idref="oc-142"/>
      </symbol>
      <symbol id="sm-418">
         <name>UARTStdioConfig</name>
         <value>0x19d9</value>
         <object_component_ref idref="oc-142"/>
      </symbol>
      <symbol id="sm-419">
         <name>UARTwrite</name>
         <value>0x1a39</value>
         <object_component_ref idref="oc-142"/>
      </symbol>
      <symbol id="sm-41a">
         <name>UARTprintf</name>
         <value>0x1e8b</value>
         <object_component_ref idref="oc-142"/>
      </symbol>
      <symbol id="sm-41b">
         <name>UARTvprintf</name>
         <value>0x1b91</value>
         <object_component_ref idref="oc-142"/>
      </symbol>
      <symbol id="sm-437">
         <name>memcpy</name>
         <value>0x2965</value>
         <object_component_ref idref="oc-46"/>
      </symbol>
      <symbol id="sm-438">
         <name>__aeabi_memcpy</name>
         <value>0x2965</value>
         <object_component_ref idref="oc-46"/>
      </symbol>
      <symbol id="sm-439">
         <name>__aeabi_memcpy8</name>
         <value>0x2965</value>
         <object_component_ref idref="oc-46"/>
      </symbol>
      <symbol id="sm-43a">
         <name>__aeabi_memcpy4</name>
         <value>0x2965</value>
         <object_component_ref idref="oc-46"/>
      </symbol>
      <symbol id="sm-449">
         <name>__aeabi_memset</name>
         <value>0x2a97</value>
         <object_component_ref idref="oc-b6"/>
      </symbol>
      <symbol id="sm-44a">
         <name>memset</name>
         <value>0x2a9d</value>
         <object_component_ref idref="oc-b6"/>
      </symbol>
      <symbol id="sm-44b">
         <name>__aeabi_memset8</name>
         <value>0x2a97</value>
         <object_component_ref idref="oc-b6"/>
      </symbol>
      <symbol id="sm-44c">
         <name>__aeabi_memset4</name>
         <value>0x2a97</value>
         <object_component_ref idref="oc-b6"/>
      </symbol>
      <symbol id="sm-44d">
         <name>__aeabi_memclr8</name>
         <value>0x2a95</value>
         <object_component_ref idref="oc-b6"/>
      </symbol>
      <symbol id="sm-44e">
         <name>__aeabi_memclr4</name>
         <value>0x2a95</value>
         <object_component_ref idref="oc-b6"/>
      </symbol>
      <symbol id="sm-44f">
         <name>__aeabi_memclr</name>
         <value>0x2a95</value>
         <object_component_ref idref="oc-b6"/>
      </symbol>
      <symbol id="sm-45e">
         <name>__aeabi_uidivmod</name>
         <value>0x2c09</value>
         <object_component_ref idref="oc-1fa"/>
      </symbol>
      <symbol id="sm-45f">
         <name>__aeabi_uidiv</name>
         <value>0x2c09</value>
         <object_component_ref idref="oc-1fa"/>
      </symbol>
      <symbol id="sm-476">
         <name>__TI_zero_init</name>
         <value>0x2d35</value>
         <object_component_ref idref="oc-58"/>
      </symbol>
      <symbol id="sm-48d">
         <name>__TI_decompress_none</name>
         <value>0x2d1b</value>
         <object_component_ref idref="oc-1b"/>
      </symbol>
      <symbol id="sm-4b0">
         <name>__TI_decompress_lzss</name>
         <value>0x2b0f</value>
         <object_component_ref idref="oc-15"/>
      </symbol>
      <symbol id="sm-4c3">
         <name>__stack</name>
         <value>0x200050d0</value>
         <object_component_ref idref="oc-24"/>
      </symbol>
      <symbol id="sm-4c4">
         <name>_c_int00_noargs</name>
         <value>0x2c7d</value>
         <object_component_ref idref="oc-64"/>
      </symbol>
      <symbol id="sm-4ce">
         <name>__aeabi_idiv0</name>
         <value>0x25c7</value>
         <object_component_ref idref="oc-275"/>
      </symbol>
      <symbol id="sm-4cf">
         <name>__aeabi_ldiv0</name>
         <value>0x25c7</value>
         <object_component_ref idref="oc-275"/>
      </symbol>
      <symbol id="sm-4f7">
         <name>__TI_auto_init_nobinit_nopinit</name>
         <value>0x2bc5</value>
         <object_component_ref idref="oc-172"/>
      </symbol>
      <symbol id="sm-501">
         <name>_system_pre_init</name>
         <value>0x2d59</value>
         <object_component_ref idref="oc-bc"/>
      </symbol>
      <symbol id="sm-50d">
         <name>C$$EXIT</name>
         <value>0x2d5d</value>
         <object_component_ref idref="oc-166"/>
      </symbol>
      <symbol id="sm-50e">
         <name>abort</name>
         <value>0x2d5d</value>
         <object_component_ref idref="oc-166"/>
      </symbol>
      <symbol id="sm-568">
         <name>GPIOPinConfigure</name>
         <value>0x2b79</value>
         <object_component_ref idref="oc-130"/>
      </symbol>
      <symbol id="sm-569">
         <name>GPIOPinTypeUART</name>
         <value>0x2cf5</value>
         <object_component_ref idref="oc-13c"/>
      </symbol>
      <symbol id="sm-56a">
         <name>GPIODirModeSet</name>
         <value>0x2cb1</value>
         <object_component_ref idref="oc-1e4"/>
      </symbol>
      <symbol id="sm-56b">
         <name>GPIOPadConfigSet</name>
         <value>0x2331</value>
         <object_component_ref idref="oc-1ea"/>
      </symbol>
      <symbol id="sm-56c">
         <name>GPIOUnlockPin</name>
         <value>0x2cdd</value>
         <object_component_ref idref="oc-20b"/>
      </symbol>
      <symbol id="sm-577">
         <name>IntMasterDisable</name>
         <value>0x2d0b</value>
         <object_component_ref idref="oc-154"/>
      </symbol>
      <symbol id="sm-5a2">
         <name>SysCtlClockSet</name>
         <value>0x26f1</value>
         <object_component_ref idref="oc-148"/>
      </symbol>
      <symbol id="sm-5a3">
         <name>SysCtlDelay</name>
         <value>0x2d4d</value>
         <object_component_ref idref="oc-209"/>
      </symbol>
      <symbol id="sm-5a4">
         <name>SysCtlPeripheralEnable</name>
         <value>0x2c49</value>
         <object_component_ref idref="oc-12a"/>
      </symbol>
      <symbol id="sm-5b1">
         <name>UARTClockSourceSet</name>
         <value>0x2d53</value>
         <object_component_ref idref="oc-136"/>
      </symbol>
      <symbol id="sm-5bb">
         <name>CPUcpsid</name>
         <value>0x2d29</value>
         <object_component_ref idref="oc-216"/>
      </symbol>
      <symbol id="sm-5bc">
         <name>__TI_static_base__</name>
         <value>0x0</value>
      </symbol>
      <symbol id="sm-5bf">
         <name>__mpu_init</name>
         <value>0x0</value>
      </symbol>
      <symbol id="sm-5c0">
         <name>_system_post_cinit</name>
         <value>0x0</value>
      </symbol>
   </symbol_table>
   <title>Link successful</title>
</link_info>
