******************************************************************************
                  TI ARM Linker PC v20.2.7                     
******************************************************************************
>> Linked Thu Feb 22 20:54:17 2024

OUTPUT FILE NAME:   <FreeRTOS.out>
ENTRY POINT SYMBOL: "_c_int00_noargs"  address: 00002c7d


MEMORY CONFIGURATION

         name            origin    length      used     unused   attr    fill
----------------------  --------  ---------  --------  --------  ----  --------
  FLASH                 00000000   00040000  00002e5c  0003d1a4  R  X
  SRAM                  20000000   00008000  00005310  00002cf0  RW X


SEGMENT ALLOCATION MAP

run origin  load origin   length   init length attrs members
----------  ----------- ---------- ----------- ----- -------
00000000    00000000    00002e60   00002e60    r-x
  00000000    00000000    0000026c   0000026c    r-- .intvecs
  0000026c    0000026c    00002af4   00002af4    r-x .text
  00002d60    00002d60    000000c4   000000c4    r-- .const
  00002e28    00002e28    00000038   00000038    r-- .cinit
20000000    20000000    00005314   00000000    rw-
  20000000    20000000    000050cc   00000000    rw- .bss
  200050d0    200050d0    00000200   00000000    rw- .stack
  200052d0    200052d0    00000044   00000000    rw- .data


SECTION ALLOCATION MAP

 output                                  attributes/
section   page    origin      length       input sections
--------  ----  ----------  ----------   ----------------
.intvecs   0    00000000    0000026c     
                  00000000    0000026c     tm4c123gh6pm_startup_ccs.obj (.intvecs)

.text      0    0000026c    00002af4     
                  0000026c    0000176c     tasks.obj (.text)
                  000019d8    000004e8     uartstdio.obj (.text)
                  00001ec0    000002b8     rtos_hw_drivers.obj (.text)
                  00002178    000001b8     heap_2.obj (.text)
                  00002330    0000016c     driverlib.lib : gpio.obj (.text:GPIOPadConfigSet)
                  0000249c    0000012a     list.obj (.text)
                  000025c6    00000002     rtsv7M4_T_le_v4SPD16_eabi.lib : div0.asm.obj (.text)
                  000025c8    00000128     port.obj (.text)
                  000026f0    000000f4     driverlib.lib : sysctl.obj (.text:SysCtlClockSet)
                  000027e4    000000d2     portasm.obj (.text)
                  000028b6    00000002     --HOLE-- [fill = 0]
                  000028b8    000000ac     hello_task.obj (.text)
                  00002964    0000009c     rtsv7M4_T_le_v4SPD16_eabi.lib : memcpy_t2.asm.obj (.text)
                  00002a00    00000094     main.obj (.text)
                  00002a94    0000007a     rtsv7M4_T_le_v4SPD16_eabi.lib : memset_t2.asm.obj (.text)
                  00002b0e    00000068                                   : copy_decompress_lzss.c.obj (.text:decompress:lzss:__TI_decompress_lzss)
                  00002b76    00000002     --HOLE-- [fill = 0]
                  00002b78    0000004c     driverlib.lib : gpio.obj (.text:GPIOPinConfigure)
                  00002bc4    00000044     rtsv7M4_T_le_v4SPD16_eabi.lib : autoinit.c.obj (.text:__TI_auto_init_nobinit_nopinit:__TI_auto_init_nobinit_nopinit)
                  00002c08    00000040                                   : u_divt2.asm.obj (.text)
                  00002c48    00000034     driverlib.lib : sysctl.obj (.text:SysCtlPeripheralEnable)
                  00002c7c    00000034     rtsv7M4_T_le_v4SPD16_eabi.lib : boot_cortex_m.c.obj (.text:_c_int00_noargs:_c_int00_noargs)
                  00002cb0    0000002c     driverlib.lib : gpio.obj (.text:GPIODirModeSet)
                  00002cdc    00000018                   : gpio.obj (.text:GPIOUnlockPin)
                  00002cf4    00000016                   : gpio.obj (.text:GPIOPinTypeUART)
                  00002d0a    00000010                   : interrupt.obj (.text:IntMasterDisable)
                  00002d1a    0000000e     rtsv7M4_T_le_v4SPD16_eabi.lib : copy_decompress_none.c.obj (.text:decompress:none:__TI_decompress_none)
                  00002d28    0000000c     driverlib.lib : cpu.obj (.text:CPUcpsid)
                  00002d34    0000000c     rtsv7M4_T_le_v4SPD16_eabi.lib : copy_zero_init.c.obj (.text:decompress:ZI:__TI_zero_init)
                  00002d40    0000000c     tm4c123gh6pm_startup_ccs.obj (.text)
                  00002d4c    00000006     driverlib.lib : sysctl.obj (.text:SysCtlDelay)
                  00002d52    00000006                   : uart.obj (.text:UARTClockSourceSet)
                  00002d58    00000004     rtsv7M4_T_le_v4SPD16_eabi.lib : pre_init.c.obj (.text:_system_pre_init)
                  00002d5c    00000004                                   : exit.c.obj (.text:abort:abort)

.const     0    00002d60    000000c4     
                  00002d60    00000090     driverlib.lib : gpio.obj (.const:g_pui32GPIOBaseAddrs)
                  00002df0    00000012     uartstdio.obj (.const:.string)
                  00002e02    00000002     --HOLE-- [fill = 0]
                  00002e04    0000000c     uartstdio.obj (.const:g_ui32UARTBase)
                  00002e10    0000000c     uartstdio.obj (.const:g_ui32UARTPeriph)
                  00002e1c    00000004     port.obj (.const)
                  00002e20    00000004     uartstdio.obj (.const)

.cinit     0    00002e28    00000038     
                  00002e28    00000013     (.cinit..data.load) [load image, compression = lzss]
                  00002e3b    00000001     --HOLE-- [fill = 0]
                  00002e3c    0000000c     (__TI_handler_table)
                  00002e48    00000008     (.cinit..bss.load) [load image, compression = zero_init]
                  00002e50    00000010     (__TI_cinit_table)

.init_array 
*          0    00000000    00000000     UNINITIALIZED

.bss       0    20000000    000050cc     UNINITIALIZED
                  20000000    00004f10     heap_2.obj (.bss:ucHeap)
                  20004f10    00000140     tasks.obj (.bss:pxReadyTasksLists)
                  20005050    00000014     tasks.obj (.bss:xDelayedTaskList1)
                  20005064    00000014     tasks.obj (.bss:xDelayedTaskList2)
                  20005078    00000014     tasks.obj (.bss:xPendingReadyList)
                  2000508c    00000014     tasks.obj (.bss:xSuspendedTaskList)
                  200050a0    00000014     tasks.obj (.bss:xTasksWaitingTermination)
                  200050b4    00000008     tasks.obj (.bss)
                  200050bc    00000008     heap_2.obj (.bss:xEnd)
                  200050c4    00000008     heap_2.obj (.bss:xStart)

.data      0    200052d0    00000044     UNINITIALIZED
                  200052d0    00000030     tasks.obj (.data)
                  20005300    00000008     heap_2.obj (.data)
                  20005308    00000005     uartstdio.obj (.data)
                  2000530d    00000003     rtos_hw_drivers.obj (.data)
                  20005310    00000004     port.obj (.data)

.stack     0    200050d0    00000200     UNINITIALIZED
                  200050d0    00000004     rtsv7M4_T_le_v4SPD16_eabi.lib : boot_cortex_m.c.obj (.stack)
                  200050d4    000001fc     --HOLE--

__llvm_prf_cnts 
*          0    20000000    00000000     UNINITIALIZED

MODULE SUMMARY

       Module                         code    ro data   rw data
       ------                         ----    -------   -------
    .\
       tm4c123gh6pm_startup_ccs.obj   12      620       0      
       hello_task.obj                 172     0         0      
       main.obj                       148     0         0      
    +--+------------------------------+-------+---------+---------+
       Total:                         332     620       0      
                                                               
    .\Source\
       tasks.obj                      5996    0         476    
       list.obj                       298     0         0      
    +--+------------------------------+-------+---------+---------+
       Total:                         6294    0         476    
                                                               
    .\Source\portable\CCS\ARM_CM4F\
       port.obj                       296     4         4      
       portasm.obj                    210     0         0      
    +--+------------------------------+-------+---------+---------+
       Total:                         506     4         4      
                                                               
    .\Source\portable\MemMang\
       heap_2.obj                     440     0         20264  
    +--+------------------------------+-------+---------+---------+
       Total:                         440     0         20264  
                                                               
    .\drivers\
       rtos_hw_drivers.obj            696     0         3      
    +--+------------------------------+-------+---------+---------+
       Total:                         696     0         3      
                                                               
    .\utils\
       uartstdio.obj                  1256    46        5      
    +--+------------------------------+-------+---------+---------+
       Total:                         1256    46        5      
                                                               
    C:/ti/TivaWare_C_Series-2.2.0.295/driverlib/ccs/Debug/driverlib.lib
       gpio.obj                       530     144       0      
       sysctl.obj                     302     0         0      
       interrupt.obj                  16      0         0      
       cpu.obj                        12      0         0      
       uart.obj                       6       0         0      
    +--+------------------------------+-------+---------+---------+
       Total:                         866     144       0      
                                                               
    C:\ti\ccs1260\ccs\tools\compiler\ti-cgt-arm_20.2.7.LTS\lib\rtsv7M4_T_le_v4SPD16_eabi.lib
       memcpy_t2.asm.obj              156     0         0      
       memset_t2.asm.obj              122     0         0      
       copy_decompress_lzss.c.obj     104     0         0      
       autoinit.c.obj                 68      0         0      
       u_divt2.asm.obj                64      0         0      
       boot_cortex_m.c.obj            52      0         0      
       copy_decompress_none.c.obj     14      0         0      
       copy_zero_init.c.obj           12      0         0      
       exit.c.obj                     4       0         0      
       pre_init.c.obj                 4       0         0      
       div0.asm.obj                   2       0         0      
    +--+------------------------------+-------+---------+---------+
       Total:                         602     0         0      
                                                               
       Stack:                         0       0         512    
       Linker Generated:              0       55        0      
    +--+------------------------------+-------+---------+---------+
       Grand Total:                   10992   869       21264  


LINKER GENERATED COPY TABLES

__TI_cinit_table @ 00002e50 records: 2, size/record: 8, table size: 16
	.data: load addr=00002e28, load size=00000013 bytes, run addr=200052d0, run size=00000044 bytes, compression=lzss
	.bss: load addr=00002e48, load size=00000008 bytes, run addr=20000000, run size=000050cc bytes, compression=zero_init


LINKER GENERATED HANDLER TABLE

__TI_handler_table @ 00002e3c records: 3, size/record: 4, table size: 12
	index: 0, handler: __TI_decompress_lzss
	index: 1, handler: __TI_decompress_none
	index: 2, handler: __TI_zero_init


GLOBAL SYMBOLS: SORTED ALPHABETICALLY BY Name 

address   name                             
-------   ----                             
000020ff  ButtonsInit                      
00002059  ButtonsPoll                      
00002d5d  C$$EXIT                          
00002d29  CPUcpsid                         
00002cb1  GPIODirModeSet                   
00002331  GPIOPadConfigSet                 
00002b79  GPIOPinConfigure                 
00002cf5  GPIOPinTypeUART                  
00002cdd  GPIOUnlockPin                    
00002d0b  IntMasterDisable                 
00002031  LEDRead                          
00001f9f  LEDWrite                         
00001ec1  PinoutSet                        
00002d41  ResetISR                         
000026f1  SysCtlClockSet                   
00002d4d  SysCtlDelay                      
00002c49  SysCtlPeripheralEnable           
00002d53  UARTClockSourceSet               
000019d9  UARTStdioConfig                  
00001b5b  UARTgetc                         
00001a95  UARTgets                         
00001e8b  UARTprintf                       
00001b91  UARTvprintf                      
00001a39  UARTwrite                        
200052d0  __STACK_END                      
00000200  __STACK_SIZE                     
200052d0  __STACK_TOP                      
00002e50  __TI_CINIT_Base                  
00002e60  __TI_CINIT_Limit                 
00002e3c  __TI_Handler_Table_Base          
00002e48  __TI_Handler_Table_Limit         
00002bc5  __TI_auto_init_nobinit_nopinit   
00002b0f  __TI_decompress_lzss             
00002d1b  __TI_decompress_none             
ffffffff  __TI_pprof_out_hndl              
ffffffff  __TI_prof_data_size              
ffffffff  __TI_prof_data_start             
00000000  __TI_static_base__               
00002d35  __TI_zero_init                   
000025c7  __aeabi_idiv0                    
000025c7  __aeabi_ldiv0                    
00002a95  __aeabi_memclr                   
00002a95  __aeabi_memclr4                  
00002a95  __aeabi_memclr8                  
00002965  __aeabi_memcpy                   
00002965  __aeabi_memcpy4                  
00002965  __aeabi_memcpy8                  
00002a97  __aeabi_memset                   
00002a97  __aeabi_memset4                  
00002a97  __aeabi_memset8                  
00002c09  __aeabi_uidiv                    
00002c09  __aeabi_uidivmod                 
ffffffff  __binit__                        
ffffffff  __c_args__                       
UNDEFED   __mpu_init                       
200050d0  __stack                          
20000000  __start___llvm_prf_cnts          
20000000  __stop___llvm_prf_cnts           
00002c7d  _c_int00_noargs                  
UNDEFED   _system_post_cinit               
00002d59  _system_pre_init                 
00002d5d  abort                            
ffffffff  binit                            
00000000  g_pfnVectors                     
00002a01  main                             
00002a77  malloc                           
00002965  memcpy                           
00002a9d  memset                           
00002179  pvPortMalloc                     
00001525  pvTaskIncrementMutexHeldCount    
200052d0  pxCurrentTCB                     
000025c9  pxPortInitialiseStack            
00002e1c  ulMaxSyscallInterruptPriority    
000027f5  ulPortGetIPSR                    
0000153d  ulTaskNotifyTake                 
0000257f  uxListRemove                     
00000a49  uxTaskGetNumberOfTasks           
00001301  uxTaskGetStackHighWaterMark      
00000a55  uxTaskGetSystemState             
00000f6d  uxTaskGetTaskNumber              
00000523  uxTaskPriorityGet                
00000551  uxTaskPriorityGetFromISR         
00001503  uxTaskResetEventItemValue        
00002a69  vApplicationIdleHook             
00002a61  vApplicationMallocFailedHook     
00002a6b  vApplicationStackOverflowHook    
00002911  vApplicationTickHook             
000028b9  vHelloTask                       
0000249d  vListInitialise                  
000024cd  vListInitialiseItem              
00002519  vListInsert                      
000024dd  vListInsertEnd                   
000028a9  vPortEnableVFP                   
00002665  vPortEndScheduler                
00002667  vPortEnterCritical               
00002687  vPortExitCritical                
00002271  vPortFree                        
000022d5  vPortInitialiseBlocks            
0000286d  vPortSVCHandler                  
000026c3  vPortSetupTimerInterrupt         
0000288d  vPortStartFirstTask              
000004c7  vTaskDelay                       
0000041f  vTaskDelayUntil                  
00000383  vTaskDelete                      
00000919  vTaskEndScheduler                
00000f5b  vTaskMissedYield                 
000018e1  vTaskNotifyGiveFromISR           
00000cf9  vTaskPlaceOnEventList            
00000d61  vTaskPlaceOnUnorderedEventList   
000013ad  vTaskPriorityInherit             
000005a9  vTaskPrioritySet                 
000007af  vTaskResume                      
00000f8d  vTaskSetTaskNumber               
00000ec3  vTaskSetTimeOutState             
000008c1  vTaskStartScheduler              
000006bd  vTaskSuspend                     
00000935  vTaskSuspendAll                  
00000c4d  vTaskSwitchContext               
000022cf  xPortGetFreeHeapSize             
0000280d  xPortPendSVHandler               
0000262f  xPortStartScheduler              
0000269d  xPortSysTickHandler              
00000ee1  xTaskCheckForTimeOut             
0000026d  xTaskGenericCreate               
000016e7  xTaskGenericNotify               
000017d9  xTaskGenericNotifyFromISR        
0000138f  xTaskGetCurrentTaskHandle        
00000a21  xTaskGetTickCount                
00000a31  xTaskGetTickCountFromISR         
00000b29  xTaskIncrementTick               
00001987  xTaskNotifyStateClear            
00001601  xTaskNotifyWait                  
00001467  xTaskPriorityDisinherit          
00000dd5  xTaskRemoveFromEventList         
00000e51  xTaskRemoveFromUnorderedEventList
0000094d  xTaskResumeAll                   
00000831  xTaskResumeFromISR               


GLOBAL SYMBOLS: SORTED BY Symbol Address 

address   name                             
-------   ----                             
00000000  __TI_static_base__               
00000000  g_pfnVectors                     
00000200  __STACK_SIZE                     
0000026d  xTaskGenericCreate               
00000383  vTaskDelete                      
0000041f  vTaskDelayUntil                  
000004c7  vTaskDelay                       
00000523  uxTaskPriorityGet                
00000551  uxTaskPriorityGetFromISR         
000005a9  vTaskPrioritySet                 
000006bd  vTaskSuspend                     
000007af  vTaskResume                      
00000831  xTaskResumeFromISR               
000008c1  vTaskStartScheduler              
00000919  vTaskEndScheduler                
00000935  vTaskSuspendAll                  
0000094d  xTaskResumeAll                   
00000a21  xTaskGetTickCount                
00000a31  xTaskGetTickCountFromISR         
00000a49  uxTaskGetNumberOfTasks           
00000a55  uxTaskGetSystemState             
00000b29  xTaskIncrementTick               
00000c4d  vTaskSwitchContext               
00000cf9  vTaskPlaceOnEventList            
00000d61  vTaskPlaceOnUnorderedEventList   
00000dd5  xTaskRemoveFromEventList         
00000e51  xTaskRemoveFromUnorderedEventList
00000ec3  vTaskSetTimeOutState             
00000ee1  xTaskCheckForTimeOut             
00000f5b  vTaskMissedYield                 
00000f6d  uxTaskGetTaskNumber              
00000f8d  vTaskSetTaskNumber               
00001301  uxTaskGetStackHighWaterMark      
0000138f  xTaskGetCurrentTaskHandle        
000013ad  vTaskPriorityInherit             
00001467  xTaskPriorityDisinherit          
00001503  uxTaskResetEventItemValue        
00001525  pvTaskIncrementMutexHeldCount    
0000153d  ulTaskNotifyTake                 
00001601  xTaskNotifyWait                  
000016e7  xTaskGenericNotify               
000017d9  xTaskGenericNotifyFromISR        
000018e1  vTaskNotifyGiveFromISR           
00001987  xTaskNotifyStateClear            
000019d9  UARTStdioConfig                  
00001a39  UARTwrite                        
00001a95  UARTgets                         
00001b5b  UARTgetc                         
00001b91  UARTvprintf                      
00001e8b  UARTprintf                       
00001ec1  PinoutSet                        
00001f9f  LEDWrite                         
00002031  LEDRead                          
00002059  ButtonsPoll                      
000020ff  ButtonsInit                      
00002179  pvPortMalloc                     
00002271  vPortFree                        
000022cf  xPortGetFreeHeapSize             
000022d5  vPortInitialiseBlocks            
00002331  GPIOPadConfigSet                 
0000249d  vListInitialise                  
000024cd  vListInitialiseItem              
000024dd  vListInsertEnd                   
00002519  vListInsert                      
0000257f  uxListRemove                     
000025c7  __aeabi_idiv0                    
000025c7  __aeabi_ldiv0                    
000025c9  pxPortInitialiseStack            
0000262f  xPortStartScheduler              
00002665  vPortEndScheduler                
00002667  vPortEnterCritical               
00002687  vPortExitCritical                
0000269d  xPortSysTickHandler              
000026c3  vPortSetupTimerInterrupt         
000026f1  SysCtlClockSet                   
000027f5  ulPortGetIPSR                    
0000280d  xPortPendSVHandler               
0000286d  vPortSVCHandler                  
0000288d  vPortStartFirstTask              
000028a9  vPortEnableVFP                   
000028b9  vHelloTask                       
00002911  vApplicationTickHook             
00002965  __aeabi_memcpy                   
00002965  __aeabi_memcpy4                  
00002965  __aeabi_memcpy8                  
00002965  memcpy                           
00002a01  main                             
00002a61  vApplicationMallocFailedHook     
00002a69  vApplicationIdleHook             
00002a6b  vApplicationStackOverflowHook    
00002a77  malloc                           
00002a95  __aeabi_memclr                   
00002a95  __aeabi_memclr4                  
00002a95  __aeabi_memclr8                  
00002a97  __aeabi_memset                   
00002a97  __aeabi_memset4                  
00002a97  __aeabi_memset8                  
00002a9d  memset                           
00002b0f  __TI_decompress_lzss             
00002b79  GPIOPinConfigure                 
00002bc5  __TI_auto_init_nobinit_nopinit   
00002c09  __aeabi_uidiv                    
00002c09  __aeabi_uidivmod                 
00002c49  SysCtlPeripheralEnable           
00002c7d  _c_int00_noargs                  
00002cb1  GPIODirModeSet                   
00002cdd  GPIOUnlockPin                    
00002cf5  GPIOPinTypeUART                  
00002d0b  IntMasterDisable                 
00002d1b  __TI_decompress_none             
00002d29  CPUcpsid                         
00002d35  __TI_zero_init                   
00002d41  ResetISR                         
00002d4d  SysCtlDelay                      
00002d53  UARTClockSourceSet               
00002d59  _system_pre_init                 
00002d5d  C$$EXIT                          
00002d5d  abort                            
00002e1c  ulMaxSyscallInterruptPriority    
00002e3c  __TI_Handler_Table_Base          
00002e48  __TI_Handler_Table_Limit         
00002e50  __TI_CINIT_Base                  
00002e60  __TI_CINIT_Limit                 
20000000  __start___llvm_prf_cnts          
20000000  __stop___llvm_prf_cnts           
200050d0  __stack                          
200052d0  __STACK_END                      
200052d0  __STACK_TOP                      
200052d0  pxCurrentTCB                     
ffffffff  __TI_pprof_out_hndl              
ffffffff  __TI_prof_data_size              
ffffffff  __TI_prof_data_start             
ffffffff  __binit__                        
ffffffff  __c_args__                       
ffffffff  binit                            
UNDEFED   __mpu_init                       
UNDEFED   _system_post_cinit               

[137 symbols]
