******************************************************************************
                  TI ARM Linker PC v20.2.7                     
******************************************************************************
>> Linked Thu Feb 22 22:21:14 2024

OUTPUT FILE NAME:   <FreeRTOS_Blink_LED.out>
ENTRY POINT SYMBOL: "_c_int00_noargs"  address: 00003365


MEMORY CONFIGURATION

         name            origin    length      used     unused   attr    fill
----------------------  --------  ---------  --------  --------  ----  --------
  FLASH                 00000000   00040000  000035ba  0003ca46  R  X
  SRAM                  20000000   00008000  0000536b  00002c95  RW X


SEGMENT ALLOCATION MAP

run origin  load origin   length   init length attrs members
----------  ----------- ---------- ----------- ----- -------
00000000    00000000    000035c0   000035c0    r-x
  00000000    00000000    0000026c   0000026c    r-- .intvecs
  0000026c    0000026c    00003266   00003266    r-x .text
  000034d4    000034d4    000000a8   000000a8    r-- .const
  00003580    00003580    00000040   00000040    r-- .cinit
20000000    20000000    0000536f   00000000    rw-
  20000000    20000000    0000511c   00000000    rw- .bss
  20005120    20005120    00000200   00000000    rw- .stack
  20005320    20005320    0000004f   00000000    rw- .data


SECTION ALLOCATION MAP

 output                                  attributes/
section   page    origin      length       input sections
--------  ----  ----------  ----------   ----------------
.intvecs   0    00000000    0000026c     
                  00000000    0000026c     tm4c123gh6pm_startup_ccs.obj (.intvecs)

.text      0    0000026c    00003266     
                  0000026c    0000176c     tasks.obj (.text)
                  000019d8    00000988     queue.obj (.text)
                  00002360    0000021c     rtos_hw_drivers.obj (.text)
                  0000257c    000001c0     blinky_task.obj (.text)
                  0000273c    000001b8     heap_2.obj (.text)
                  000028f4    0000016c     driverlib.lib : gpio.obj (.text:GPIOPadConfigSet)
                  00002a60    0000012a     list.obj (.text)
                  00002b8a    00000002     --HOLE-- [fill = 0]
                  00002b8c    00000128     port.obj (.text)
                  00002cb4    000000fc     rtsv7M4_T_le_v4SPD16_eabi.lib : fd_mul_t2.asm.obj (.text)
                  00002db0    000000f4     driverlib.lib : sysctl.obj (.text:SysCtlClockSet)
                  00002ea4    000000d2     portasm.obj (.text)
                  00002f76    0000009c     rtsv7M4_T_le_v4SPD16_eabi.lib : memcpy_t2.asm.obj (.text)
                  00003012    0000007a                                   : memset_t2.asm.obj (.text)
                  0000308c    0000006e                                   : fd_tos_t2.asm.obj (.text)
                  000030fa    00000002     --HOLE-- [fill = 0]
                  000030fc    00000068     driverlib.lib : interrupt.obj (.text:IntEnable)
                  00003164    00000068     rtsv7M4_T_le_v4SPD16_eabi.lib : copy_decompress_lzss.c.obj (.text:decompress:lzss:__TI_decompress_lzss)
                  000031cc    00000058     driverlib.lib : gpio.obj (.text:GPIOIntTypeSet)
                  00003224    0000004c                   : gpio.obj (.text:GPIOPinConfigure)
                  00003270    00000044     rtsv7M4_T_le_v4SPD16_eabi.lib : autoinit.c.obj (.text:__TI_auto_init_nobinit_nopinit:__TI_auto_init_nobinit_nopinit)
                  000032b4    00000044     main.obj (.text)
                  000032f8    00000038     rtsv7M4_T_le_v4SPD16_eabi.lib : fs_tod_t2.asm.obj (.text)
                  00003330    00000034     driverlib.lib : sysctl.obj (.text:SysCtlPeripheralEnable)
                  00003364    00000034     rtsv7M4_T_le_v4SPD16_eabi.lib : boot_cortex_m.c.obj (.text:_c_int00_noargs:_c_int00_noargs)
                  00003398    0000002c     driverlib.lib : gpio.obj (.text:GPIODirModeSet)
                  000033c4    0000001a                   : gpio.obj (.text:GPIOPinTypeGPIOOutput)
                  000033de    00000002     --HOLE-- [fill = 0]
                  000033e0    00000018                   : gpio.obj (.text:GPIOUnlockPin)
                  000033f8    00000016                   : gpio.obj (.text:GPIOPinTypeGPIOInput)
                  0000340e    00000016                   : gpio.obj (.text:GPIOPinTypeUART)
                  00003424    00000016                   : gpio.obj (.text:GPIOPinTypeUSBAnalog)
                  0000343a    00000010                   : interrupt.obj (.text:IntMasterDisable)
                  0000344a    00000010                   : interrupt.obj (.text:IntMasterEnable)
                  0000345a    0000000e                   : gpio.obj (.text:GPIOIntStatus)
                  00003468    0000000e     rtsv7M4_T_le_v4SPD16_eabi.lib : copy_decompress_none.c.obj (.text:decompress:none:__TI_decompress_none)
                  00003476    0000000c     driverlib.lib : cpu.obj (.text:CPUcpsid)
                  00003482    0000000c                   : cpu.obj (.text:CPUcpsie)
                  0000348e    0000000c                   : gpio.obj (.text:GPIOIntEnable)
                  0000349a    0000000c     rtsv7M4_T_le_v4SPD16_eabi.lib : copy_zero_init.c.obj (.text:decompress:ZI:__TI_zero_init)
                  000034a6    0000000c     tm4c123gh6pm_startup_ccs.obj (.text)
                  000034b2    00000006     driverlib.lib : gpio.obj (.text:GPIOIntClear)
                  000034b8    00000006                   : gpio.obj (.text:GPIOPinRead)
                  000034be    00000006                   : gpio.obj (.text:GPIOPinWrite)
                  000034c4    00000006                   : sysctl.obj (.text:SysCtlDelay)
                  000034ca    00000004     rtsv7M4_T_le_v4SPD16_eabi.lib : pre_init.c.obj (.text:_system_pre_init)
                  000034ce    00000004                                   : exit.c.obj (.text:abort:abort)

.const     0    000034d4    000000a8     
                  000034d4    00000090     driverlib.lib : gpio.obj (.const:g_pui32GPIOBaseAddrs)
                  00003564    00000014                   : interrupt.obj (.const:g_pui32EnRegs)
                  00003578    00000004     port.obj (.const)

.cinit     0    00003580    00000040     
                  00003580    0000001c     (.cinit..data.load) [load image, compression = lzss]
                  0000359c    0000000c     (__TI_handler_table)
                  000035a8    00000008     (.cinit..bss.load) [load image, compression = zero_init]
                  000035b0    00000010     (__TI_cinit_table)

.init_array 
*          0    00000000    00000000     UNINITIALIZED

.bss       0    20000000    0000511c     UNINITIALIZED
                  20000000    00004f10     heap_2.obj (.bss:ucHeap)
                  20004f10    00000140     tasks.obj (.bss:pxReadyTasksLists)
                  20005050    00000050     (.common:xQueueRegistry)
                  200050a0    00000014     tasks.obj (.bss:xDelayedTaskList1)
                  200050b4    00000014     tasks.obj (.bss:xDelayedTaskList2)
                  200050c8    00000014     tasks.obj (.bss:xPendingReadyList)
                  200050dc    00000014     tasks.obj (.bss:xSuspendedTaskList)
                  200050f0    00000014     tasks.obj (.bss:xTasksWaitingTermination)
                  20005104    00000008     tasks.obj (.bss)
                  2000510c    00000008     heap_2.obj (.bss:xEnd)
                  20005114    00000008     heap_2.obj (.bss:xStart)

.data      0    20005320    0000004f     UNINITIALIZED
                  20005320    00000030     tasks.obj (.data)
                  20005350    00000010     blinky_task.obj (.data)
                  20005360    00000008     heap_2.obj (.data)
                  20005368    00000004     port.obj (.data)
                  2000536c    00000003     rtos_hw_drivers.obj (.data)

.stack     0    20005120    00000200     UNINITIALIZED
                  20005120    00000004     rtsv7M4_T_le_v4SPD16_eabi.lib : boot_cortex_m.c.obj (.stack)
                  20005124    000001fc     --HOLE--

__llvm_prf_cnts 
*          0    20000000    00000000     UNINITIALIZED

MODULE SUMMARY

       Module                         code    ro data   rw data
       ------                         ----    -------   -------
    .\
       tm4c123gh6pm_startup_ccs.obj   12      620       0      
       blinky_task.obj                448     0         16     
       main.obj                       68      0         0      
    +--+------------------------------+-------+---------+---------+
       Total:                         528     620       16     
                                                               
    .\Source\
       tasks.obj                      5996    0         476    
       queue.obj                      2440    0         80     
       list.obj                       298     0         0      
    +--+------------------------------+-------+---------+---------+
       Total:                         8734    0         556    
                                                               
    .\Source\portable\CCS\ARM_CM4F\
       port.obj                       296     4         4      
       portasm.obj                    210     0         0      
    +--+------------------------------+-------+---------+---------+
       Total:                         506     4         4      
                                                               
    .\Source\portable\MemMang\
       heap_2.obj                     440     0         20264  
    +--+------------------------------+-------+---------+---------+
       Total:                         440     0         20264  
                                                               
    .\drivers\
       rtos_hw_drivers.obj            540     0         3      
    +--+------------------------------+-------+---------+---------+
       Total:                         540     0         3      
                                                               
    C:/ti/TivaWare_C_Series-2.2.0.295/driverlib/ccs/Debug/driverlib.lib
       gpio.obj                       732     144       0      
       sysctl.obj                     302     0         0      
       interrupt.obj                  136     20        0      
       cpu.obj                        24      0         0      
    +--+------------------------------+-------+---------+---------+
       Total:                         1194    164       0      
                                                               
    C:\ti\ccs1260\ccs\tools\compiler\ti-cgt-arm_20.2.7.LTS\lib\rtsv7M4_T_le_v4SPD16_eabi.lib
       fd_mul_t2.asm.obj              252     0         0      
       memcpy_t2.asm.obj              156     0         0      
       memset_t2.asm.obj              122     0         0      
       fd_tos_t2.asm.obj              110     0         0      
       copy_decompress_lzss.c.obj     104     0         0      
       autoinit.c.obj                 68      0         0      
       fs_tod_t2.asm.obj              56      0         0      
       boot_cortex_m.c.obj            52      0         0      
       copy_decompress_none.c.obj     14      0         0      
       copy_zero_init.c.obj           12      0         0      
       exit.c.obj                     4       0         0      
       pre_init.c.obj                 4       0         0      
    +--+------------------------------+-------+---------+---------+
       Total:                         954     0         0      
                                                               
       Stack:                         0       0         512    
       Linker Generated:              0       64        0      
    +--+------------------------------+-------+---------+---------+
       Grand Total:                   12896   852       21355  


LINKER GENERATED COPY TABLES

__TI_cinit_table @ 000035b0 records: 2, size/record: 8, table size: 16
	.data: load addr=00003580, load size=0000001c bytes, run addr=20005320, run size=0000004f bytes, compression=lzss
	.bss: load addr=000035a8, load size=00000008 bytes, run addr=20000000, run size=0000511c bytes, compression=zero_init


LINKER GENERATED HANDLER TABLE

__TI_handler_table @ 0000359c records: 3, size/record: 4, table size: 12
	index: 0, handler: __TI_decompress_lzss
	index: 1, handler: __TI_decompress_none
	index: 2, handler: __TI_zero_init


GLOBAL SYMBOLS: SORTED ALPHABETICALLY BY Name 

address   name                             
-------   ----                             
0000251b  ButtonsInit                      
0000247b  ButtonsPoll                      
000034cf  C$$EXIT                          
00003477  CPUcpsid                         
00003483  CPUcpsie                         
00003399  GPIODirModeSet                   
000034b3  GPIOIntClear                     
0000348f  GPIOIntEnable                    
0000345b  GPIOIntStatus                    
000031cd  GPIOIntTypeSet                   
000028f5  GPIOPadConfigSet                 
00003225  GPIOPinConfigure                 
000034b9  GPIOPinRead                      
000033f9  GPIOPinTypeGPIOInput             
000033c5  GPIOPinTypeGPIOOutput            
0000340f  GPIOPinTypeUART                  
00003425  GPIOPinTypeUSBAnalog             
000034bf  GPIOPinWrite                     
000033e1  GPIOUnlockPin                    
000030fd  IntEnable                        
0000343b  IntMasterDisable                 
0000344b  IntMasterEnable                  
00002459  LEDRead                          
000023eb  LEDWrite                         
00002361  PinoutSet                        
000034a7  ResetISR                         
00002db1  SysCtlClockSet                   
000034c5  SysCtlDelay                      
00003331  SysCtlPeripheralEnable           
20005320  __STACK_END                      
00000200  __STACK_SIZE                     
20005320  __STACK_TOP                      
000035b0  __TI_CINIT_Base                  
000035c0  __TI_CINIT_Limit                 
0000359c  __TI_Handler_Table_Base          
000035a8  __TI_Handler_Table_Limit         
00003271  __TI_auto_init_nobinit_nopinit   
00003165  __TI_decompress_lzss             
00003469  __TI_decompress_none             
ffffffff  __TI_pprof_out_hndl              
ffffffff  __TI_prof_data_size              
ffffffff  __TI_prof_data_start             
00000000  __TI_static_base__               
0000349b  __TI_zero_init                   
0000308d  __aeabi_d2f                      
00002cb5  __aeabi_dmul                     
000032f9  __aeabi_f2d                      
00003013  __aeabi_memclr                   
00003013  __aeabi_memclr4                  
00003013  __aeabi_memclr8                  
00002f77  __aeabi_memcpy                   
00002f77  __aeabi_memcpy4                  
00002f77  __aeabi_memcpy8                  
00003015  __aeabi_memset                   
00003015  __aeabi_memset4                  
00003015  __aeabi_memset8                  
ffffffff  __binit__                        
ffffffff  __c_args__                       
UNDEFED   __mpu_init                       
20005120  __stack                          
20000000  __start___llvm_prf_cnts          
20000000  __stop___llvm_prf_cnts           
00003365  _c_int00_noargs                  
UNDEFED   _system_post_cinit               
000034cb  _system_pre_init                 
000034cf  abort                            
ffffffff  binit                            
20005350  g_fSpeed                         
00000000  g_pfnVectors                     
20005354  g_ui32TimeStamp                  
000032b5  main                             
000032eb  malloc                           
00002f77  memcpy                           
0000301b  memset                           
0000273d  pvPortMalloc                     
00001525  pvTaskIncrementMutexHeldCount    
20005320  pxCurrentTCB                     
00002b8d  pxPortInitialiseStack            
000020cd  ucQueueGetQueueType              
00003578  ulMaxSyscallInterruptPriority    
00002eb5  ulPortGetIPSR                    
0000153d  ulTaskNotifyTake                 
00002b43  uxListRemove                     
000020ad  uxQueueGetQueueNumber            
0000204f  uxQueueMessagesWaiting           
00002085  uxQueueMessagesWaitingFromISR    
00002065  uxQueueSpacesAvailable           
00000a49  uxTaskGetNumberOfTasks           
00001301  uxTaskGetStackHighWaterMark      
00000a55  uxTaskGetSystemState             
00000f6d  uxTaskGetTaskNumber              
00000523  uxTaskPriorityGet                
00000551  uxTaskPriorityGetFromISR         
00001503  uxTaskResetEventItemValue        
000032dd  vApplicationIdleHook             
000032d5  vApplicationMallocFailedHook     
000032df  vApplicationStackOverflowHook    
00002701  vApplicationTickHook             
0000257d  vBlinkyTask                      
00002a61  vListInitialise                  
00002a91  vListInitialiseItem              
00002add  vListInsert                      
00002aa1  vListInsertEnd                   
00002f69  vPortEnableVFP                   
00002c29  vPortEndScheduler                
00002c2b  vPortEnterCritical               
00002c4b  vPortExitCritical                
00002835  vPortFree                        
00002899  vPortInitialiseBlocks            
00002f2d  vPortSVCHandler                  
00002c87  vPortSetupTimerInterrupt         
00002f4d  vPortStartFirstTask              
000022dd  vQueueAddToRegistry              
00002097  vQueueDelete                     
000020bb  vQueueSetQueueNumber             
0000231f  vQueueUnregisterQueue            
000004c7  vTaskDelay                       
0000041f  vTaskDelayUntil                  
00000383  vTaskDelete                      
00000919  vTaskEndScheduler                
00000f5b  vTaskMissedYield                 
000018e1  vTaskNotifyGiveFromISR           
00000cf9  vTaskPlaceOnEventList            
00000d61  vTaskPlaceOnUnorderedEventList   
000013ad  vTaskPriorityInherit             
000005a9  vTaskPrioritySet                 
000007af  vTaskResume                      
00000f8d  vTaskSetTaskNumber               
00000ec3  vTaskSetTimeOutState             
000008c1  vTaskStartScheduler              
000006bd  vTaskSuspend                     
00000935  vTaskSuspendAll                  
00000c4d  vTaskSwitchContext               
0000268f  xButtonsHandler                  
00002893  xPortGetFreeHeapSize             
00002ecd  xPortPendSVHandler               
00002bf3  xPortStartScheduler              
00002c61  xPortSysTickHandler              
00001ae5  xQueueCreateMutex                
00001a75  xQueueGenericCreate              
00001e13  xQueueGenericReceive             
000019d9  xQueueGenericReset               
00001be1  xQueueGenericSend                
00001d07  xQueueGenericSendFromISR         
00001d93  xQueueGiveFromISR                
00001b5b  xQueueGiveMutexRecursive         
00002279  xQueueIsQueueEmptyFromISR        
000022bb  xQueueIsQueueFullFromISR         
00001ffd  xQueuePeekFromISR                
00001f77  xQueueReceiveFromISR             
20005050  xQueueRegistry                   
00001b97  xQueueTakeMutexRecursive         
00000ee1  xTaskCheckForTimeOut             
0000026d  xTaskGenericCreate               
000016e7  xTaskGenericNotify               
000017d9  xTaskGenericNotifyFromISR        
0000138f  xTaskGetCurrentTaskHandle        
00000a21  xTaskGetTickCount                
00000a31  xTaskGetTickCountFromISR         
00000b29  xTaskIncrementTick               
00001987  xTaskNotifyStateClear            
00001601  xTaskNotifyWait                  
00001467  xTaskPriorityDisinherit          
00000dd5  xTaskRemoveFromEventList         
00000e51  xTaskRemoveFromUnorderedEventList
0000094d  xTaskResumeAll                   
00000831  xTaskResumeFromISR               


GLOBAL SYMBOLS: SORTED BY Symbol Address 

address   name                             
-------   ----                             
00000000  __TI_static_base__               
00000000  g_pfnVectors                     
00000200  __STACK_SIZE                     
0000026d  xTaskGenericCreate               
00000383  vTaskDelete                      
0000041f  vTaskDelayUntil                  
000004c7  vTaskDelay                       
00000523  uxTaskPriorityGet                
00000551  uxTaskPriorityGetFromISR         
000005a9  vTaskPrioritySet                 
000006bd  vTaskSuspend                     
000007af  vTaskResume                      
00000831  xTaskResumeFromISR               
000008c1  vTaskStartScheduler              
00000919  vTaskEndScheduler                
00000935  vTaskSuspendAll                  
0000094d  xTaskResumeAll                   
00000a21  xTaskGetTickCount                
00000a31  xTaskGetTickCountFromISR         
00000a49  uxTaskGetNumberOfTasks           
00000a55  uxTaskGetSystemState             
00000b29  xTaskIncrementTick               
00000c4d  vTaskSwitchContext               
00000cf9  vTaskPlaceOnEventList            
00000d61  vTaskPlaceOnUnorderedEventList   
00000dd5  xTaskRemoveFromEventList         
00000e51  xTaskRemoveFromUnorderedEventList
00000ec3  vTaskSetTimeOutState             
00000ee1  xTaskCheckForTimeOut             
00000f5b  vTaskMissedYield                 
00000f6d  uxTaskGetTaskNumber              
00000f8d  vTaskSetTaskNumber               
00001301  uxTaskGetStackHighWaterMark      
0000138f  xTaskGetCurrentTaskHandle        
000013ad  vTaskPriorityInherit             
00001467  xTaskPriorityDisinherit          
00001503  uxTaskResetEventItemValue        
00001525  pvTaskIncrementMutexHeldCount    
0000153d  ulTaskNotifyTake                 
00001601  xTaskNotifyWait                  
000016e7  xTaskGenericNotify               
000017d9  xTaskGenericNotifyFromISR        
000018e1  vTaskNotifyGiveFromISR           
00001987  xTaskNotifyStateClear            
000019d9  xQueueGenericReset               
00001a75  xQueueGenericCreate              
00001ae5  xQueueCreateMutex                
00001b5b  xQueueGiveMutexRecursive         
00001b97  xQueueTakeMutexRecursive         
00001be1  xQueueGenericSend                
00001d07  xQueueGenericSendFromISR         
00001d93  xQueueGiveFromISR                
00001e13  xQueueGenericReceive             
00001f77  xQueueReceiveFromISR             
00001ffd  xQueuePeekFromISR                
0000204f  uxQueueMessagesWaiting           
00002065  uxQueueSpacesAvailable           
00002085  uxQueueMessagesWaitingFromISR    
00002097  vQueueDelete                     
000020ad  uxQueueGetQueueNumber            
000020bb  vQueueSetQueueNumber             
000020cd  ucQueueGetQueueType              
00002279  xQueueIsQueueEmptyFromISR        
000022bb  xQueueIsQueueFullFromISR         
000022dd  vQueueAddToRegistry              
0000231f  vQueueUnregisterQueue            
00002361  PinoutSet                        
000023eb  LEDWrite                         
00002459  LEDRead                          
0000247b  ButtonsPoll                      
0000251b  ButtonsInit                      
0000257d  vBlinkyTask                      
0000268f  xButtonsHandler                  
00002701  vApplicationTickHook             
0000273d  pvPortMalloc                     
00002835  vPortFree                        
00002893  xPortGetFreeHeapSize             
00002899  vPortInitialiseBlocks            
000028f5  GPIOPadConfigSet                 
00002a61  vListInitialise                  
00002a91  vListInitialiseItem              
00002aa1  vListInsertEnd                   
00002add  vListInsert                      
00002b43  uxListRemove                     
00002b8d  pxPortInitialiseStack            
00002bf3  xPortStartScheduler              
00002c29  vPortEndScheduler                
00002c2b  vPortEnterCritical               
00002c4b  vPortExitCritical                
00002c61  xPortSysTickHandler              
00002c87  vPortSetupTimerInterrupt         
00002cb5  __aeabi_dmul                     
00002db1  SysCtlClockSet                   
00002eb5  ulPortGetIPSR                    
00002ecd  xPortPendSVHandler               
00002f2d  vPortSVCHandler                  
00002f4d  vPortStartFirstTask              
00002f69  vPortEnableVFP                   
00002f77  __aeabi_memcpy                   
00002f77  __aeabi_memcpy4                  
00002f77  __aeabi_memcpy8                  
00002f77  memcpy                           
00003013  __aeabi_memclr                   
00003013  __aeabi_memclr4                  
00003013  __aeabi_memclr8                  
00003015  __aeabi_memset                   
00003015  __aeabi_memset4                  
00003015  __aeabi_memset8                  
0000301b  memset                           
0000308d  __aeabi_d2f                      
000030fd  IntEnable                        
00003165  __TI_decompress_lzss             
000031cd  GPIOIntTypeSet                   
00003225  GPIOPinConfigure                 
00003271  __TI_auto_init_nobinit_nopinit   
000032b5  main                             
000032d5  vApplicationMallocFailedHook     
000032dd  vApplicationIdleHook             
000032df  vApplicationStackOverflowHook    
000032eb  malloc                           
000032f9  __aeabi_f2d                      
00003331  SysCtlPeripheralEnable           
00003365  _c_int00_noargs                  
00003399  GPIODirModeSet                   
000033c5  GPIOPinTypeGPIOOutput            
000033e1  GPIOUnlockPin                    
000033f9  GPIOPinTypeGPIOInput             
0000340f  GPIOPinTypeUART                  
00003425  GPIOPinTypeUSBAnalog             
0000343b  IntMasterDisable                 
0000344b  IntMasterEnable                  
0000345b  GPIOIntStatus                    
00003469  __TI_decompress_none             
00003477  CPUcpsid                         
00003483  CPUcpsie                         
0000348f  GPIOIntEnable                    
0000349b  __TI_zero_init                   
000034a7  ResetISR                         
000034b3  GPIOIntClear                     
000034b9  GPIOPinRead                      
000034bf  GPIOPinWrite                     
000034c5  SysCtlDelay                      
000034cb  _system_pre_init                 
000034cf  C$$EXIT                          
000034cf  abort                            
00003578  ulMaxSyscallInterruptPriority    
0000359c  __TI_Handler_Table_Base          
000035a8  __TI_Handler_Table_Limit         
000035b0  __TI_CINIT_Base                  
000035c0  __TI_CINIT_Limit                 
20000000  __start___llvm_prf_cnts          
20000000  __stop___llvm_prf_cnts           
20005050  xQueueRegistry                   
20005120  __stack                          
20005320  __STACK_END                      
20005320  __STACK_TOP                      
20005320  pxCurrentTCB                     
20005350  g_fSpeed                         
20005354  g_ui32TimeStamp                  
ffffffff  __TI_pprof_out_hndl              
ffffffff  __TI_prof_data_size              
ffffffff  __TI_prof_data_start             
ffffffff  __binit__                        
ffffffff  __c_args__                       
ffffffff  binit                            
UNDEFED   __mpu_init                       
UNDEFED   _system_post_cinit               

[167 symbols]
