<?xml version="1.0" encoding="ISO-8859-1" ?>
<link_info>
   <banner>TI ARM Linker PC v20.2.7.LTS</banner>
   <copyright>Copyright (c) 1996-2018 Texas Instruments Incorporated</copyright>
   <link_time>0x65d7666a</link_time>
   <link_errors>0x0</link_errors>
   <output_file>FreeRTOS_Blink_LED.out</output_file>
   <entry_point>
      <name>_c_int00_noargs</name>
      <address>0x3365</address>
   </entry_point>
   <input_file_list>
      <input_file id="fl-2">
         <path>.\</path>
         <kind>object</kind>
         <file>blinky_task.obj</file>
         <name>blinky_task.obj</name>
      </input_file>
      <input_file id="fl-3">
         <path>.\</path>
         <kind>object</kind>
         <file>main.obj</file>
         <name>main.obj</name>
      </input_file>
      <input_file id="fl-4">
         <path>.\</path>
         <kind>object</kind>
         <file>tm4c123gh6pm_startup_ccs.obj</file>
         <name>tm4c123gh6pm_startup_ccs.obj</name>
      </input_file>
      <input_file id="fl-5">
         <path>.\Source\</path>
         <kind>object</kind>
         <file>croutine.obj</file>
         <name>croutine.obj</name>
      </input_file>
      <input_file id="fl-6">
         <path>.\Source\</path>
         <kind>object</kind>
         <file>list.obj</file>
         <name>list.obj</name>
      </input_file>
      <input_file id="fl-7">
         <path>.\Source\</path>
         <kind>object</kind>
         <file>queue.obj</file>
         <name>queue.obj</name>
      </input_file>
      <input_file id="fl-8">
         <path>.\Source\</path>
         <kind>object</kind>
         <file>tasks.obj</file>
         <name>tasks.obj</name>
      </input_file>
      <input_file id="fl-9">
         <path>.\Source\</path>
         <kind>object</kind>
         <file>timers.obj</file>
         <name>timers.obj</name>
      </input_file>
      <input_file id="fl-a">
         <path>.\Source\portable\CCS\ARM_CM4F\</path>
         <kind>object</kind>
         <file>port.obj</file>
         <name>port.obj</name>
      </input_file>
      <input_file id="fl-b">
         <path>.\Source\portable\CCS\ARM_CM4F\</path>
         <kind>object</kind>
         <file>portasm.obj</file>
         <name>portasm.obj</name>
      </input_file>
      <input_file id="fl-c">
         <path>.\Source\portable\MemMang\</path>
         <kind>object</kind>
         <file>heap_2.obj</file>
         <name>heap_2.obj</name>
      </input_file>
      <input_file id="fl-d">
         <path>.\drivers\</path>
         <kind>object</kind>
         <file>rtos_hw_drivers.obj</file>
         <name>rtos_hw_drivers.obj</name>
      </input_file>
      <input_file id="fl-e">
         <path>.\utils\</path>
         <kind>object</kind>
         <file>uartstdio.obj</file>
         <name>uartstdio.obj</name>
      </input_file>
      <input_file id="fl-f">
         <path>.\utils\</path>
         <kind>object</kind>
         <file>ustdlib.obj</file>
         <name>ustdlib.obj</name>
      </input_file>
      <input_file id="fl-14">
         <kind>object</kind>
         <file>&lt;internal&gt;</file>
         <name>&lt;internal&gt;</name>
      </input_file>
      <input_file id="fl-ca">
         <path>C:\ti\ccs1260\ccs\tools\compiler\ti-cgt-arm_20.2.7.LTS\lib\</path>
         <kind>archive</kind>
         <file>rtsv7M4_T_le_v4SPD16_eabi.lib</file>
         <name>fd_mul_t2.asm.obj</name>
      </input_file>
      <input_file id="fl-cb">
         <path>C:\ti\ccs1260\ccs\tools\compiler\ti-cgt-arm_20.2.7.LTS\lib\</path>
         <kind>archive</kind>
         <file>rtsv7M4_T_le_v4SPD16_eabi.lib</file>
         <name>fd_tos_t2.asm.obj</name>
      </input_file>
      <input_file id="fl-cc">
         <path>C:\ti\ccs1260\ccs\tools\compiler\ti-cgt-arm_20.2.7.LTS\lib\</path>
         <kind>archive</kind>
         <file>rtsv7M4_T_le_v4SPD16_eabi.lib</file>
         <name>fs_tod_t2.asm.obj</name>
      </input_file>
      <input_file id="fl-cd">
         <path>C:\ti\ccs1260\ccs\tools\compiler\ti-cgt-arm_20.2.7.LTS\lib\</path>
         <kind>archive</kind>
         <file>rtsv7M4_T_le_v4SPD16_eabi.lib</file>
         <name>memcpy_t2.asm.obj</name>
      </input_file>
      <input_file id="fl-ce">
         <path>C:\ti\ccs1260\ccs\tools\compiler\ti-cgt-arm_20.2.7.LTS\lib\</path>
         <kind>archive</kind>
         <file>rtsv7M4_T_le_v4SPD16_eabi.lib</file>
         <name>memset_t2.asm.obj</name>
      </input_file>
      <input_file id="fl-cf">
         <path>C:\ti\ccs1260\ccs\tools\compiler\ti-cgt-arm_20.2.7.LTS\lib\</path>
         <kind>archive</kind>
         <file>rtsv7M4_T_le_v4SPD16_eabi.lib</file>
         <name>u_divt2.asm.obj</name>
      </input_file>
      <input_file id="fl-d0">
         <path>C:\ti\ccs1260\ccs\tools\compiler\ti-cgt-arm_20.2.7.LTS\lib\</path>
         <kind>archive</kind>
         <file>rtsv7M4_T_le_v4SPD16_eabi.lib</file>
         <name>copy_zero_init.c.obj</name>
      </input_file>
      <input_file id="fl-d1">
         <path>C:\ti\ccs1260\ccs\tools\compiler\ti-cgt-arm_20.2.7.LTS\lib\</path>
         <kind>archive</kind>
         <file>rtsv7M4_T_le_v4SPD16_eabi.lib</file>
         <name>copy_decompress_none.c.obj</name>
      </input_file>
      <input_file id="fl-d2">
         <path>C:\ti\ccs1260\ccs\tools\compiler\ti-cgt-arm_20.2.7.LTS\lib\</path>
         <kind>archive</kind>
         <file>rtsv7M4_T_le_v4SPD16_eabi.lib</file>
         <name>copy_decompress_lzss.c.obj</name>
      </input_file>
      <input_file id="fl-d3">
         <path>C:\ti\ccs1260\ccs\tools\compiler\ti-cgt-arm_20.2.7.LTS\lib\</path>
         <kind>archive</kind>
         <file>rtsv7M4_T_le_v4SPD16_eabi.lib</file>
         <name>boot_cortex_m.c.obj</name>
      </input_file>
      <input_file id="fl-d4">
         <path>C:\ti\ccs1260\ccs\tools\compiler\ti-cgt-arm_20.2.7.LTS\lib\</path>
         <kind>archive</kind>
         <file>rtsv7M4_T_le_v4SPD16_eabi.lib</file>
         <name>div0.asm.obj</name>
      </input_file>
      <input_file id="fl-d5">
         <path>C:\ti\ccs1260\ccs\tools\compiler\ti-cgt-arm_20.2.7.LTS\lib\</path>
         <kind>archive</kind>
         <file>rtsv7M4_T_le_v4SPD16_eabi.lib</file>
         <name>autoinit.c.obj</name>
      </input_file>
      <input_file id="fl-d6">
         <path>C:\ti\ccs1260\ccs\tools\compiler\ti-cgt-arm_20.2.7.LTS\lib\</path>
         <kind>archive</kind>
         <file>rtsv7M4_T_le_v4SPD16_eabi.lib</file>
         <name>pre_init.c.obj</name>
      </input_file>
      <input_file id="fl-d7">
         <path>C:\ti\ccs1260\ccs\tools\compiler\ti-cgt-arm_20.2.7.LTS\lib\</path>
         <kind>archive</kind>
         <file>rtsv7M4_T_le_v4SPD16_eabi.lib</file>
         <name>cpy_tbl.c.obj</name>
      </input_file>
      <input_file id="fl-d8">
         <path>C:\ti\ccs1260\ccs\tools\compiler\ti-cgt-arm_20.2.7.LTS\lib\</path>
         <kind>archive</kind>
         <file>rtsv7M4_T_le_v4SPD16_eabi.lib</file>
         <name>exit.c.obj</name>
      </input_file>
      <input_file id="fl-d9">
         <path>C:\ti\ccs1260\ccs\tools\compiler\ti-cgt-arm_20.2.7.LTS\lib\</path>
         <kind>archive</kind>
         <file>rtsv7M4_T_le_v4SPD16_eabi.lib</file>
         <name>_lock.c.obj</name>
      </input_file>
      <input_file id="fl-da">
         <path>C:\ti\ccs1260\ccs\tools\compiler\ti-cgt-arm_20.2.7.LTS\lib\</path>
         <kind>archive</kind>
         <file>rtsv7M4_T_le_v4SPD16_eabi.lib</file>
         <name>args_main.c.obj</name>
      </input_file>
      <input_file id="fl-db">
         <path>C:\ti\TivaWare_C_Series-2.2.0.295\driverlib\ccs\Debug\</path>
         <kind>archive</kind>
         <file>driverlib.lib</file>
         <name>gpio.obj</name>
      </input_file>
      <input_file id="fl-dc">
         <path>C:\ti\TivaWare_C_Series-2.2.0.295\driverlib\ccs\Debug\</path>
         <kind>archive</kind>
         <file>driverlib.lib</file>
         <name>interrupt.obj</name>
      </input_file>
      <input_file id="fl-dd">
         <path>C:\ti\TivaWare_C_Series-2.2.0.295\driverlib\ccs\Debug\</path>
         <kind>archive</kind>
         <file>driverlib.lib</file>
         <name>sysctl.obj</name>
      </input_file>
      <input_file id="fl-de">
         <path>C:\ti\TivaWare_C_Series-2.2.0.295\driverlib\ccs\Debug\</path>
         <kind>archive</kind>
         <file>driverlib.lib</file>
         <name>uart.obj</name>
      </input_file>
      <input_file id="fl-df">
         <path>C:\ti\TivaWare_C_Series-2.2.0.295\driverlib\ccs\Debug\</path>
         <kind>archive</kind>
         <file>driverlib.lib</file>
         <name>cpu.obj</name>
      </input_file>
   </input_file_list>
   <object_component_list>
      <object_component id="oc-12">
         <name>.intvecs</name>
         <load_address>0x0</load_address>
         <run_address>0x0</run_address>
         <size>0x26c</size>
         <input_file_ref idref="fl-4"/>
      </object_component>
      <object_component id="oc-85">
         <name>.text</name>
         <load_address>0x26c</load_address>
         <run_address>0x26c</run_address>
         <size>0x176c</size>
         <input_file_ref idref="fl-8"/>
      </object_component>
      <object_component id="oc-9b">
         <name>.text</name>
         <load_address>0x19d8</load_address>
         <run_address>0x19d8</run_address>
         <size>0x988</size>
         <input_file_ref idref="fl-7"/>
      </object_component>
      <object_component id="oc-a7">
         <name>.text</name>
         <load_address>0x2360</load_address>
         <run_address>0x2360</run_address>
         <size>0x21c</size>
         <input_file_ref idref="fl-d"/>
      </object_component>
      <object_component id="oc-38">
         <name>.text</name>
         <load_address>0x257c</load_address>
         <run_address>0x257c</run_address>
         <size>0x1c0</size>
         <input_file_ref idref="fl-2"/>
      </object_component>
      <object_component id="oc-143">
         <name>.text</name>
         <load_address>0x273c</load_address>
         <run_address>0x273c</run_address>
         <size>0x1b8</size>
         <input_file_ref idref="fl-c"/>
      </object_component>
      <object_component id="oc-1a2">
         <name>.text:GPIOPadConfigSet</name>
         <load_address>0x28f4</load_address>
         <run_address>0x28f4</run_address>
         <size>0x16c</size>
         <input_file_ref idref="fl-db"/>
      </object_component>
      <object_component id="oc-12e">
         <name>.text</name>
         <load_address>0x2a60</load_address>
         <run_address>0x2a60</run_address>
         <size>0x12a</size>
         <input_file_ref idref="fl-6"/>
      </object_component>
      <object_component id="oc-32">
         <name>.text</name>
         <load_address>0x2b8c</load_address>
         <run_address>0x2b8c</run_address>
         <size>0x128</size>
         <input_file_ref idref="fl-a"/>
      </object_component>
      <object_component id="oc-d6">
         <name>.text</name>
         <load_address>0x2cb4</load_address>
         <run_address>0x2cb4</run_address>
         <size>0xfc</size>
         <input_file_ref idref="fl-ca"/>
      </object_component>
      <object_component id="oc-1e5">
         <name>.text:SysCtlClockSet</name>
         <load_address>0x2db0</load_address>
         <run_address>0x2db0</run_address>
         <size>0xf4</size>
         <input_file_ref idref="fl-dd"/>
      </object_component>
      <object_component id="oc-2d">
         <name>.text</name>
         <load_address>0x2ea4</load_address>
         <run_address>0x2ea4</run_address>
         <size>0xd2</size>
         <input_file_ref idref="fl-b"/>
      </object_component>
      <object_component id="oc-4c">
         <name>.text</name>
         <load_address>0x2f76</load_address>
         <run_address>0x2f76</run_address>
         <size>0x9c</size>
         <input_file_ref idref="fl-cd"/>
      </object_component>
      <object_component id="oc-10b">
         <name>.text</name>
         <load_address>0x3012</load_address>
         <run_address>0x3012</run_address>
         <size>0x7a</size>
         <input_file_ref idref="fl-ce"/>
      </object_component>
      <object_component id="oc-db">
         <name>.text</name>
         <load_address>0x308c</load_address>
         <run_address>0x308c</run_address>
         <size>0x6e</size>
         <input_file_ref idref="fl-cb"/>
      </object_component>
      <object_component id="oc-b9">
         <name>.text:IntEnable</name>
         <load_address>0x30fc</load_address>
         <run_address>0x30fc</run_address>
         <size>0x68</size>
         <input_file_ref idref="fl-dc"/>
      </object_component>
      <object_component id="oc-15">
         <name>.text:decompress:lzss:__TI_decompress_lzss</name>
         <load_address>0x3164</load_address>
         <run_address>0x3164</run_address>
         <size>0x68</size>
         <input_file_ref idref="fl-d2"/>
      </object_component>
      <object_component id="oc-ad">
         <name>.text:GPIOIntTypeSet</name>
         <load_address>0x31cc</load_address>
         <run_address>0x31cc</run_address>
         <size>0x58</size>
         <input_file_ref idref="fl-db"/>
      </object_component>
      <object_component id="oc-17e">
         <name>.text:GPIOPinConfigure</name>
         <load_address>0x3224</load_address>
         <run_address>0x3224</run_address>
         <size>0x4c</size>
         <input_file_ref idref="fl-db"/>
      </object_component>
      <object_component id="oc-204">
         <name>.text:__TI_auto_init_nobinit_nopinit:__TI_auto_init_nobinit_nopinit</name>
         <load_address>0x3270</load_address>
         <run_address>0x3270</run_address>
         <size>0x44</size>
         <input_file_ref idref="fl-d5"/>
      </object_component>
      <object_component id="oc-117">
         <name>.text</name>
         <load_address>0x32b4</load_address>
         <run_address>0x32b4</run_address>
         <size>0x44</size>
         <input_file_ref idref="fl-3"/>
      </object_component>
      <object_component id="oc-d1">
         <name>.text</name>
         <load_address>0x32f8</load_address>
         <run_address>0x32f8</run_address>
         <size>0x38</size>
         <input_file_ref idref="fl-cc"/>
      </object_component>
      <object_component id="oc-178">
         <name>.text:SysCtlPeripheralEnable</name>
         <load_address>0x3330</load_address>
         <run_address>0x3330</run_address>
         <size>0x34</size>
         <input_file_ref idref="fl-dd"/>
      </object_component>
      <object_component id="oc-6a">
         <name>.text:_c_int00_noargs:_c_int00_noargs</name>
         <load_address>0x3364</load_address>
         <run_address>0x3364</run_address>
         <size>0x34</size>
         <input_file_ref idref="fl-d3"/>
      </object_component>
      <object_component id="oc-1ae">
         <name>.text:GPIODirModeSet</name>
         <load_address>0x3398</load_address>
         <run_address>0x3398</run_address>
         <size>0x2c</size>
         <input_file_ref idref="fl-db"/>
      </object_component>
      <object_component id="oc-19c">
         <name>.text:GPIOPinTypeGPIOOutput</name>
         <load_address>0x33c4</load_address>
         <run_address>0x33c4</run_address>
         <size>0x1a</size>
         <input_file_ref idref="fl-db"/>
      </object_component>
      <object_component id="oc-190">
         <name>.text:GPIOUnlockPin</name>
         <load_address>0x33e0</load_address>
         <run_address>0x33e0</run_address>
         <size>0x18</size>
         <input_file_ref idref="fl-db"/>
      </object_component>
      <object_component id="oc-196">
         <name>.text:GPIOPinTypeGPIOInput</name>
         <load_address>0x33f8</load_address>
         <run_address>0x33f8</run_address>
         <size>0x16</size>
         <input_file_ref idref="fl-db"/>
      </object_component>
      <object_component id="oc-184">
         <name>.text:GPIOPinTypeUART</name>
         <load_address>0x340e</load_address>
         <run_address>0x340e</run_address>
         <size>0x16</size>
         <input_file_ref idref="fl-db"/>
      </object_component>
      <object_component id="oc-18a">
         <name>.text:GPIOPinTypeUSBAnalog</name>
         <load_address>0x3424</load_address>
         <run_address>0x3424</run_address>
         <size>0x16</size>
         <input_file_ref idref="fl-db"/>
      </object_component>
      <object_component id="oc-1eb">
         <name>.text:IntMasterDisable</name>
         <load_address>0x343a</load_address>
         <run_address>0x343a</run_address>
         <size>0x10</size>
         <input_file_ref idref="fl-dc"/>
      </object_component>
      <object_component id="oc-bf">
         <name>.text:IntMasterEnable</name>
         <load_address>0x344a</load_address>
         <run_address>0x344a</run_address>
         <size>0x10</size>
         <input_file_ref idref="fl-dc"/>
      </object_component>
      <object_component id="oc-c5">
         <name>.text:GPIOIntStatus</name>
         <load_address>0x345a</load_address>
         <run_address>0x345a</run_address>
         <size>0xe</size>
         <input_file_ref idref="fl-db"/>
      </object_component>
      <object_component id="oc-1b">
         <name>.text:decompress:none:__TI_decompress_none</name>
         <load_address>0x3468</load_address>
         <run_address>0x3468</run_address>
         <size>0xe</size>
         <input_file_ref idref="fl-d1"/>
      </object_component>
      <object_component id="oc-28c">
         <name>.text:CPUcpsid</name>
         <load_address>0x3476</load_address>
         <run_address>0x3476</run_address>
         <size>0xc</size>
         <input_file_ref idref="fl-df"/>
      </object_component>
      <object_component id="oc-1c0">
         <name>.text:CPUcpsie</name>
         <load_address>0x3482</load_address>
         <run_address>0x3482</run_address>
         <size>0xc</size>
         <input_file_ref idref="fl-df"/>
      </object_component>
      <object_component id="oc-b3">
         <name>.text:GPIOIntEnable</name>
         <load_address>0x348e</load_address>
         <run_address>0x348e</run_address>
         <size>0xc</size>
         <input_file_ref idref="fl-db"/>
      </object_component>
      <object_component id="oc-5e">
         <name>.text:decompress:ZI:__TI_zero_init</name>
         <load_address>0x349a</load_address>
         <run_address>0x349a</run_address>
         <size>0xc</size>
         <input_file_ref idref="fl-d0"/>
      </object_component>
      <object_component id="oc-27">
         <name>.text</name>
         <load_address>0x34a6</load_address>
         <run_address>0x34a6</run_address>
         <size>0xc</size>
         <input_file_ref idref="fl-4"/>
      </object_component>
      <object_component id="oc-cb">
         <name>.text:GPIOIntClear</name>
         <load_address>0x34b2</load_address>
         <run_address>0x34b2</run_address>
         <size>0x6</size>
         <input_file_ref idref="fl-db"/>
      </object_component>
      <object_component id="oc-1a8">
         <name>.text:GPIOPinRead</name>
         <load_address>0x34b8</load_address>
         <run_address>0x34b8</run_address>
         <size>0x6</size>
         <input_file_ref idref="fl-db"/>
      </object_component>
      <object_component id="oc-a1">
         <name>.text:GPIOPinWrite</name>
         <load_address>0x34be</load_address>
         <run_address>0x34be</run_address>
         <size>0x6</size>
         <input_file_ref idref="fl-db"/>
      </object_component>
      <object_component id="oc-28a">
         <name>.text:SysCtlDelay</name>
         <load_address>0x34c4</load_address>
         <run_address>0x34c4</run_address>
         <size>0x6</size>
         <input_file_ref idref="fl-dd"/>
      </object_component>
      <object_component id="oc-111">
         <name>.text:_system_pre_init</name>
         <load_address>0x34ca</load_address>
         <run_address>0x34ca</run_address>
         <size>0x4</size>
         <input_file_ref idref="fl-d6"/>
      </object_component>
      <object_component id="oc-1f8">
         <name>.text:abort:abort</name>
         <load_address>0x34ce</load_address>
         <run_address>0x34ce</run_address>
         <size>0x4</size>
         <input_file_ref idref="fl-d8"/>
      </object_component>
      <object_component id="oc-275">
         <name>.const:g_pui32GPIOBaseAddrs</name>
         <load_address>0x34d4</load_address>
         <run_address>0x34d4</run_address>
         <size>0x90</size>
         <input_file_ref idref="fl-db"/>
      </object_component>
      <object_component id="oc-1bb">
         <name>.const:g_pui32EnRegs</name>
         <load_address>0x3564</load_address>
         <run_address>0x3564</run_address>
         <size>0x14</size>
         <input_file_ref idref="fl-dc"/>
      </object_component>
      <object_component id="oc-82">
         <name>.const</name>
         <load_address>0x3578</load_address>
         <run_address>0x3578</run_address>
         <size>0x4</size>
         <input_file_ref idref="fl-a"/>
      </object_component>
      <object_component id="oc-32f">
         <name>.cinit..data.load</name>
         <load_address>0x3580</load_address>
         <run_address>0x3580</run_address>
         <size>0x1c</size>
      </object_component>
      <object_component id="oc-32d">
         <name>__TI_handler_table</name>
         <load_address>0x359c</load_address>
         <run_address>0x359c</run_address>
         <size>0xc</size>
      </object_component>
      <object_component id="oc-330">
         <name>.cinit..bss.load</name>
         <load_address>0x35a8</load_address>
         <run_address>0x35a8</run_address>
         <size>0x8</size>
      </object_component>
      <object_component id="oc-32e">
         <name>__TI_cinit_table</name>
         <load_address>0x35b0</load_address>
         <run_address>0x35b0</run_address>
         <size>0x10</size>
      </object_component>
      <object_component id="oc-e0">
         <name>.data</name>
         <load_address>0x20005350</load_address>
         <run_address>0x20005350</run_address>
         <size>0x10</size>
         <input_file_ref idref="fl-2"/>
      </object_component>
      <object_component id="oc-7f">
         <name>.data</name>
         <load_address>0x20005320</load_address>
         <run_address>0x20005320</run_address>
         <size>0x30</size>
         <input_file_ref idref="fl-8"/>
      </object_component>
      <object_component id="oc-8c">
         <name>.data</name>
         <load_address>0x20005368</load_address>
         <run_address>0x20005368</run_address>
         <size>0x4</size>
         <input_file_ref idref="fl-a"/>
      </object_component>
      <object_component id="oc-24e">
         <name>.data</name>
         <load_address>0x20005360</load_address>
         <run_address>0x20005360</run_address>
         <size>0x8</size>
         <input_file_ref idref="fl-c"/>
      </object_component>
      <object_component id="oc-1b4">
         <name>.data</name>
         <load_address>0x2000536c</load_address>
         <run_address>0x2000536c</run_address>
         <size>0x3</size>
         <input_file_ref idref="fl-d"/>
      </object_component>
      <object_component id="oc-134">
         <name>.bss:pxReadyTasksLists</name>
         <uninitialized>true</uninitialized>
         <run_address>0x20004f10</run_address>
         <size>0x140</size>
         <input_file_ref idref="fl-8"/>
      </object_component>
      <object_component id="oc-149">
         <name>.bss:xDelayedTaskList1</name>
         <uninitialized>true</uninitialized>
         <run_address>0x200050a0</run_address>
         <size>0x14</size>
         <input_file_ref idref="fl-8"/>
      </object_component>
      <object_component id="oc-14c">
         <name>.bss:xDelayedTaskList2</name>
         <uninitialized>true</uninitialized>
         <run_address>0x200050b4</run_address>
         <size>0x14</size>
         <input_file_ref idref="fl-8"/>
      </object_component>
      <object_component id="oc-140">
         <name>.bss</name>
         <uninitialized>true</uninitialized>
         <run_address>0x20005104</run_address>
         <size>0x8</size>
         <input_file_ref idref="fl-8"/>
      </object_component>
      <object_component id="oc-13d">
         <name>.bss:xPendingReadyList</name>
         <uninitialized>true</uninitialized>
         <run_address>0x200050c8</run_address>
         <size>0x14</size>
         <input_file_ref idref="fl-8"/>
      </object_component>
      <object_component id="oc-137">
         <name>.bss:xTasksWaitingTermination</name>
         <uninitialized>true</uninitialized>
         <run_address>0x200050f0</run_address>
         <size>0x14</size>
         <input_file_ref idref="fl-8"/>
      </object_component>
      <object_component id="oc-13a">
         <name>.bss:xSuspendedTaskList</name>
         <uninitialized>true</uninitialized>
         <run_address>0x200050dc</run_address>
         <size>0x14</size>
         <input_file_ref idref="fl-8"/>
      </object_component>
      <object_component id="oc-257">
         <name>.bss:ucHeap</name>
         <uninitialized>true</uninitialized>
         <run_address>0x20000000</run_address>
         <size>0x4f10</size>
         <input_file_ref idref="fl-c"/>
      </object_component>
      <object_component id="oc-251">
         <name>.bss:xStart</name>
         <uninitialized>true</uninitialized>
         <run_address>0x20005114</run_address>
         <size>0x8</size>
         <input_file_ref idref="fl-c"/>
      </object_component>
      <object_component id="oc-254">
         <name>.bss:xEnd</name>
         <uninitialized>true</uninitialized>
         <run_address>0x2000510c</run_address>
         <size>0x8</size>
         <input_file_ref idref="fl-c"/>
      </object_component>
      <object_component id="oc-163">
         <name>.common:xQueueRegistry</name>
         <uninitialized>true</uninitialized>
         <run_address>0x20005050</run_address>
         <size>0x50</size>
      </object_component>
      <object_component id="oc-24">
         <name>.stack</name>
         <uninitialized>true</uninitialized>
         <run_address>0x20005120</run_address>
         <size>0x4</size>
         <input_file_ref idref="fl-d3"/>
      </object_component>
      <object_component id="oc-332">
         <name>.stack</name>
         <uninitialized>true</uninitialized>
         <run_address>0x20005120</run_address>
         <size>0x0</size>
      </object_component>
      <object_component id="oc-e4">
         <name>.debug_info</name>
         <load_address>0x0</load_address>
         <run_address>0x0</run_address>
         <size>0x669</size>
         <input_file_ref idref="fl-2"/>
      </object_component>
      <object_component id="oc-e1">
         <name>.debug_info</name>
         <load_address>0x669</load_address>
         <run_address>0x669</run_address>
         <size>0x129</size>
         <input_file_ref idref="fl-2"/>
      </object_component>
      <object_component id="oc-3c">
         <name>.debug_info</name>
         <load_address>0x792</load_address>
         <run_address>0x792</run_address>
         <size>0x668</size>
         <input_file_ref idref="fl-2"/>
      </object_component>
      <object_component id="oc-150">
         <name>.debug_info</name>
         <load_address>0xdfa</load_address>
         <run_address>0xdfa</run_address>
         <size>0x2ef</size>
         <input_file_ref idref="fl-2"/>
      </object_component>
      <object_component id="oc-f1">
         <name>.debug_info</name>
         <load_address>0x10e9</load_address>
         <run_address>0x10e9</run_address>
         <size>0x26b</size>
         <input_file_ref idref="fl-2"/>
      </object_component>
      <object_component id="oc-e5">
         <name>.debug_info</name>
         <load_address>0x1354</load_address>
         <run_address>0x1354</run_address>
         <size>0x8b</size>
         <input_file_ref idref="fl-2"/>
      </object_component>
      <object_component id="oc-167">
         <name>.debug_info</name>
         <load_address>0x13df</load_address>
         <run_address>0x13df</run_address>
         <size>0x46</size>
         <input_file_ref idref="fl-2"/>
      </object_component>
      <object_component id="oc-91">
         <name>.debug_info</name>
         <load_address>0x1425</load_address>
         <run_address>0x1425</run_address>
         <size>0x2c</size>
         <input_file_ref idref="fl-2"/>
      </object_component>
      <object_component id="oc-1d0">
         <name>.debug_info</name>
         <load_address>0x1451</load_address>
         <run_address>0x1451</run_address>
         <size>0x2a4</size>
         <input_file_ref idref="fl-2"/>
      </object_component>
      <object_component id="oc-ea">
         <name>.debug_info</name>
         <load_address>0x16f5</load_address>
         <run_address>0x16f5</run_address>
         <size>0xbb</size>
         <input_file_ref idref="fl-2"/>
      </object_component>
      <object_component id="oc-96">
         <name>.debug_info</name>
         <load_address>0x17b0</load_address>
         <run_address>0x17b0</run_address>
         <size>0x53</size>
         <input_file_ref idref="fl-2"/>
      </object_component>
      <object_component id="oc-1f3">
         <name>.debug_info</name>
         <load_address>0x1803</load_address>
         <run_address>0x1803</run_address>
         <size>0xcc</size>
         <input_file_ref idref="fl-2"/>
      </object_component>
      <object_component id="oc-15e">
         <name>.debug_info</name>
         <load_address>0x18cf</load_address>
         <run_address>0x18cf</run_address>
         <size>0x14c</size>
         <input_file_ref idref="fl-2"/>
      </object_component>
      <object_component id="oc-1f2">
         <name>.debug_info</name>
         <load_address>0x1a1b</load_address>
         <run_address>0x1a1b</run_address>
         <size>0x398</size>
         <input_file_ref idref="fl-3"/>
      </object_component>
      <object_component id="oc-118">
         <name>.debug_info</name>
         <load_address>0x1db3</load_address>
         <run_address>0x1db3</run_address>
         <size>0x3e7</size>
         <input_file_ref idref="fl-3"/>
      </object_component>
      <object_component id="oc-40">
         <name>.debug_info</name>
         <load_address>0x219a</load_address>
         <run_address>0x219a</run_address>
         <size>0x35a</size>
         <input_file_ref idref="fl-4"/>
      </object_component>
      <object_component id="oc-13">
         <name>.debug_info</name>
         <load_address>0x24f4</load_address>
         <run_address>0x24f4</run_address>
         <size>0xf3</size>
         <input_file_ref idref="fl-4"/>
      </object_component>
      <object_component id="oc-28">
         <name>.debug_info</name>
         <load_address>0x25e7</load_address>
         <run_address>0x25e7</run_address>
         <size>0x270</size>
         <input_file_ref idref="fl-4"/>
      </object_component>
      <object_component id="oc-47">
         <name>.debug_info</name>
         <load_address>0x2857</load_address>
         <run_address>0x2857</run_address>
         <size>0x84</size>
         <input_file_ref idref="fl-4"/>
      </object_component>
      <object_component id="oc-243">
         <name>.debug_info</name>
         <load_address>0x28db</load_address>
         <run_address>0x28db</run_address>
         <size>0x2d0</size>
         <input_file_ref idref="fl-6"/>
      </object_component>
      <object_component id="oc-12f">
         <name>.debug_info</name>
         <load_address>0x2bab</load_address>
         <run_address>0x2bab</run_address>
         <size>0x499</size>
         <input_file_ref idref="fl-6"/>
      </object_component>
      <object_component id="oc-16c">
         <name>.debug_info</name>
         <load_address>0x3044</load_address>
         <run_address>0x3044</run_address>
         <size>0x110</size>
         <input_file_ref idref="fl-6"/>
      </object_component>
      <object_component id="oc-164">
         <name>.debug_info</name>
         <load_address>0x3154</load_address>
         <run_address>0x3154</run_address>
         <size>0x721</size>
         <input_file_ref idref="fl-7"/>
      </object_component>
      <object_component id="oc-9f">
         <name>.debug_info</name>
         <load_address>0x3875</load_address>
         <run_address>0x3875</run_address>
         <size>0x2497</size>
         <input_file_ref idref="fl-7"/>
      </object_component>
      <object_component id="oc-262">
         <name>.debug_info</name>
         <load_address>0x5d0c</load_address>
         <run_address>0x5d0c</run_address>
         <size>0x1cd</size>
         <input_file_ref idref="fl-7"/>
      </object_component>
      <object_component id="oc-23d">
         <name>.debug_info</name>
         <load_address>0x5ed9</load_address>
         <run_address>0x5ed9</run_address>
         <size>0x35</size>
         <input_file_ref idref="fl-7"/>
      </object_component>
      <object_component id="oc-12b">
         <name>.debug_info</name>
         <load_address>0x5f0e</load_address>
         <run_address>0x5f0e</run_address>
         <size>0x73a</size>
         <input_file_ref idref="fl-8"/>
      </object_component>
      <object_component id="oc-80">
         <name>.debug_info</name>
         <load_address>0x6648</load_address>
         <run_address>0x6648</run_address>
         <size>0x2f4</size>
         <input_file_ref idref="fl-8"/>
      </object_component>
      <object_component id="oc-135">
         <name>.debug_info</name>
         <load_address>0x693c</load_address>
         <run_address>0x693c</run_address>
         <size>0xf0</size>
         <input_file_ref idref="fl-8"/>
      </object_component>
      <object_component id="oc-14a">
         <name>.debug_info</name>
         <load_address>0x6a2c</load_address>
         <run_address>0x6a2c</run_address>
         <size>0xf0</size>
         <input_file_ref idref="fl-8"/>
      </object_component>
      <object_component id="oc-14d">
         <name>.debug_info</name>
         <load_address>0x6b1c</load_address>
         <run_address>0x6b1c</run_address>
         <size>0xf0</size>
         <input_file_ref idref="fl-8"/>
      </object_component>
      <object_component id="oc-141">
         <name>.debug_info</name>
         <load_address>0x6c0c</load_address>
         <run_address>0x6c0c</run_address>
         <size>0x132</size>
         <input_file_ref idref="fl-8"/>
      </object_component>
      <object_component id="oc-13e">
         <name>.debug_info</name>
         <load_address>0x6d3e</load_address>
         <run_address>0x6d3e</run_address>
         <size>0xf0</size>
         <input_file_ref idref="fl-8"/>
      </object_component>
      <object_component id="oc-138">
         <name>.debug_info</name>
         <load_address>0x6e2e</load_address>
         <run_address>0x6e2e</run_address>
         <size>0xfe</size>
         <input_file_ref idref="fl-8"/>
      </object_component>
      <object_component id="oc-13b">
         <name>.debug_info</name>
         <load_address>0x6f2c</load_address>
         <run_address>0x6f2c</run_address>
         <size>0xf2</size>
         <input_file_ref idref="fl-8"/>
      </object_component>
      <object_component id="oc-88">
         <name>.debug_info</name>
         <load_address>0x701e</load_address>
         <run_address>0x701e</run_address>
         <size>0x4208</size>
         <input_file_ref idref="fl-8"/>
      </object_component>
      <object_component id="oc-155">
         <name>.debug_info</name>
         <load_address>0xb226</load_address>
         <run_address>0xb226</run_address>
         <size>0x169</size>
         <input_file_ref idref="fl-8"/>
      </object_component>
      <object_component id="oc-238">
         <name>.debug_info</name>
         <load_address>0xb38f</load_address>
         <run_address>0xb38f</run_address>
         <size>0x46</size>
         <input_file_ref idref="fl-8"/>
      </object_component>
      <object_component id="oc-90">
         <name>.debug_info</name>
         <load_address>0xb3d5</load_address>
         <run_address>0xb3d5</run_address>
         <size>0x365</size>
         <input_file_ref idref="fl-a"/>
      </object_component>
      <object_component id="oc-83">
         <name>.debug_info</name>
         <load_address>0xb73a</load_address>
         <run_address>0xb73a</run_address>
         <size>0x11e</size>
         <input_file_ref idref="fl-a"/>
      </object_component>
      <object_component id="oc-8d">
         <name>.debug_info</name>
         <load_address>0xb858</load_address>
         <run_address>0xb858</run_address>
         <size>0x105</size>
         <input_file_ref idref="fl-a"/>
      </object_component>
      <object_component id="oc-33">
         <name>.debug_info</name>
         <load_address>0xb95d</load_address>
         <run_address>0xb95d</run_address>
         <size>0x698</size>
         <input_file_ref idref="fl-a"/>
      </object_component>
      <object_component id="oc-2f">
         <name>.debug_info</name>
         <load_address>0xbff5</load_address>
         <run_address>0xbff5</run_address>
         <size>0x253</size>
         <input_file_ref idref="fl-b"/>
      </object_component>
      <object_component id="oc-25b">
         <name>.debug_info</name>
         <load_address>0xc248</load_address>
         <run_address>0xc248</run_address>
         <size>0x374</size>
         <input_file_ref idref="fl-c"/>
      </object_component>
      <object_component id="oc-258">
         <name>.debug_info</name>
         <load_address>0xc5bc</load_address>
         <run_address>0xc5bc</run_address>
         <size>0xec</size>
         <input_file_ref idref="fl-c"/>
      </object_component>
      <object_component id="oc-252">
         <name>.debug_info</name>
         <load_address>0xc6a8</load_address>
         <run_address>0xc6a8</run_address>
         <size>0xec</size>
         <input_file_ref idref="fl-c"/>
      </object_component>
      <object_component id="oc-255">
         <name>.debug_info</name>
         <load_address>0xc794</load_address>
         <run_address>0xc794</run_address>
         <size>0xe8</size>
         <input_file_ref idref="fl-c"/>
      </object_component>
      <object_component id="oc-24f">
         <name>.debug_info</name>
         <load_address>0xc87c</load_address>
         <run_address>0xc87c</run_address>
         <size>0x106</size>
         <input_file_ref idref="fl-c"/>
      </object_component>
      <object_component id="oc-144">
         <name>.debug_info</name>
         <load_address>0xc982</load_address>
         <run_address>0xc982</run_address>
         <size>0x65b</size>
         <input_file_ref idref="fl-c"/>
      </object_component>
      <object_component id="oc-2bb">
         <name>.debug_info</name>
         <load_address>0xcfdd</load_address>
         <run_address>0xcfdd</run_address>
         <size>0x62</size>
         <input_file_ref idref="fl-c"/>
      </object_component>
      <object_component id="oc-1b8">
         <name>.debug_info</name>
         <load_address>0xd03f</load_address>
         <run_address>0xd03f</run_address>
         <size>0x4f5</size>
         <input_file_ref idref="fl-d"/>
      </object_component>
      <object_component id="oc-1b5">
         <name>.debug_info</name>
         <load_address>0xd534</load_address>
         <run_address>0xd534</run_address>
         <size>0xfb</size>
         <input_file_ref idref="fl-d"/>
      </object_component>
      <object_component id="oc-ab">
         <name>.debug_info</name>
         <load_address>0xd62f</load_address>
         <run_address>0xd62f</run_address>
         <size>0x7a4</size>
         <input_file_ref idref="fl-d"/>
      </object_component>
      <object_component id="oc-d8">
         <name>.debug_info</name>
         <load_address>0xddd3</load_address>
         <run_address>0xddd3</run_address>
         <size>0x13a</size>
         <input_file_ref idref="fl-ca"/>
      </object_component>
      <object_component id="oc-dc">
         <name>.debug_info</name>
         <load_address>0xdf0d</load_address>
         <run_address>0xdf0d</run_address>
         <size>0x13e</size>
         <input_file_ref idref="fl-cb"/>
      </object_component>
      <object_component id="oc-d3">
         <name>.debug_info</name>
         <load_address>0xe04b</load_address>
         <run_address>0xe04b</run_address>
         <size>0x12c</size>
         <input_file_ref idref="fl-cc"/>
      </object_component>
      <object_component id="oc-4d">
         <name>.debug_info</name>
         <load_address>0xe177</load_address>
         <run_address>0xe177</run_address>
         <size>0x119</size>
         <input_file_ref idref="fl-cd"/>
      </object_component>
      <object_component id="oc-10c">
         <name>.debug_info</name>
         <load_address>0xe290</load_address>
         <run_address>0xe290</run_address>
         <size>0x147</size>
         <input_file_ref idref="fl-ce"/>
      </object_component>
      <object_component id="oc-10a">
         <name>.debug_info</name>
         <load_address>0xe3d7</load_address>
         <run_address>0xe3d7</run_address>
         <size>0x2d4</size>
         <input_file_ref idref="fl-d0"/>
      </object_component>
      <object_component id="oc-62">
         <name>.debug_info</name>
         <load_address>0xe6ab</load_address>
         <run_address>0xe6ab</run_address>
         <size>0x1b5</size>
         <input_file_ref idref="fl-d0"/>
      </object_component>
      <object_component id="oc-105">
         <name>.debug_info</name>
         <load_address>0xe860</load_address>
         <run_address>0xe860</run_address>
         <size>0x46</size>
         <input_file_ref idref="fl-d0"/>
      </object_component>
      <object_component id="oc-1dc">
         <name>.debug_info</name>
         <load_address>0xe8a6</load_address>
         <run_address>0xe8a6</run_address>
         <size>0x2c</size>
         <input_file_ref idref="fl-d0"/>
      </object_component>
      <object_component id="oc-57">
         <name>.debug_info</name>
         <load_address>0xe8d2</load_address>
         <run_address>0xe8d2</run_address>
         <size>0x2a8</size>
         <input_file_ref idref="fl-d1"/>
      </object_component>
      <object_component id="oc-1c">
         <name>.debug_info</name>
         <load_address>0xeb7a</load_address>
         <run_address>0xeb7a</run_address>
         <size>0x1ea</size>
         <input_file_ref idref="fl-d1"/>
      </object_component>
      <object_component id="oc-52">
         <name>.debug_info</name>
         <load_address>0xed64</load_address>
         <run_address>0xed64</run_address>
         <size>0x46</size>
         <input_file_ref idref="fl-d1"/>
      </object_component>
      <object_component id="oc-fd">
         <name>.debug_info</name>
         <load_address>0xedaa</load_address>
         <run_address>0xedaa</run_address>
         <size>0x2c</size>
         <input_file_ref idref="fl-d1"/>
      </object_component>
      <object_component id="oc-fb">
         <name>.debug_info</name>
         <load_address>0xedd6</load_address>
         <run_address>0xedd6</run_address>
         <size>0x29e</size>
         <input_file_ref idref="fl-d2"/>
      </object_component>
      <object_component id="oc-17">
         <name>.debug_info</name>
         <load_address>0xf074</load_address>
         <run_address>0xf074</run_address>
         <size>0x250</size>
         <input_file_ref idref="fl-d2"/>
      </object_component>
      <object_component id="oc-42">
         <name>.debug_info</name>
         <load_address>0xf2c4</load_address>
         <run_address>0xf2c4</run_address>
         <size>0x60</size>
         <input_file_ref idref="fl-d2"/>
      </object_component>
      <object_component id="oc-1d5">
         <name>.debug_info</name>
         <load_address>0xf324</load_address>
         <run_address>0xf324</run_address>
         <size>0x46</size>
         <input_file_ref idref="fl-d2"/>
      </object_component>
      <object_component id="oc-f6">
         <name>.debug_info</name>
         <load_address>0xf36a</load_address>
         <run_address>0xf36a</run_address>
         <size>0x39</size>
         <input_file_ref idref="fl-d2"/>
      </object_component>
      <object_component id="oc-25">
         <name>.debug_info</name>
         <load_address>0xf3a3</load_address>
         <run_address>0xf3a3</run_address>
         <size>0x10b</size>
         <input_file_ref idref="fl-d3"/>
      </object_component>
      <object_component id="oc-6b">
         <name>.debug_info</name>
         <load_address>0xf4ae</load_address>
         <run_address>0xf4ae</run_address>
         <size>0x1a9</size>
         <input_file_ref idref="fl-d3"/>
      </object_component>
      <object_component id="oc-2a0">
         <name>.debug_info</name>
         <load_address>0xf657</load_address>
         <run_address>0xf657</run_address>
         <size>0x4b3</size>
         <input_file_ref idref="fl-d5"/>
      </object_component>
      <object_component id="oc-206">
         <name>.debug_info</name>
         <load_address>0xfb0a</load_address>
         <run_address>0xfb0a</run_address>
         <size>0x1a6</size>
         <input_file_ref idref="fl-d5"/>
      </object_component>
      <object_component id="oc-2e4">
         <name>.debug_info</name>
         <load_address>0xfcb0</load_address>
         <run_address>0xfcb0</run_address>
         <size>0x39</size>
         <input_file_ref idref="fl-d5"/>
      </object_component>
      <object_component id="oc-2f8">
         <name>.debug_info</name>
         <load_address>0xfce9</load_address>
         <run_address>0xfce9</run_address>
         <size>0x39</size>
         <input_file_ref idref="fl-d5"/>
      </object_component>
      <object_component id="oc-2e9">
         <name>.debug_info</name>
         <load_address>0xfd22</load_address>
         <run_address>0xfd22</run_address>
         <size>0x39</size>
         <input_file_ref idref="fl-d5"/>
      </object_component>
      <object_component id="oc-2ee">
         <name>.debug_info</name>
         <load_address>0xfd5b</load_address>
         <run_address>0xfd5b</run_address>
         <size>0xcd</size>
         <input_file_ref idref="fl-d5"/>
      </object_component>
      <object_component id="oc-115">
         <name>.debug_info</name>
         <load_address>0xfe28</load_address>
         <run_address>0xfe28</run_address>
         <size>0x153</size>
         <input_file_ref idref="fl-d6"/>
      </object_component>
      <object_component id="oc-1fc">
         <name>.debug_info</name>
         <load_address>0xff7b</load_address>
         <run_address>0xff7b</run_address>
         <size>0x122</size>
         <input_file_ref idref="fl-d8"/>
      </object_component>
      <object_component id="oc-177">
         <name>.debug_info</name>
         <load_address>0x1009d</load_address>
         <run_address>0x1009d</run_address>
         <size>0x3e4</size>
         <input_file_ref idref="fl-db"/>
      </object_component>
      <object_component id="oc-276">
         <name>.debug_info</name>
         <load_address>0x10481</load_address>
         <run_address>0x10481</run_address>
         <size>0x164</size>
         <input_file_ref idref="fl-db"/>
      </object_component>
      <object_component id="oc-191">
         <name>.debug_info</name>
         <load_address>0x105e5</load_address>
         <run_address>0x105e5</run_address>
         <size>0x284</size>
         <input_file_ref idref="fl-db"/>
      </object_component>
      <object_component id="oc-a2">
         <name>.debug_info</name>
         <load_address>0x10869</load_address>
         <run_address>0x10869</run_address>
         <size>0x2ac</size>
         <input_file_ref idref="fl-db"/>
      </object_component>
      <object_component id="oc-1af">
         <name>.debug_info</name>
         <load_address>0x10b15</load_address>
         <run_address>0x10b15</run_address>
         <size>0x2bc</size>
         <input_file_ref idref="fl-db"/>
      </object_component>
      <object_component id="oc-1a3">
         <name>.debug_info</name>
         <load_address>0x10dd1</load_address>
         <run_address>0x10dd1</run_address>
         <size>0x31f</size>
         <input_file_ref idref="fl-db"/>
      </object_component>
      <object_component id="oc-18b">
         <name>.debug_info</name>
         <load_address>0x110f0</load_address>
         <run_address>0x110f0</run_address>
         <size>0x2a5</size>
         <input_file_ref idref="fl-db"/>
      </object_component>
      <object_component id="oc-185">
         <name>.debug_info</name>
         <load_address>0x11395</load_address>
         <run_address>0x11395</run_address>
         <size>0x29b</size>
         <input_file_ref idref="fl-db"/>
      </object_component>
      <object_component id="oc-19e">
         <name>.debug_info</name>
         <load_address>0x11630</load_address>
         <run_address>0x11630</run_address>
         <size>0x2c0</size>
         <input_file_ref idref="fl-db"/>
      </object_component>
      <object_component id="oc-198">
         <name>.debug_info</name>
         <load_address>0x118f0</load_address>
         <run_address>0x118f0</run_address>
         <size>0x2a5</size>
         <input_file_ref idref="fl-db"/>
      </object_component>
      <object_component id="oc-1aa">
         <name>.debug_info</name>
         <load_address>0x11b95</load_address>
         <run_address>0x11b95</run_address>
         <size>0x284</size>
         <input_file_ref idref="fl-db"/>
      </object_component>
      <object_component id="oc-180">
         <name>.debug_info</name>
         <load_address>0x11e19</load_address>
         <run_address>0x11e19</run_address>
         <size>0x289</size>
         <input_file_ref idref="fl-db"/>
      </object_component>
      <object_component id="oc-af">
         <name>.debug_info</name>
         <load_address>0x120a2</load_address>
         <run_address>0x120a2</run_address>
         <size>0x2c4</size>
         <input_file_ref idref="fl-db"/>
      </object_component>
      <object_component id="oc-c6">
         <name>.debug_info</name>
         <load_address>0x12366</load_address>
         <run_address>0x12366</run_address>
         <size>0x288</size>
         <input_file_ref idref="fl-db"/>
      </object_component>
      <object_component id="oc-b4">
         <name>.debug_info</name>
         <load_address>0x125ee</load_address>
         <run_address>0x125ee</run_address>
         <size>0x298</size>
         <input_file_ref idref="fl-db"/>
      </object_component>
      <object_component id="oc-cc">
         <name>.debug_info</name>
         <load_address>0x12886</load_address>
         <run_address>0x12886</run_address>
         <size>0x296</size>
         <input_file_ref idref="fl-db"/>
      </object_component>
      <object_component id="oc-26e">
         <name>.debug_info</name>
         <load_address>0x12b1c</load_address>
         <run_address>0x12b1c</run_address>
         <size>0x26b</size>
         <input_file_ref idref="fl-db"/>
      </object_component>
      <object_component id="oc-267">
         <name>.debug_info</name>
         <load_address>0x12d87</load_address>
         <run_address>0x12d87</run_address>
         <size>0x297</size>
         <input_file_ref idref="fl-db"/>
      </object_component>
      <object_component id="oc-2cc">
         <name>.debug_info</name>
         <load_address>0x1301e</load_address>
         <run_address>0x1301e</run_address>
         <size>0xef</size>
         <input_file_ref idref="fl-db"/>
      </object_component>
      <object_component id="oc-172">
         <name>.debug_info</name>
         <load_address>0x1310d</load_address>
         <run_address>0x1310d</run_address>
         <size>0xbb</size>
         <input_file_ref idref="fl-db"/>
      </object_component>
      <object_component id="oc-1bf">
         <name>.debug_info</name>
         <load_address>0x131c8</load_address>
         <run_address>0x131c8</run_address>
         <size>0x3b7</size>
         <input_file_ref idref="fl-dc"/>
      </object_component>
      <object_component id="oc-1bc">
         <name>.debug_info</name>
         <load_address>0x1357f</load_address>
         <run_address>0x1357f</run_address>
         <size>0x15b</size>
         <input_file_ref idref="fl-dc"/>
      </object_component>
      <object_component id="oc-c0">
         <name>.debug_info</name>
         <load_address>0x136da</load_address>
         <run_address>0x136da</run_address>
         <size>0x247</size>
         <input_file_ref idref="fl-dc"/>
      </object_component>
      <object_component id="oc-1ec">
         <name>.debug_info</name>
         <load_address>0x13921</load_address>
         <run_address>0x13921</run_address>
         <size>0x249</size>
         <input_file_ref idref="fl-dc"/>
      </object_component>
      <object_component id="oc-ba">
         <name>.debug_info</name>
         <load_address>0x13b6a</load_address>
         <run_address>0x13b6a</run_address>
         <size>0x271</size>
         <input_file_ref idref="fl-dc"/>
      </object_component>
      <object_component id="oc-274">
         <name>.debug_info</name>
         <load_address>0x13ddb</load_address>
         <run_address>0x13ddb</run_address>
         <size>0x441</size>
         <input_file_ref idref="fl-dd"/>
      </object_component>
      <object_component id="oc-17b">
         <name>.debug_info</name>
         <load_address>0x1421c</load_address>
         <run_address>0x1421c</run_address>
         <size>0x286</size>
         <input_file_ref idref="fl-dd"/>
      </object_component>
      <object_component id="oc-1e7">
         <name>.debug_info</name>
         <load_address>0x144a2</load_address>
         <run_address>0x144a2</run_address>
         <size>0x2e4</size>
         <input_file_ref idref="fl-dd"/>
      </object_component>
      <object_component id="oc-2c8">
         <name>.debug_info</name>
         <load_address>0x14786</load_address>
         <run_address>0x14786</run_address>
         <size>0x51</size>
         <input_file_ref idref="fl-dd"/>
      </object_component>
      <object_component id="oc-1c1">
         <name>.debug_info</name>
         <load_address>0x147d7</load_address>
         <run_address>0x147d7</run_address>
         <size>0x21b</size>
         <input_file_ref idref="fl-df"/>
      </object_component>
      <object_component id="oc-28f">
         <name>.debug_info</name>
         <load_address>0x149f2</load_address>
         <run_address>0x149f2</run_address>
         <size>0x218</size>
         <input_file_ref idref="fl-df"/>
      </object_component>
      <object_component id="oc-333">
         <name>.debug_info</name>
         <load_address>0x14c0a</load_address>
         <run_address>0x14c0a</run_address>
         <size>0xa6</size>
      </object_component>
      <object_component id="oc-1cf">
         <name>.debug_line</name>
         <load_address>0x0</load_address>
         <run_address>0x0</run_address>
         <size>0x18f</size>
         <input_file_ref idref="fl-2"/>
      </object_component>
      <object_component id="oc-1cd">
         <name>.debug_line</name>
         <load_address>0x18f</load_address>
         <run_address>0x18f</run_address>
         <size>0x34</size>
         <input_file_ref idref="fl-2"/>
      </object_component>
      <object_component id="oc-3b">
         <name>.debug_line</name>
         <load_address>0x1c3</load_address>
         <run_address>0x1c3</run_address>
         <size>0xff</size>
         <input_file_ref idref="fl-2"/>
      </object_component>
      <object_component id="oc-153">
         <name>.debug_line</name>
         <load_address>0x2c2</load_address>
         <run_address>0x2c2</run_address>
         <size>0x70</size>
         <input_file_ref idref="fl-2"/>
      </object_component>
      <object_component id="oc-f4">
         <name>.debug_line</name>
         <load_address>0x332</load_address>
         <run_address>0x332</run_address>
         <size>0x6f</size>
         <input_file_ref idref="fl-2"/>
      </object_component>
      <object_component id="oc-e8">
         <name>.debug_line</name>
         <load_address>0x3a1</load_address>
         <run_address>0x3a1</run_address>
         <size>0x20</size>
         <input_file_ref idref="fl-2"/>
      </object_component>
      <object_component id="oc-16a">
         <name>.debug_line</name>
         <load_address>0x3c1</load_address>
         <run_address>0x3c1</run_address>
         <size>0x71</size>
         <input_file_ref idref="fl-2"/>
      </object_component>
      <object_component id="oc-94">
         <name>.debug_line</name>
         <load_address>0x432</load_address>
         <run_address>0x432</run_address>
         <size>0x74</size>
         <input_file_ref idref="fl-2"/>
      </object_component>
      <object_component id="oc-1d3">
         <name>.debug_line</name>
         <load_address>0x4a6</load_address>
         <run_address>0x4a6</run_address>
         <size>0x73</size>
         <input_file_ref idref="fl-2"/>
      </object_component>
      <object_component id="oc-ed">
         <name>.debug_line</name>
         <load_address>0x519</load_address>
         <run_address>0x519</run_address>
         <size>0x70</size>
         <input_file_ref idref="fl-2"/>
      </object_component>
      <object_component id="oc-99">
         <name>.debug_line</name>
         <load_address>0x589</load_address>
         <run_address>0x589</run_address>
         <size>0x83</size>
         <input_file_ref idref="fl-2"/>
      </object_component>
      <object_component id="oc-1f6">
         <name>.debug_line</name>
         <load_address>0x60c</load_address>
         <run_address>0x60c</run_address>
         <size>0x6a</size>
         <input_file_ref idref="fl-2"/>
      </object_component>
      <object_component id="oc-161">
         <name>.debug_line</name>
         <load_address>0x676</load_address>
         <run_address>0x676</run_address>
         <size>0x70</size>
         <input_file_ref idref="fl-2"/>
      </object_component>
      <object_component id="oc-294">
         <name>.debug_line</name>
         <load_address>0x6e6</load_address>
         <run_address>0x6e6</run_address>
         <size>0x14d</size>
         <input_file_ref idref="fl-3"/>
      </object_component>
      <object_component id="oc-11b">
         <name>.debug_line</name>
         <load_address>0x833</load_address>
         <run_address>0x833</run_address>
         <size>0xc4</size>
         <input_file_ref idref="fl-3"/>
      </object_component>
      <object_component id="oc-f0">
         <name>.debug_line</name>
         <load_address>0x8f7</load_address>
         <run_address>0x8f7</run_address>
         <size>0x41</size>
         <input_file_ref idref="fl-4"/>
      </object_component>
      <object_component id="oc-3f">
         <name>.debug_line</name>
         <load_address>0x938</load_address>
         <run_address>0x938</run_address>
         <size>0x41</size>
         <input_file_ref idref="fl-4"/>
      </object_component>
      <object_component id="oc-2b">
         <name>.debug_line</name>
         <load_address>0x979</load_address>
         <run_address>0x979</run_address>
         <size>0xa1</size>
         <input_file_ref idref="fl-4"/>
      </object_component>
      <object_component id="oc-4a">
         <name>.debug_line</name>
         <load_address>0xa1a</load_address>
         <run_address>0xa1a</run_address>
         <size>0x20</size>
         <input_file_ref idref="fl-4"/>
      </object_component>
      <object_component id="oc-2b6">
         <name>.debug_line</name>
         <load_address>0xa3a</load_address>
         <run_address>0xa3a</run_address>
         <size>0x20</size>
         <input_file_ref idref="fl-6"/>
      </object_component>
      <object_component id="oc-132">
         <name>.debug_line</name>
         <load_address>0xa5a</load_address>
         <run_address>0xa5a</run_address>
         <size>0xe8</size>
         <input_file_ref idref="fl-6"/>
      </object_component>
      <object_component id="oc-16f">
         <name>.debug_line</name>
         <load_address>0xb42</load_address>
         <run_address>0xb42</run_address>
         <size>0x6b</size>
         <input_file_ref idref="fl-6"/>
      </object_component>
      <object_component id="oc-261">
         <name>.debug_line</name>
         <load_address>0xbad</load_address>
         <run_address>0xbad</run_address>
         <size>0x18c</size>
         <input_file_ref idref="fl-7"/>
      </object_component>
      <object_component id="oc-9e">
         <name>.debug_line</name>
         <load_address>0xd39</load_address>
         <run_address>0xd39</run_address>
         <size>0x682</size>
         <input_file_ref idref="fl-7"/>
      </object_component>
      <object_component id="oc-265">
         <name>.debug_line</name>
         <load_address>0x13bb</load_address>
         <run_address>0x13bb</run_address>
         <size>0x35</size>
         <input_file_ref idref="fl-7"/>
      </object_component>
      <object_component id="oc-240">
         <name>.debug_line</name>
         <load_address>0x13f0</load_address>
         <run_address>0x13f0</run_address>
         <size>0x74</size>
         <input_file_ref idref="fl-7"/>
      </object_component>
      <object_component id="oc-237">
         <name>.debug_line</name>
         <load_address>0x1464</load_address>
         <run_address>0x1464</run_address>
         <size>0x187</size>
         <input_file_ref idref="fl-8"/>
      </object_component>
      <object_component id="oc-12a">
         <name>.debug_line</name>
         <load_address>0x15eb</load_address>
         <run_address>0x15eb</run_address>
         <size>0x35</size>
         <input_file_ref idref="fl-8"/>
      </object_component>
      <object_component id="oc-245">
         <name>.debug_line</name>
         <load_address>0x1620</load_address>
         <run_address>0x1620</run_address>
         <size>0x35</size>
         <input_file_ref idref="fl-8"/>
      </object_component>
      <object_component id="oc-25d">
         <name>.debug_line</name>
         <load_address>0x1655</load_address>
         <run_address>0x1655</run_address>
         <size>0x35</size>
         <input_file_ref idref="fl-8"/>
      </object_component>
      <object_component id="oc-25f">
         <name>.debug_line</name>
         <load_address>0x168a</load_address>
         <run_address>0x168a</run_address>
         <size>0x35</size>
         <input_file_ref idref="fl-8"/>
      </object_component>
      <object_component id="oc-24d">
         <name>.debug_line</name>
         <load_address>0x16bf</load_address>
         <run_address>0x16bf</run_address>
         <size>0x35</size>
         <input_file_ref idref="fl-8"/>
      </object_component>
      <object_component id="oc-24b">
         <name>.debug_line</name>
         <load_address>0x16f4</load_address>
         <run_address>0x16f4</run_address>
         <size>0x35</size>
         <input_file_ref idref="fl-8"/>
      </object_component>
      <object_component id="oc-247">
         <name>.debug_line</name>
         <load_address>0x1729</load_address>
         <run_address>0x1729</run_address>
         <size>0x35</size>
         <input_file_ref idref="fl-8"/>
      </object_component>
      <object_component id="oc-249">
         <name>.debug_line</name>
         <load_address>0x175e</load_address>
         <run_address>0x175e</run_address>
         <size>0x35</size>
         <input_file_ref idref="fl-8"/>
      </object_component>
      <object_component id="oc-87">
         <name>.debug_line</name>
         <load_address>0x1793</load_address>
         <run_address>0x1793</run_address>
         <size>0xb3c</size>
         <input_file_ref idref="fl-8"/>
      </object_component>
      <object_component id="oc-158">
         <name>.debug_line</name>
         <load_address>0x22cf</load_address>
         <run_address>0x22cf</run_address>
         <size>0x35</size>
         <input_file_ref idref="fl-8"/>
      </object_component>
      <object_component id="oc-23b">
         <name>.debug_line</name>
         <load_address>0x2304</load_address>
         <run_address>0x2304</run_address>
         <size>0x72</size>
         <input_file_ref idref="fl-8"/>
      </object_component>
      <object_component id="oc-15d">
         <name>.debug_line</name>
         <load_address>0x2376</load_address>
         <run_address>0x2376</run_address>
         <size>0x9a</size>
         <input_file_ref idref="fl-a"/>
      </object_component>
      <object_component id="oc-12d">
         <name>.debug_line</name>
         <load_address>0x2410</load_address>
         <run_address>0x2410</run_address>
         <size>0x4a</size>
         <input_file_ref idref="fl-a"/>
      </object_component>
      <object_component id="oc-15b">
         <name>.debug_line</name>
         <load_address>0x245a</load_address>
         <run_address>0x245a</run_address>
         <size>0x4a</size>
         <input_file_ref idref="fl-a"/>
      </object_component>
      <object_component id="oc-37">
         <name>.debug_line</name>
         <load_address>0x24a4</load_address>
         <run_address>0x24a4</run_address>
         <size>0x143</size>
         <input_file_ref idref="fl-a"/>
      </object_component>
      <object_component id="oc-31">
         <name>.debug_line</name>
         <load_address>0x25e7</load_address>
         <run_address>0x25e7</run_address>
         <size>0xe6</size>
         <input_file_ref idref="fl-b"/>
      </object_component>
      <object_component id="oc-2c5">
         <name>.debug_line</name>
         <load_address>0x26cd</load_address>
         <run_address>0x26cd</run_address>
         <size>0x70</size>
         <input_file_ref idref="fl-c"/>
      </object_component>
      <object_component id="oc-2c3">
         <name>.debug_line</name>
         <load_address>0x273d</load_address>
         <run_address>0x273d</run_address>
         <size>0x47</size>
         <input_file_ref idref="fl-c"/>
      </object_component>
      <object_component id="oc-2ba">
         <name>.debug_line</name>
         <load_address>0x2784</load_address>
         <run_address>0x2784</run_address>
         <size>0x47</size>
         <input_file_ref idref="fl-c"/>
      </object_component>
      <object_component id="oc-2c1">
         <name>.debug_line</name>
         <load_address>0x27cb</load_address>
         <run_address>0x27cb</run_address>
         <size>0x47</size>
         <input_file_ref idref="fl-c"/>
      </object_component>
      <object_component id="oc-2b8">
         <name>.debug_line</name>
         <load_address>0x2812</load_address>
         <run_address>0x2812</run_address>
         <size>0x47</size>
         <input_file_ref idref="fl-c"/>
      </object_component>
      <object_component id="oc-147">
         <name>.debug_line</name>
         <load_address>0x2859</load_address>
         <run_address>0x2859</run_address>
         <size>0x11a</size>
         <input_file_ref idref="fl-c"/>
      </object_component>
      <object_component id="oc-2be">
         <name>.debug_line</name>
         <load_address>0x2973</load_address>
         <run_address>0x2973</run_address>
         <size>0x47</size>
         <input_file_ref idref="fl-c"/>
      </object_component>
      <object_component id="oc-284">
         <name>.debug_line</name>
         <load_address>0x29ba</load_address>
         <run_address>0x29ba</run_address>
         <size>0x8e</size>
         <input_file_ref idref="fl-d"/>
      </object_component>
      <object_component id="oc-282">
         <name>.debug_line</name>
         <load_address>0x2a48</load_address>
         <run_address>0x2a48</run_address>
         <size>0x40</size>
         <input_file_ref idref="fl-d"/>
      </object_component>
      <object_component id="oc-aa">
         <name>.debug_line</name>
         <load_address>0x2a88</load_address>
         <run_address>0x2a88</run_address>
         <size>0x114</size>
         <input_file_ref idref="fl-d"/>
      </object_component>
      <object_component id="oc-da">
         <name>.debug_line</name>
         <load_address>0x2b9c</load_address>
         <run_address>0x2b9c</run_address>
         <size>0x8e</size>
         <input_file_ref idref="fl-ca"/>
      </object_component>
      <object_component id="oc-df">
         <name>.debug_line</name>
         <load_address>0x2c2a</load_address>
         <run_address>0x2c2a</run_address>
         <size>0x67</size>
         <input_file_ref idref="fl-cb"/>
      </object_component>
      <object_component id="oc-d5">
         <name>.debug_line</name>
         <load_address>0x2c91</load_address>
         <run_address>0x2c91</run_address>
         <size>0x57</size>
         <input_file_ref idref="fl-cc"/>
      </object_component>
      <object_component id="oc-50">
         <name>.debug_line</name>
         <load_address>0x2ce8</load_address>
         <run_address>0x2ce8</run_address>
         <size>0x88</size>
         <input_file_ref idref="fl-cd"/>
      </object_component>
      <object_component id="oc-10f">
         <name>.debug_line</name>
         <load_address>0x2d70</load_address>
         <run_address>0x2d70</run_address>
         <size>0x79</size>
         <input_file_ref idref="fl-ce"/>
      </object_component>
      <object_component id="oc-1e2">
         <name>.debug_line</name>
         <load_address>0x2de9</load_address>
         <run_address>0x2de9</run_address>
         <size>0x92</size>
         <input_file_ref idref="fl-d0"/>
      </object_component>
      <object_component id="oc-60">
         <name>.debug_line</name>
         <load_address>0x2e7b</load_address>
         <run_address>0x2e7b</run_address>
         <size>0x53</size>
         <input_file_ref idref="fl-d0"/>
      </object_component>
      <object_component id="oc-108">
         <name>.debug_line</name>
         <load_address>0x2ece</load_address>
         <run_address>0x2ece</run_address>
         <size>0x34</size>
         <input_file_ref idref="fl-d0"/>
      </object_component>
      <object_component id="oc-1df">
         <name>.debug_line</name>
         <load_address>0x2f02</load_address>
         <run_address>0x2f02</run_address>
         <size>0x92</size>
         <input_file_ref idref="fl-d0"/>
      </object_component>
      <object_component id="oc-103">
         <name>.debug_line</name>
         <load_address>0x2f94</load_address>
         <run_address>0x2f94</run_address>
         <size>0x20</size>
         <input_file_ref idref="fl-d1"/>
      </object_component>
      <object_component id="oc-20">
         <name>.debug_line</name>
         <load_address>0x2fb4</load_address>
         <run_address>0x2fb4</run_address>
         <size>0x55</size>
         <input_file_ref idref="fl-d1"/>
      </object_component>
      <object_component id="oc-55">
         <name>.debug_line</name>
         <load_address>0x3009</load_address>
         <run_address>0x3009</run_address>
         <size>0x3a</size>
         <input_file_ref idref="fl-d1"/>
      </object_component>
      <object_component id="oc-100">
         <name>.debug_line</name>
         <load_address>0x3043</load_address>
         <run_address>0x3043</run_address>
         <size>0x92</size>
         <input_file_ref idref="fl-d1"/>
      </object_component>
      <object_component id="oc-1db">
         <name>.debug_line</name>
         <load_address>0x30d5</load_address>
         <run_address>0x30d5</run_address>
         <size>0x20</size>
         <input_file_ref idref="fl-d2"/>
      </object_component>
      <object_component id="oc-19">
         <name>.debug_line</name>
         <load_address>0x30f5</load_address>
         <run_address>0x30f5</run_address>
         <size>0xa9</size>
         <input_file_ref idref="fl-d2"/>
      </object_component>
      <object_component id="oc-45">
         <name>.debug_line</name>
         <load_address>0x319e</load_address>
         <run_address>0x319e</run_address>
         <size>0x3a</size>
         <input_file_ref idref="fl-d2"/>
      </object_component>
      <object_component id="oc-1d8">
         <name>.debug_line</name>
         <load_address>0x31d8</load_address>
         <run_address>0x31d8</run_address>
         <size>0x9a</size>
         <input_file_ref idref="fl-d2"/>
      </object_component>
      <object_component id="oc-f9">
         <name>.debug_line</name>
         <load_address>0x3272</load_address>
         <run_address>0x3272</run_address>
         <size>0x96</size>
         <input_file_ref idref="fl-d2"/>
      </object_component>
      <object_component id="oc-7d">
         <name>.debug_line</name>
         <load_address>0x3308</load_address>
         <run_address>0x3308</run_address>
         <size>0x33</size>
         <input_file_ref idref="fl-d3"/>
      </object_component>
      <object_component id="oc-6f">
         <name>.debug_line</name>
         <load_address>0x333b</load_address>
         <run_address>0x333b</run_address>
         <size>0x45</size>
         <input_file_ref idref="fl-d3"/>
      </object_component>
      <object_component id="oc-2e3">
         <name>.debug_line</name>
         <load_address>0x3380</load_address>
         <run_address>0x3380</run_address>
         <size>0xbf</size>
         <input_file_ref idref="fl-d5"/>
      </object_component>
      <object_component id="oc-209">
         <name>.debug_line</name>
         <load_address>0x343f</load_address>
         <run_address>0x343f</run_address>
         <size>0x6f</size>
         <input_file_ref idref="fl-d5"/>
      </object_component>
      <object_component id="oc-2e7">
         <name>.debug_line</name>
         <load_address>0x34ae</load_address>
         <run_address>0x34ae</run_address>
         <size>0x2e</size>
         <input_file_ref idref="fl-d5"/>
      </object_component>
      <object_component id="oc-2fb">
         <name>.debug_line</name>
         <load_address>0x34dc</load_address>
         <run_address>0x34dc</run_address>
         <size>0x9a</size>
         <input_file_ref idref="fl-d5"/>
      </object_component>
      <object_component id="oc-2ec">
         <name>.debug_line</name>
         <load_address>0x3576</load_address>
         <run_address>0x3576</run_address>
         <size>0x97</size>
         <input_file_ref idref="fl-d5"/>
      </object_component>
      <object_component id="oc-2f1">
         <name>.debug_line</name>
         <load_address>0x360d</load_address>
         <run_address>0x360d</run_address>
         <size>0x93</size>
         <input_file_ref idref="fl-d5"/>
      </object_component>
      <object_component id="oc-114">
         <name>.debug_line</name>
         <load_address>0x36a0</load_address>
         <run_address>0x36a0</run_address>
         <size>0x40</size>
         <input_file_ref idref="fl-d6"/>
      </object_component>
      <object_component id="oc-1fb">
         <name>.debug_line</name>
         <load_address>0x36e0</load_address>
         <run_address>0x36e0</run_address>
         <size>0x3c</size>
         <input_file_ref idref="fl-d8"/>
      </object_component>
      <object_component id="oc-26d">
         <name>.debug_line</name>
         <load_address>0x371c</load_address>
         <run_address>0x371c</run_address>
         <size>0x82</size>
         <input_file_ref idref="fl-db"/>
      </object_component>
      <object_component id="oc-2d2">
         <name>.debug_line</name>
         <load_address>0x379e</load_address>
         <run_address>0x379e</run_address>
         <size>0x7d</size>
         <input_file_ref idref="fl-db"/>
      </object_component>
      <object_component id="oc-194">
         <name>.debug_line</name>
         <load_address>0x381b</load_address>
         <run_address>0x381b</run_address>
         <size>0x93</size>
         <input_file_ref idref="fl-db"/>
      </object_component>
      <object_component id="oc-a5">
         <name>.debug_line</name>
         <load_address>0x38ae</load_address>
         <run_address>0x38ae</run_address>
         <size>0x92</size>
         <input_file_ref idref="fl-db"/>
      </object_component>
      <object_component id="oc-1b2">
         <name>.debug_line</name>
         <load_address>0x3940</load_address>
         <run_address>0x3940</run_address>
         <size>0x95</size>
         <input_file_ref idref="fl-db"/>
      </object_component>
      <object_component id="oc-1a6">
         <name>.debug_line</name>
         <load_address>0x39d5</load_address>
         <run_address>0x39d5</run_address>
         <size>0xc4</size>
         <input_file_ref idref="fl-db"/>
      </object_component>
      <object_component id="oc-18e">
         <name>.debug_line</name>
         <load_address>0x3a99</load_address>
         <run_address>0x3a99</run_address>
         <size>0x99</size>
         <input_file_ref idref="fl-db"/>
      </object_component>
      <object_component id="oc-188">
         <name>.debug_line</name>
         <load_address>0x3b32</load_address>
         <run_address>0x3b32</run_address>
         <size>0x99</size>
         <input_file_ref idref="fl-db"/>
      </object_component>
      <object_component id="oc-19d">
         <name>.debug_line</name>
         <load_address>0x3bcb</load_address>
         <run_address>0x3bcb</run_address>
         <size>0x99</size>
         <input_file_ref idref="fl-db"/>
      </object_component>
      <object_component id="oc-197">
         <name>.debug_line</name>
         <load_address>0x3c64</load_address>
[...]
      </symbol>
      <symbol id="sm-196">
         <name>xQueueGiveMutexRecursive</name>
         <value>0x1b5b</value>
         <object_component_ref idref="oc-9b"/>
      </symbol>
      <symbol id="sm-197">
         <name>vQueueUnregisterQueue</name>
         <value>0x231f</value>
         <object_component_ref idref="oc-9b"/>
      </symbol>
      <symbol id="sm-198">
         <name>xQueueGiveFromISR</name>
         <value>0x1d93</value>
         <object_component_ref idref="oc-9b"/>
      </symbol>
      <symbol id="sm-199">
         <name>uxQueueMessagesWaitingFromISR</name>
         <value>0x2085</value>
         <object_component_ref idref="oc-9b"/>
      </symbol>
      <symbol id="sm-19a">
         <name>uxQueueGetQueueNumber</name>
         <value>0x20ad</value>
         <object_component_ref idref="oc-9b"/>
      </symbol>
      <symbol id="sm-19b">
         <name>xQueueGenericReceive</name>
         <value>0x1e13</value>
         <object_component_ref idref="oc-9b"/>
      </symbol>
      <symbol id="sm-19c">
         <name>xQueueTakeMutexRecursive</name>
         <value>0x1b97</value>
         <object_component_ref idref="oc-9b"/>
      </symbol>
      <symbol id="sm-19d">
         <name>vQueueDelete</name>
         <value>0x2097</value>
         <object_component_ref idref="oc-9b"/>
      </symbol>
      <symbol id="sm-19e">
         <name>ucQueueGetQueueType</name>
         <value>0x20cd</value>
         <object_component_ref idref="oc-9b"/>
      </symbol>
      <symbol id="sm-364">
         <name>vTaskDelay</name>
         <value>0x4c7</value>
         <object_component_ref idref="oc-85"/>
      </symbol>
      <symbol id="sm-365">
         <name>vTaskSuspendAll</name>
         <value>0x935</value>
         <object_component_ref idref="oc-85"/>
      </symbol>
      <symbol id="sm-366">
         <name>vTaskPriorityInherit</name>
         <value>0x13ad</value>
         <object_component_ref idref="oc-85"/>
      </symbol>
      <symbol id="sm-367">
         <name>vTaskPlaceOnEventList</name>
         <value>0xcf9</value>
         <object_component_ref idref="oc-85"/>
      </symbol>
      <symbol id="sm-368">
         <name>vTaskSetTaskNumber</name>
         <value>0xf8d</value>
         <object_component_ref idref="oc-85"/>
      </symbol>
      <symbol id="sm-369">
         <name>uxTaskPriorityGetFromISR</name>
         <value>0x551</value>
         <object_component_ref idref="oc-85"/>
      </symbol>
      <symbol id="sm-36a">
         <name>ulTaskNotifyTake</name>
         <value>0x153d</value>
         <object_component_ref idref="oc-85"/>
      </symbol>
      <symbol id="sm-36b">
         <name>xTaskCheckForTimeOut</name>
         <value>0xee1</value>
         <object_component_ref idref="oc-85"/>
      </symbol>
      <symbol id="sm-36c">
         <name>xTaskRemoveFromUnorderedEventList</name>
         <value>0xe51</value>
         <object_component_ref idref="oc-85"/>
      </symbol>
      <symbol id="sm-36d">
         <name>vTaskPrioritySet</name>
         <value>0x5a9</value>
         <object_component_ref idref="oc-85"/>
      </symbol>
      <symbol id="sm-36e">
         <name>xTaskPriorityDisinherit</name>
         <value>0x1467</value>
         <object_component_ref idref="oc-85"/>
      </symbol>
      <symbol id="sm-36f">
         <name>vTaskStartScheduler</name>
         <value>0x8c1</value>
         <object_component_ref idref="oc-85"/>
      </symbol>
      <symbol id="sm-370">
         <name>xTaskNotifyStateClear</name>
         <value>0x1987</value>
         <object_component_ref idref="oc-85"/>
      </symbol>
      <symbol id="sm-371">
         <name>pvTaskIncrementMutexHeldCount</name>
         <value>0x1525</value>
         <object_component_ref idref="oc-85"/>
      </symbol>
      <symbol id="sm-372">
         <name>uxTaskGetStackHighWaterMark</name>
         <value>0x1301</value>
         <object_component_ref idref="oc-85"/>
      </symbol>
      <symbol id="sm-373">
         <name>xTaskGenericNotify</name>
         <value>0x16e7</value>
         <object_component_ref idref="oc-85"/>
      </symbol>
      <symbol id="sm-374">
         <name>vTaskDelayUntil</name>
         <value>0x41f</value>
         <object_component_ref idref="oc-85"/>
      </symbol>
      <symbol id="sm-375">
         <name>uxTaskGetTaskNumber</name>
         <value>0xf6d</value>
         <object_component_ref idref="oc-85"/>
      </symbol>
      <symbol id="sm-376">
         <name>vTaskEndScheduler</name>
         <value>0x919</value>
         <object_component_ref idref="oc-85"/>
      </symbol>
      <symbol id="sm-377">
         <name>xTaskNotifyWait</name>
         <value>0x1601</value>
         <object_component_ref idref="oc-85"/>
      </symbol>
      <symbol id="sm-378">
         <name>vTaskMissedYield</name>
         <value>0xf5b</value>
         <object_component_ref idref="oc-85"/>
      </symbol>
      <symbol id="sm-379">
         <name>uxTaskGetNumberOfTasks</name>
         <value>0xa49</value>
         <object_component_ref idref="oc-85"/>
      </symbol>
      <symbol id="sm-37a">
         <name>xTaskGenericNotifyFromISR</name>
         <value>0x17d9</value>
         <object_component_ref idref="oc-85"/>
      </symbol>
      <symbol id="sm-37b">
         <name>uxTaskPriorityGet</name>
         <value>0x523</value>
         <object_component_ref idref="oc-85"/>
      </symbol>
      <symbol id="sm-37c">
         <name>xTaskResumeAll</name>
         <value>0x94d</value>
         <object_component_ref idref="oc-85"/>
      </symbol>
      <symbol id="sm-37d">
         <name>xTaskGetTickCount</name>
         <value>0xa21</value>
         <object_component_ref idref="oc-85"/>
      </symbol>
      <symbol id="sm-37e">
         <name>xTaskGenericCreate</name>
         <value>0x26d</value>
         <object_component_ref idref="oc-85"/>
      </symbol>
      <symbol id="sm-37f">
         <name>uxTaskGetSystemState</name>
         <value>0xa55</value>
         <object_component_ref idref="oc-85"/>
      </symbol>
      <symbol id="sm-380">
         <name>vTaskDelete</name>
         <value>0x383</value>
         <object_component_ref idref="oc-85"/>
      </symbol>
      <symbol id="sm-381">
         <name>pxCurrentTCB</name>
         <value>0x20005320</value>
         <object_component_ref idref="oc-7f"/>
      </symbol>
      <symbol id="sm-382">
         <name>vTaskNotifyGiveFromISR</name>
         <value>0x18e1</value>
         <object_component_ref idref="oc-85"/>
      </symbol>
      <symbol id="sm-383">
         <name>vTaskSuspend</name>
         <value>0x6bd</value>
         <object_component_ref idref="oc-85"/>
      </symbol>
      <symbol id="sm-384">
         <name>xTaskGetTickCountFromISR</name>
         <value>0xa31</value>
         <object_component_ref idref="oc-85"/>
      </symbol>
      <symbol id="sm-385">
         <name>vTaskResume</name>
         <value>0x7af</value>
         <object_component_ref idref="oc-85"/>
      </symbol>
      <symbol id="sm-386">
         <name>vTaskSetTimeOutState</name>
         <value>0xec3</value>
         <object_component_ref idref="oc-85"/>
      </symbol>
      <symbol id="sm-387">
         <name>xTaskIncrementTick</name>
         <value>0xb29</value>
         <object_component_ref idref="oc-85"/>
      </symbol>
      <symbol id="sm-388">
         <name>vTaskSwitchContext</name>
         <value>0xc4d</value>
         <object_component_ref idref="oc-85"/>
      </symbol>
      <symbol id="sm-389">
         <name>uxTaskResetEventItemValue</name>
         <value>0x1503</value>
         <object_component_ref idref="oc-85"/>
      </symbol>
      <symbol id="sm-38a">
         <name>xTaskResumeFromISR</name>
         <value>0x831</value>
         <object_component_ref idref="oc-85"/>
      </symbol>
      <symbol id="sm-38b">
         <name>xTaskGetCurrentTaskHandle</name>
         <value>0x138f</value>
         <object_component_ref idref="oc-85"/>
      </symbol>
      <symbol id="sm-38c">
         <name>vTaskPlaceOnUnorderedEventList</name>
         <value>0xd61</value>
         <object_component_ref idref="oc-85"/>
      </symbol>
      <symbol id="sm-38d">
         <name>xTaskRemoveFromEventList</name>
         <value>0xdd5</value>
         <object_component_ref idref="oc-85"/>
      </symbol>
      <symbol id="sm-3bd">
         <name>ulMaxSyscallInterruptPriority</name>
         <value>0x3578</value>
         <object_component_ref idref="oc-82"/>
      </symbol>
      <symbol id="sm-3be">
         <name>vPortSetupTimerInterrupt</name>
         <value>0x2c87</value>
         <object_component_ref idref="oc-32"/>
      </symbol>
      <symbol id="sm-3bf">
         <name>vPortEndScheduler</name>
         <value>0x2c29</value>
         <object_component_ref idref="oc-32"/>
      </symbol>
      <symbol id="sm-3c0">
         <name>xPortSysTickHandler</name>
         <value>0x2c61</value>
         <object_component_ref idref="oc-32"/>
      </symbol>
      <symbol id="sm-3c1">
         <name>pxPortInitialiseStack</name>
         <value>0x2b8d</value>
         <object_component_ref idref="oc-32"/>
      </symbol>
      <symbol id="sm-3c2">
         <name>vPortExitCritical</name>
         <value>0x2c4b</value>
         <object_component_ref idref="oc-32"/>
      </symbol>
      <symbol id="sm-3c3">
         <name>xPortStartScheduler</name>
         <value>0x2bf3</value>
         <object_component_ref idref="oc-32"/>
      </symbol>
      <symbol id="sm-3c4">
         <name>vPortEnterCritical</name>
         <value>0x2c2b</value>
         <object_component_ref idref="oc-32"/>
      </symbol>
      <symbol id="sm-3d3">
         <name>vPortStartFirstTask</name>
         <value>0x2f4d</value>
         <object_component_ref idref="oc-2d"/>
      </symbol>
      <symbol id="sm-3d4">
         <name>ulPortGetIPSR</name>
         <value>0x2eb5</value>
         <object_component_ref idref="oc-2d"/>
      </symbol>
      <symbol id="sm-3d5">
         <name>vPortEnableVFP</name>
         <value>0x2f69</value>
         <object_component_ref idref="oc-2d"/>
      </symbol>
      <symbol id="sm-3d6">
         <name>xPortPendSVHandler</name>
         <value>0x2ecd</value>
         <object_component_ref idref="oc-2d"/>
      </symbol>
      <symbol id="sm-3d7">
         <name>vPortSVCHandler</name>
         <value>0x2f2d</value>
         <object_component_ref idref="oc-2d"/>
      </symbol>
      <symbol id="sm-41e">
         <name>vPortInitialiseBlocks</name>
         <value>0x2899</value>
         <object_component_ref idref="oc-143"/>
      </symbol>
      <symbol id="sm-41f">
         <name>xPortGetFreeHeapSize</name>
         <value>0x2893</value>
         <object_component_ref idref="oc-143"/>
      </symbol>
      <symbol id="sm-420">
         <name>pvPortMalloc</name>
         <value>0x273d</value>
         <object_component_ref idref="oc-143"/>
      </symbol>
      <symbol id="sm-421">
         <name>vPortFree</name>
         <value>0x2835</value>
         <object_component_ref idref="oc-143"/>
      </symbol>
      <symbol id="sm-452">
         <name>LEDWrite</name>
         <value>0x23eb</value>
         <object_component_ref idref="oc-a7"/>
      </symbol>
      <symbol id="sm-453">
         <name>LEDRead</name>
         <value>0x2459</value>
         <object_component_ref idref="oc-a7"/>
      </symbol>
      <symbol id="sm-454">
         <name>PinoutSet</name>
         <value>0x2361</value>
         <object_component_ref idref="oc-a7"/>
      </symbol>
      <symbol id="sm-455">
         <name>ButtonsInit</name>
         <value>0x251b</value>
         <object_component_ref idref="oc-a7"/>
      </symbol>
      <symbol id="sm-456">
         <name>ButtonsPoll</name>
         <value>0x247b</value>
         <object_component_ref idref="oc-a7"/>
      </symbol>
      <symbol id="sm-463">
         <name>__aeabi_dmul</name>
         <value>0x2cb5</value>
         <object_component_ref idref="oc-d6"/>
      </symbol>
      <symbol id="sm-46f">
         <name>__aeabi_d2f</name>
         <value>0x308d</value>
         <object_component_ref idref="oc-db"/>
      </symbol>
      <symbol id="sm-47a">
         <name>__aeabi_f2d</name>
         <value>0x32f9</value>
         <object_component_ref idref="oc-d1"/>
      </symbol>
      <symbol id="sm-495">
         <name>memcpy</name>
         <value>0x2f77</value>
         <object_component_ref idref="oc-4c"/>
      </symbol>
      <symbol id="sm-496">
         <name>__aeabi_memcpy</name>
         <value>0x2f77</value>
         <object_component_ref idref="oc-4c"/>
      </symbol>
      <symbol id="sm-497">
         <name>__aeabi_memcpy8</name>
         <value>0x2f77</value>
         <object_component_ref idref="oc-4c"/>
      </symbol>
      <symbol id="sm-498">
         <name>__aeabi_memcpy4</name>
         <value>0x2f77</value>
         <object_component_ref idref="oc-4c"/>
      </symbol>
      <symbol id="sm-4a7">
         <name>__aeabi_memset</name>
         <value>0x3015</value>
         <object_component_ref idref="oc-10b"/>
      </symbol>
      <symbol id="sm-4a8">
         <name>memset</name>
         <value>0x301b</value>
         <object_component_ref idref="oc-10b"/>
      </symbol>
      <symbol id="sm-4a9">
         <name>__aeabi_memset8</name>
         <value>0x3015</value>
         <object_component_ref idref="oc-10b"/>
      </symbol>
      <symbol id="sm-4aa">
         <name>__aeabi_memset4</name>
         <value>0x3015</value>
         <object_component_ref idref="oc-10b"/>
      </symbol>
      <symbol id="sm-4ab">
         <name>__aeabi_memclr8</name>
         <value>0x3013</value>
         <object_component_ref idref="oc-10b"/>
      </symbol>
      <symbol id="sm-4ac">
         <name>__aeabi_memclr4</name>
         <value>0x3013</value>
         <object_component_ref idref="oc-10b"/>
      </symbol>
      <symbol id="sm-4ad">
         <name>__aeabi_memclr</name>
         <value>0x3013</value>
         <object_component_ref idref="oc-10b"/>
      </symbol>
      <symbol id="sm-4c5">
         <name>__TI_zero_init</name>
         <value>0x349b</value>
         <object_component_ref idref="oc-5e"/>
      </symbol>
      <symbol id="sm-4dc">
         <name>__TI_decompress_none</name>
         <value>0x3469</value>
         <object_component_ref idref="oc-1b"/>
      </symbol>
      <symbol id="sm-4ff">
         <name>__TI_decompress_lzss</name>
         <value>0x3165</value>
         <object_component_ref idref="oc-15"/>
      </symbol>
      <symbol id="sm-512">
         <name>__stack</name>
         <value>0x20005120</value>
         <object_component_ref idref="oc-24"/>
      </symbol>
      <symbol id="sm-513">
         <name>_c_int00_noargs</name>
         <value>0x3365</value>
         <object_component_ref idref="oc-6a"/>
      </symbol>
      <symbol id="sm-53c">
         <name>__TI_auto_init_nobinit_nopinit</name>
         <value>0x3271</value>
         <object_component_ref idref="oc-204"/>
      </symbol>
      <symbol id="sm-546">
         <name>_system_pre_init</name>
         <value>0x34cb</value>
         <object_component_ref idref="oc-111"/>
      </symbol>
      <symbol id="sm-552">
         <name>C$$EXIT</name>
         <value>0x34cf</value>
         <object_component_ref idref="oc-1f8"/>
      </symbol>
      <symbol id="sm-553">
         <name>abort</name>
         <value>0x34cf</value>
         <object_component_ref idref="oc-1f8"/>
      </symbol>
      <symbol id="sm-5f5">
         <name>GPIOPinConfigure</name>
         <value>0x3225</value>
         <object_component_ref idref="oc-17e"/>
      </symbol>
      <symbol id="sm-5f6">
         <name>GPIOPinTypeUSBAnalog</name>
         <value>0x3425</value>
         <object_component_ref idref="oc-18a"/>
      </symbol>
      <symbol id="sm-5f7">
         <name>GPIOIntEnable</name>
         <value>0x348f</value>
         <object_component_ref idref="oc-b3"/>
      </symbol>
      <symbol id="sm-5f8">
         <name>GPIOIntTypeSet</name>
         <value>0x31cd</value>
         <object_component_ref idref="oc-ad"/>
      </symbol>
      <symbol id="sm-5f9">
         <name>GPIOPinTypeGPIOInput</name>
         <value>0x33f9</value>
         <object_component_ref idref="oc-196"/>
      </symbol>
      <symbol id="sm-5fa">
         <name>GPIOIntClear</name>
         <value>0x34b3</value>
         <object_component_ref idref="oc-cb"/>
      </symbol>
      <symbol id="sm-5fb">
         <name>GPIOPinTypeUART</name>
         <value>0x340f</value>
         <object_component_ref idref="oc-184"/>
      </symbol>
      <symbol id="sm-5fc">
         <name>GPIOIntStatus</name>
         <value>0x345b</value>
         <object_component_ref idref="oc-c5"/>
      </symbol>
      <symbol id="sm-5fd">
         <name>GPIOPinTypeGPIOOutput</name>
         <value>0x33c5</value>
         <object_component_ref idref="oc-19c"/>
      </symbol>
      <symbol id="sm-5fe">
         <name>GPIOPinRead</name>
         <value>0x34b9</value>
         <object_component_ref idref="oc-1a8"/>
      </symbol>
      <symbol id="sm-5ff">
         <name>GPIODirModeSet</name>
         <value>0x3399</value>
         <object_component_ref idref="oc-1ae"/>
      </symbol>
      <symbol id="sm-600">
         <name>GPIOPinWrite</name>
         <value>0x34bf</value>
         <object_component_ref idref="oc-a1"/>
      </symbol>
      <symbol id="sm-601">
         <name>GPIOPadConfigSet</name>
         <value>0x28f5</value>
         <object_component_ref idref="oc-1a2"/>
      </symbol>
      <symbol id="sm-602">
         <name>GPIOUnlockPin</name>
         <value>0x33e1</value>
         <object_component_ref idref="oc-190"/>
      </symbol>
      <symbol id="sm-633">
         <name>IntEnable</name>
         <value>0x30fd</value>
         <object_component_ref idref="oc-b9"/>
      </symbol>
      <symbol id="sm-634">
         <name>IntMasterDisable</name>
         <value>0x343b</value>
         <object_component_ref idref="oc-1eb"/>
      </symbol>
      <symbol id="sm-635">
         <name>IntMasterEnable</name>
         <value>0x344b</value>
         <object_component_ref idref="oc-bf"/>
      </symbol>
      <symbol id="sm-660">
         <name>SysCtlClockSet</name>
         <value>0x2db1</value>
         <object_component_ref idref="oc-1e5"/>
      </symbol>
      <symbol id="sm-661">
         <name>SysCtlDelay</name>
         <value>0x34c5</value>
         <object_component_ref idref="oc-28a"/>
      </symbol>
      <symbol id="sm-662">
         <name>SysCtlPeripheralEnable</name>
         <value>0x3331</value>
         <object_component_ref idref="oc-178"/>
      </symbol>
      <symbol id="sm-675">
         <name>CPUcpsie</name>
         <value>0x3483</value>
         <object_component_ref idref="oc-1c0"/>
      </symbol>
      <symbol id="sm-676">
         <name>CPUcpsid</name>
         <value>0x3477</value>
         <object_component_ref idref="oc-28c"/>
      </symbol>
      <symbol id="sm-677">
         <name>__TI_static_base__</name>
         <value>0x0</value>
      </symbol>
      <symbol id="sm-67a">
         <name>__mpu_init</name>
         <value>0x0</value>
      </symbol>
      <symbol id="sm-67b">
         <name>_system_post_cinit</name>
         <value>0x0</value>
      </symbol>
   </symbol_table>
   <title>Link successful</title>
</link_info>
